Archive member included because of file (symbol)

c:/program files (x86)/atmel/atmel studio 6.0/extensions/atmel/avrgcc/3.4.1.95/avrtoolchain/bin/../lib/gcc/avr32/4.4.3/../../../../avr32/lib/ucr1\libc.a(lib_a-ctype_.o)
                              src/asf/avr32/services/fs/fat/navigation.o (__ctype_ptr)
c:/program files (x86)/atmel/atmel studio 6.0/extensions/atmel/avrgcc/3.4.1.95/avrtoolchain/bin/../lib/gcc/avr32/4.4.3/../../../../avr32/lib/ucr1\libc.a(lib_a-memcmp.o)
                              src/asf/avr32/services/fs/fat/fat_unusual.o (memcmp)
c:/program files (x86)/atmel/atmel studio 6.0/extensions/atmel/avrgcc/3.4.1.95/avrtoolchain/bin/../lib/gcc/avr32/4.4.3/../../../../avr32/lib/ucr1\libc.a(lib_a-memcpy.o)
                              src/asf/avr32/services/fs/fat/fat.o (memcpy)
c:/program files (x86)/atmel/atmel studio 6.0/extensions/atmel/avrgcc/3.4.1.95/avrtoolchain/bin/../lib/gcc/avr32/4.4.3/../../../../avr32/lib/ucr1\libc.a(lib_a-memset.o)
                              src/asf/avr32/services/fs/fat/fat.o (memset)

Allocating common symbols
Common symbol       size              file

g_segment_dest      0xc               src/asf/avr32/services/fs/fat/navigation.o
fs_gu32_addrsector  0x4               src/asf/avr32/services/fs/fat/fat.o
fs_g_nav_entry      0x10              src/asf/avr32/services/fs/fat/fat.o
pid                 0x2               src/main.o
fs_g_u16_pos_fat    0x2               src/asf/avr32/services/fs/fat/fat.o
data_mem            0x201             src/asf/avr32/components/memory/sd_mmc/sd_mmc_spi/sd_mmc_spi.o
g_b_no_check_disk   0x1               src/asf/avr32/services/fs/fat/fat.o
fs_g_cache_clusterlist
                    0x28              src/asf/avr32/services/fs/fat/fat.o
g_segment_src       0xc               src/asf/avr32/services/fs/fat/navigation.o
fs_g_u32_last_mod_fat
                    0x4               src/asf/avr32/services/fs/fat/fat.o
fs_g_sector         0x200             src/asf/avr32/services/fs/fat/fat.o
capacity            0x4               src/asf/avr32/components/memory/sd_mmc/sd_mmc_spi/sd_mmc_spi.o
fs_g_nav            0x34              src/asf/avr32/services/fs/fat/fat.o
fs_g_u32_first_mod_fat
                    0x4               src/asf/avr32/services/fs/fat/fat.o
fs_g_navext_entry   0x10              src/asf/avr32/services/fs/fat/fat.o
fs_g_navext_fast    0x4               src/asf/avr32/services/fs/fat/fat.o
fs_g_nav_fast       0x4               src/asf/avr32/services/fs/fat/fat.o
fs_g_u8_nav_selected
                    0x1               src/asf/avr32/services/fs/fat/navigation.o
fs_g_status         0x1               src/asf/avr32/services/fs/fat/fat.o
g_b_string_length   0x1               src/asf/avr32/services/fs/fat/fat.o
fs_g_u8_current_cache
                    0x1               src/asf/avr32/services/fs/fat/fat.o
fs_s_u32_size_partition
                    0x4               src/asf/avr32/services/fs/fat/fat_unusual.o
vid                 0x2               src/main.o
capacity_mult       0x2               src/asf/avr32/components/memory/sd_mmc/sd_mmc_spi/sd_mmc_spi.o
udd_g_ctrlreq       0x18              src/asf/avr32/drivers/usbb/usbb_device.o
fs_g_navext         0x34              src/asf/avr32/services/fs/fat/fat.o
fs_g_sectorcache    0x14              src/asf/avr32/services/fs/fat/fat.o
sleepmgr_locks      0x7               src/asf/common/services/sleepmgr/uc3/sleepmgr.o
g_b_unicode         0x1               src/asf/avr32/services/fs/fat/fat.o
fs_g_cluster        0x8               src/asf/avr32/services/fs/fat/fat.o
fs_g_seg            0x8               src/asf/avr32/services/fs/fat/fat.o
erase_group_size    0x2               src/asf/avr32/components/memory/sd_mmc/sd_mmc_spi/sd_mmc_spi.o
sd_mmc_spi_last_block_address
                    0x4               src/asf/avr32/components/memory/sd_mmc/sd_mmc_spi/sd_mmc_spi.o
r2                  0x2               src/asf/avr32/components/memory/sd_mmc/sd_mmc_spi/sd_mmc_spi.o
card_type           0x1               src/asf/avr32/components/memory/sd_mmc/sd_mmc_spi/sd_mmc_spi.o
csd                 0x10              src/asf/avr32/components/memory/sd_mmc/sd_mmc_spi/sd_mmc_spi.o
r1                  0x1               src/asf/avr32/components/memory/sd_mmc/sd_mmc_spi/sd_mmc_spi.o

Discarded input sections

 .text          0x00000000        0x0 src/asf/avr32/boards/evk1101/init.o
 .data          0x00000000        0x0 src/asf/avr32/boards/evk1101/init.o
 .bss           0x00000000        0x0 src/asf/avr32/boards/evk1101/init.o
 .text          0x00000000        0x0 src/asf/avr32/boards/evk1101/led.o
 .data          0x00000000        0x0 src/asf/avr32/boards/evk1101/led.o
 .bss           0x00000000        0x0 src/asf/avr32/boards/evk1101/led.o
 .text.LED_Read_Display
                0x00000000        0xc src/asf/avr32/boards/evk1101/led.o
 .text.LED_Display
                0x00000000       0x54 src/asf/avr32/boards/evk1101/led.o
[...]
Memory Configuration

Name             Origin             Length             Attributes
FLASH            0x80000000         0x00040000         axrl !w
INTRAM           0x00000004         0x00007ffc         axw !rl
USERPAGE         0x80800000         0x00000200
*default*        0x00000000         0xffffffff

Linker script and memory map

                0x00001000                _stack_size = 0x1000
LOAD src/asf/avr32/boards/evk1101/init.o
LOAD src/asf/avr32/boards/evk1101/led.o
LOAD src/asf/avr32/components/memory/sd_mmc/sd_mmc_spi/sd_mmc_spi.o
LOAD src/asf/avr32/components/memory/sd_mmc/sd_mmc_spi/sd_mmc_spi_mem.o
LOAD src/asf/avr32/drivers/flashc/flashc.o
LOAD src/asf/avr32/drivers/gpio/gpio.o
LOAD src/asf/avr32/drivers/intc/exception.o
LOAD src/asf/avr32/drivers/intc/intc.o
LOAD src/asf/avr32/drivers/pm/pm.o
LOAD src/asf/avr32/drivers/pm/pm_conf_clocks.o
LOAD src/asf/avr32/drivers/pm/power_clocks_lib.o
LOAD src/asf/avr32/drivers/spi/spi.o
LOAD src/asf/avr32/drivers/usbb/usbb_device.o
LOAD src/asf/avr32/services/fs/fat/fat.o
LOAD src/asf/avr32/services/fs/fat/fat_unusual.o
LOAD src/asf/avr32/services/fs/fat/file.o
LOAD src/asf/avr32/services/fs/fat/navigation.o
LOAD src/asf/avr32/utils/startup/startup_uc3.o
LOAD src/asf/avr32/utils/startup/trampoline_uc3.o
LOAD src/asf/common/services/clock/uc3b0_b1/sysclk.o
LOAD src/asf/common/services/sleepmgr/uc3/sleepmgr.o
LOAD src/asf/common/services/storage/ctrl_access/ctrl_access.o
LOAD src/asf/common/services/usb/class/hid/device/kbd/udi_hid_kbd.o
LOAD src/asf/common/services/usb/class/hid/device/kbd/udi_hid_kbd_desc.o
LOAD src/asf/common/services/usb/class/hid/device/udi_hid.o
LOAD src/asf/common/services/usb/udc/udc.o
LOAD src/main.o
START GROUP
LOAD c:/program files (x86)/atmel/atmel studio 6.0/extensions/atmel/avrgcc/3.4.1.95/avrtoolchain/bin/../lib/gcc/avr32/4.4.3/../../../../avr32/lib/ucr1\libm.a
END GROUP
LOAD c:/program files (x86)/atmel/atmel studio 6.0/extensions/atmel/avrgcc/3.4.1.95/avrtoolchain/bin/../lib/gcc/avr32/4.4.3/ucr1\libgcc.a
LOAD c:/program files (x86)/atmel/atmel studio 6.0/extensions/atmel/avrgcc/3.4.1.95/avrtoolchain/bin/../lib/gcc/avr32/4.4.3/../../../../avr32/lib/ucr1\libc.a
LOAD c:/program files (x86)/atmel/atmel studio 6.0/extensions/atmel/avrgcc/3.4.1.95/avrtoolchain/bin/../lib/gcc/avr32/4.4.3/ucr1\libgcc.a
                0xffffffff                __max_heap_size__ = 0xffffffff
                [0xffffffff]                __heap_size__ = DEFINED (__heap_size__)?__heap_size__:__max_heap_size__
                [0x00001000]                __stack_size__ = DEFINED (__stack_size__)?__stack_size__:0x1000
                0x80000000                PROVIDE (__executable_start, 0x80000000)
                0x80000000                . = 0x80000000

.interp
 *(.interp)

.reset          0x80000000     0x2004
 *(.reset)
 .reset         0x80000000     0x2004 src/asf/avr32/utils/startup/trampoline_uc3.o
                               0x2008 (size before relaxing)
                0x80000000                _trampoline

.hash
 *(.hash)

.dynsym
 *(.dynsym)

.dynstr
 *(.dynstr)

.gnu.version
 *(.gnu.version)

.gnu.version_d
 *(.gnu.version_d)

.gnu.version_r
 *(.gnu.version_r)

.rel.init
 *(.rel.init)

.rela.init
 *(.rela.init)

.rel.text
 *(.rel.text .rel.text.* .rel.gnu.linkonce.t.*)

.rela.text
 *(.rela.text .rela.text.* .rela.gnu.linkonce.t.*)

.rel.fini
 *(.rel.fini)

.rela.fini
 *(.rela.fini)

.rel.rodata
 *(.rel.rodata .rel.rodata.* .rel.gnu.linkonce.r.*)

.rela.rodata
 *(.rela.rodata .rela.rodata.* .rela.gnu.linkonce.r.*)

.rel.data.rel.ro
 *(.rel.data.rel.ro*)

.rela.data.rel.ro
 *(.rel.data.rel.ro*)

.rel.data
 *(.rel.data .rel.data.* .rel.gnu.linkonce.d.*)

.rela.data
 *(.rela.data .rela.data.* .rela.gnu.linkonce.d.*)

.rel.tdata
 *(.rel.tdata .rel.tdata.* .rel.gnu.linkonce.td.*)

.rela.tdata
 *(.rela.tdata .rela.tdata.* .rela.gnu.linkonce.td.*)

.rel.tbss
 *(.rel.tbss .rel.tbss.* .rel.gnu.linkonce.tb.*)

.rela.tbss
 *(.rela.tbss .rela.tbss.* .rela.gnu.linkonce.tb.*)

.rel.ctors
 *(.rel.ctors)

.rela.ctors
 *(.rela.ctors)

.rel.dtors
 *(.rel.dtors)

.rela.dtors
 *(.rela.dtors)

.rel.got
 *(.rel.got)

.rela.got       0x80002004        0x0
 *(.rela.got)
 .rela.got      0x80002004        0x0 src/asf/avr32/drivers/flashc/flashc.o

.rel.bss
 *(.rel.bss .rel.bss.* .rel.gnu.linkonce.b.*)

.rela.bss
 *(.rela.bss .rela.bss.* .rela.gnu.linkonce.b.*)

.rel.plt
 *(.rel.plt)

.rela.plt
 *(.rela.plt)

.init
 *(.init)

.plt
 *(.plt)

.text           0x80002004     0x5e18
 *(.text .stub .text.* .gnu.linkonce.t.*)
 .text.board_init
                0x80002004       0x58 src/asf/avr32/boards/evk1101/init.o
                0x80002004                board_init
 .text.LED_On   0x8000205c       0x50 src/asf/avr32/boards/evk1101/led.o
                0x8000205c                LED_On
 .text.LED_Off  0x800020ac       0x54 src/asf/avr32/boards/evk1101/led.o
                0x800020ac                LED_Off
 .text.sd_mmc_spi_get_capacity
                0x80002100      0x108 src/asf/avr32/components/memory/sd_mmc/sd_mmc_spi/sd_mmc_spi.o
                0x80002100                sd_mmc_spi_get_capacity
 .text.sd_mmc_spi_write_close
                0x80002208        0x2 src/asf/avr32/components/memory/sd_mmc/sd_mmc_spi/sd_mmc_spi.o
                0x80002208                sd_mmc_spi_write_close
 *fill*         0x8000220a        0x2 d703d703
 .text.sd_mmc_spi_send_and_read
                0x8000220c       0x34 src/asf/avr32/components/memory/sd_mmc/sd_mmc_spi/sd_mmc_spi.o
                0x8000220c                sd_mmc_spi_send_and_read
 .text.sd_mmc_spi_wait_not_busy
                0x80002240       0x58 src/asf/avr32/components/memory/sd_mmc/sd_mmc_spi/sd_mmc_spi.o
                0x80002240                sd_mmc_spi_wait_not_busy
 .text.sd_mmc_spi_write_open
                0x80002298       0x18 src/asf/avr32/components/memory/sd_mmc/sd_mmc_spi/sd_mmc_spi.o
                0x80002298                sd_mmc_spi_write_open
 .text.sd_mmc_spi_read_close
                0x800022b0       0x10 src/asf/avr32/components/memory/sd_mmc/sd_mmc_spi/sd_mmc_spi.o
                0x800022b0                sd_mmc_spi_read_close
 .text.sd_mmc_spi_read_open
                0x800022c0       0x18 src/asf/avr32/components/memory/sd_mmc/sd_mmc_spi/sd_mmc_spi.o
                0x800022c0                sd_mmc_spi_read_open
 .text.sd_mmc_spi_command
                0x800022d8       0xc8 src/asf/avr32/components/memory/sd_mmc/sd_mmc_spi/sd_mmc_spi.o
                0x800022d8                sd_mmc_spi_command
 .text.sd_mmc_spi_send_command
                0x800023a0       0x40 src/asf/avr32/components/memory/sd_mmc/sd_mmc_spi/sd_mmc_spi.o
                0x800023a0                sd_mmc_spi_send_command
 .text.sd_mmc_spi_check_presence
                0x800023e0       0x7c src/asf/avr32/components/memory/sd_mmc/sd_mmc_spi/sd_mmc_spi.o
                0x800023e0                sd_mmc_spi_check_presence
 .text.sd_mmc_spi_write_sector_from_ram
                0x8000245c      0x14c src/asf/avr32/components/memory/sd_mmc/sd_mmc_spi/sd_mmc_spi.o
                0x8000245c                sd_mmc_spi_write_sector_from_ram
 .text.sd_mmc_spi_check_hc
                0x800025a8       0x8c src/asf/avr32/components/memory/sd_mmc/sd_mmc_spi/sd_mmc_spi.o
                0x800025a8                sd_mmc_spi_check_hc
 .text.sd_mmc_spi_get_if
                0x80002634       0xb8 src/asf/avr32/components/memory/sd_mmc/sd_mmc_spi/sd_mmc_spi.o
                0x80002634                sd_mmc_spi_get_if
 .text.sd_mmc_spi_read_sector_to_ram
                0x800026ec      0x150 src/asf/avr32/components/memory/sd_mmc/sd_mmc_spi/sd_mmc_spi.o
                0x800026ec                sd_mmc_spi_read_sector_to_ram
 .text.sd_mmc_spi_get_csd
                0x8000283c       0xf4 src/asf/avr32/components/memory/sd_mmc/sd_mmc_spi/sd_mmc_spi.o
                0x8000283c                sd_mmc_spi_get_csd
 .text.sd_mmc_spi_internal_init
                0x80002930      0x2a8 src/asf/avr32/components/memory/sd_mmc/sd_mmc_spi/sd_mmc_spi.o
                0x80002930                sd_mmc_spi_internal_init
 .text.sd_mmc_spi_mem_check
                0x80002bd8       0x30 src/asf/avr32/components/memory/sd_mmc/sd_mmc_spi/sd_mmc_spi.o
                0x80002bd8                sd_mmc_spi_mem_check
 .text.sd_mmc_spi_init
                0x80002c08       0x34 src/asf/avr32/components/memory/sd_mmc/sd_mmc_spi/sd_mmc_spi.o
                0x80002c08                sd_mmc_spi_init
 .text.sd_mmc_spi_wr_protect
                0x80002c3c        0x2 src/asf/avr32/components/memory/sd_mmc/sd_mmc_spi/sd_mmc_spi_mem.o
                0x80002c3c                sd_mmc_spi_wr_protect
 .text.sd_mmc_spi_removal
                0x80002c3e        0x2 src/asf/avr32/components/memory/sd_mmc/sd_mmc_spi/sd_mmc_spi_mem.o
                0x80002c3e                sd_mmc_spi_removal
 .text.sd_mmc_spi_test_unit_ready
                0x80002c40       0x78 src/asf/avr32/components/memory/sd_mmc/sd_mmc_spi/sd_mmc_spi_mem.o
                0x80002c40                sd_mmc_spi_test_unit_ready
 .text.sd_mmc_spi_mem_init
                0x80002cb8        0xc src/asf/avr32/components/memory/sd_mmc/sd_mmc_spi/sd_mmc_spi_mem.o
                0x80002cb8                sd_mmc_spi_mem_init
 .text.sd_mmc_spi_ram_2_mem
                0x80002cc4       0x68 src/asf/avr32/components/memory/sd_mmc/sd_mmc_spi/sd_mmc_spi_mem.o
                0x80002cc4                sd_mmc_spi_ram_2_mem
 .text.sd_mmc_spi_mem_2_ram
                0x80002d2c       0x64 src/asf/avr32/components/memory/sd_mmc/sd_mmc_spi/sd_mmc_spi_mem.o
                0x80002d2c                sd_mmc_spi_mem_2_ram
 .text.sd_mmc_spi_read_capacity
                0x80002d90       0x40 src/asf/avr32/components/memory/sd_mmc/sd_mmc_spi/sd_mmc_spi_mem.o
                0x80002d90                sd_mmc_spi_read_capacity
 .text.flashc_set_wait_state
                0x80002dd0        0xe src/asf/avr32/drivers/flashc/flashc.o
                0x80002dd0                flashc_set_wait_state
 *fill*         0x80002dde        0x2 d703d703
 .text.flashc_set_bus_freq
                0x80002de0       0x24 src/asf/avr32/drivers/flashc/flashc.o
                0x80002de0                flashc_set_bus_freq
 .text.gpio_enable_module_pin
                0x80002e04       0x52 src/asf/avr32/drivers/gpio/gpio.o
                0x80002e04                gpio_enable_module_pin
 *fill*         0x80002e56        0x2 d703d703
 .text.gpio_enable_module
                0x80002e58       0x30 src/asf/avr32/drivers/gpio/gpio.o
                0x80002e58                gpio_enable_module
 .text.gpio_configure_pin
                0x80002e88       0xb8 src/asf/avr32/drivers/gpio/gpio.o
                0x80002e88                gpio_configure_pin
 .text.gpio_get_pin_value
                0x80002f40       0x16 src/asf/avr32/drivers/gpio/gpio.o
                0x80002f40                gpio_get_pin_value
 .text._unhandled_interrupt
                0x80002f56        0x2 src/asf/avr32/drivers/intc/intc.o
 .text.INTC_register_interrupt
                0x80002f58       0x30 src/asf/avr32/drivers/intc/intc.o
                0x80002f58                INTC_register_interrupt
 .text.INTC_init_interrupts
                0x80002f88       0x54 src/asf/avr32/drivers/intc/intc.o
                0x80002f88                INTC_init_interrupts
 .text._get_interrupt_handler
                0x80002fdc       0x38 src/asf/avr32/drivers/intc/intc.o
                0x80002fdc                _get_interrupt_handler
 .text.getBaudDiv
                0x80003014       0x1a src/asf/avr32/drivers/spi/spi.o
                0x80003014                getBaudDiv
 .text.spi_initMaster
                0x8000302e       0x38 src/asf/avr32/drivers/spi/spi.o
                0x8000302e                spi_initMaster
 .text.spi_selectionMode
                0x80003066       0x2c src/asf/avr32/drivers/spi/spi.o
                0x80003066                spi_selectionMode
 .text.spi_selectChip
                0x80003092       0x4c src/asf/avr32/drivers/spi/spi.o
                0x80003092                spi_selectChip
 .text.spi_unselectChip
                0x800030de       0x28 src/asf/avr32/drivers/spi/spi.o
                0x800030de                spi_unselectChip
 *fill*         0x80003106        0x2 d703d703
 .text.spi_setupChipReg
                0x80003108       0xb8 src/asf/avr32/drivers/spi/spi.o
                0x80003108                spi_setupChipReg
 .text.spi_enable
                0x800031c0        0x6 src/asf/avr32/drivers/spi/spi.o
                0x800031c0                spi_enable
 .text.spi_write
                0x800031c6       0x1c src/asf/avr32/drivers/spi/spi.o
                0x800031c6                spi_write
 .text.spi_read
                0x800031e2       0x20 src/asf/avr32/drivers/spi/spi.o
                0x800031e2                spi_read
 .text.udd_set_address
                0x80003202       0x22 src/asf/avr32/drivers/usbb/usbb_device.o
                0x80003202                udd_set_address
 .text.udd_getaddress
                0x80003224        0xc src/asf/avr32/drivers/usbb/usbb_device.o
                0x80003224                udd_getaddress
 .text.udd_get_frame_number
                0x80003230        0xc src/asf/avr32/drivers/usbb/usbb_device.o
                0x80003230                udd_get_frame_number
 .text.udd_set_setup_payload
                0x8000323c        0xc src/asf/avr32/drivers/usbb/usbb_device.o
                0x8000323c                udd_set_setup_payload
 .text.udd_ep_is_halted
                0x80003248       0x12 src/asf/avr32/drivers/usbb/usbb_device.o
                0x80003248                udd_ep_is_halted
 *fill*         0x8000325a        0x2 d703d703
 .text.udd_ep_clear_halt
                0x8000325c       0x64 src/asf/avr32/drivers/usbb/usbb_device.o
                0x8000325c                udd_ep_clear_halt
 .text.udd_ctrl_stall_data
                0x800032c0       0x18 src/asf/avr32/drivers/usbb/usbb_device.o
 .text.udd_ctrl_endofrequest
                0x800032d8       0x14 src/asf/avr32/drivers/usbb/usbb_device.o
 .text.udd_ep_finish_job
                0x800032ec       0x20 src/asf/avr32/drivers/usbb/usbb_device.o
 .text.udd_ep_abort_job
                0x8000330c       0x20 src/asf/avr32/drivers/usbb/usbb_device.o
 .text.udd_ep_set_halt
                0x8000332c       0x5c src/asf/avr32/drivers/usbb/usbb_device.o
                0x8000332c                udd_ep_set_halt
 .text.udd_ep_free
                0x80003388       0x30 src/asf/avr32/drivers/usbb/usbb_device.o
                0x80003388                udd_ep_free
 .text.udd_ep_alloc
                0x800033b8      0x102 src/asf/avr32/drivers/usbb/usbb_device.o
                0x800033b8                udd_ep_alloc
 *fill*         0x800034ba        0x2 d703d703
 .text.udd_sleep_mode
                0x800034bc       0x50 src/asf/avr32/drivers/usbb/usbb_device.o
 .text.udd_ctrl_init
                0x8000350c       0x34 src/asf/avr32/drivers/usbb/usbb_device.o
 .text.udd_ctrl_send_zlp_in
                0x80003540       0x2c src/asf/avr32/drivers/usbb/usbb_device.o
 .text.udd_reset_ep_ctrl
                0x8000356c       0x6a src/asf/avr32/drivers/usbb/usbb_device.o
 *fill*         0x800035d6        0x2 d703d703
 .text.udd_attach
                0x800035d8       0x78 src/asf/avr32/drivers/usbb/usbb_device.o
                0x800035d8                udd_attach
 .text.udd_ctrl_in_sent
                0x80003650      0x13c src/asf/avr32/drivers/usbb/usbb_device.o
 .text.udd_enable
                0x8000378c       0xf8 src/asf/avr32/drivers/usbb/usbb_device.o
                0x8000378c                udd_enable
 .text.udd_ep_run
                0x80003884      0x10c src/asf/avr32/drivers/usbb/usbb_device.o
                0x80003884                udd_ep_run
 .text.udd_interrupt
                0x80003990      0x550 src/asf/avr32/drivers/usbb/usbb_device.o
 .text.fat_check_open
                0x80003ee0       0x20 src/asf/avr32/services/fs/fat/fat.o
                0x80003ee0                fat_check_open
 .text.fat_check_select
                0x80003f00       0x20 src/asf/avr32/services/fs/fat/fat.o
                0x80003f00                fat_check_select
 .text.fat_check_is_file
                0x80003f20       0x1c src/asf/avr32/services/fs/fat/fat.o
                0x80003f20                fat_check_is_file
 .text.fat_checkcluster
                0x80003f3c       0x60 src/asf/avr32/services/fs/fat/fat.o
                0x80003f3c                fat_checkcluster
 .text.fat_cache_clusterlist_reset
                0x80003f9c       0x28 src/asf/avr32/services/fs/fat/fat.o
                0x80003f9c                fat_cache_clusterlist_reset
 .text.fat_cache_clusterlist_update_start
                0x80003fc4       0x40 src/asf/avr32/services/fs/fat/fat.o
                0x80003fc4                fat_cache_clusterlist_update_start
 .text.fat_cache_clusterlist_update_select
                0x80004004       0x68 src/asf/avr32/services/fs/fat/fat.o
                0x80004004                fat_cache_clusterlist_update_select
 .text.fat_cache_clusterlist_update_finish
                0x8000406c       0x58 src/asf/avr32/services/fs/fat/fat.o
                0x8000406c                fat_cache_clusterlist_update_finish
 .text.fat_cache_clusterlist_update_read
                0x800040c4      0x124 src/asf/avr32/services/fs/fat/fat.o
                0x800040c4                fat_cache_clusterlist_update_read
 .text.fat_entry_is_dir
                0x800041e8       0x18 src/asf/avr32/services/fs/fat/fat.o
                0x800041e8                fat_entry_is_dir
 .text.fat_clear_entry_info_and_ptr
                0x80004200       0x3c src/asf/avr32/services/fs/fat/fat.o
                0x80004200                fat_clear_entry_info_and_ptr
 .text.fat_check_eof_name
                0x8000423c       0x26 src/asf/avr32/services/fs/fat/fat.o
                0x8000423c                fat_check_eof_name
 *fill*         0x80004262        0x2 d703d703
 .text.fat_get_ptr_entry
                0x80004264       0x18 src/asf/avr32/services/fs/fat/fat.o
                0x80004264                fat_get_ptr_entry
 .text.fat_entry_longname
                0x8000427c      0x1b0 src/asf/avr32/services/fs/fat/fat.o
                0x8000427c                fat_entry_longname
 .text.fat_entry_shortname
                0x8000442c      0x118 src/asf/avr32/services/fs/fat/fat.o
                0x8000442c                fat_entry_shortname
 .text.fat_get_entry_info
                0x80004544       0x48 src/asf/avr32/services/fs/fat/fat.o
                0x80004544                fat_get_entry_info
 .text.fat_entry_check
                0x8000458c       0x68 src/asf/avr32/services/fs/fat/fat.o
                0x8000458c                fat_entry_check
 .text.fat_cache_reset
                0x800045f4       0x18 src/asf/avr32/services/fs/fat/fat.o
                0x800045f4                fat_cache_reset
 .text.fat_cache_mark_sector_as_dirty
                0x8000460c       0x10 src/asf/avr32/services/fs/fat/fat.o
                0x8000460c                fat_cache_mark_sector_as_dirty
 .text.fat_write_entry_file
                0x8000461c       0x50 src/asf/avr32/services/fs/fat/fat.o
                0x8000461c                fat_write_entry_file
 .text.fat_check_nav_access_file
                0x8000466c       0x78 src/asf/avr32/services/fs/fat/fat.o
                0x8000466c                fat_check_nav_access_file
 .text.fat_invert_nav
                0x800046e4       0xdc src/asf/avr32/services/fs/fat/fat.o
                0x800046e4                fat_invert_nav
 .text.fat_cache_flush
                0x800047c0       0x54 src/asf/avr32/services/fs/fat/fat.o
                0x800047c0                fat_cache_flush
 .text.fat_cache_clear
                0x80004814       0x18 src/asf/avr32/services/fs/fat/fat.o
                0x80004814                fat_cache_clear
 .text.fat_cache_read_sector
                0x8000482c       0x80 src/asf/avr32/services/fs/fat/fat.o
                0x8000482c                fat_cache_read_sector
 .text.fat_cluster_readnext
                0x800048ac       0x94 src/asf/avr32/services/fs/fat/fat.o
                0x800048ac                fat_cluster_readnext
 .text.fat_cluster_val
                0x80004940      0x244 src/asf/avr32/services/fs/fat/fat.o
                0x80004940                fat_cluster_val
 .text.fat_cluster_list
                0x80004b84      0x2d8 src/asf/avr32/services/fs/fat/fat.o
                0x80004b84                fat_cluster_list
 .text.fat_read_dir
                0x80004e5c       0x84 src/asf/avr32/services/fs/fat/fat.o
                0x80004e5c                fat_read_dir
 .text.fat_read_file
                0x80004ee0       0xdc src/asf/avr32/services/fs/fat/fat.o
                0x80004ee0                fat_read_file
 .text.fat_check_device
                0x80004fbc       0xb8 src/asf/avr32/services/fs/fat/fat.o
                0x80004fbc                fat_check_device
 .text.fat_check_noopen
                0x80005074       0x3c src/asf/avr32/services/fs/fat/fat.o
                0x80005074                fat_check_noopen
 .text.fat_check_mount
                0x800050b0       0x38 src/asf/avr32/services/fs/fat/fat.o
                0x800050b0                fat_check_mount
 .text.fat_check_mount_select
                0x800050e8       0x18 src/asf/avr32/services/fs/fat/fat.o
                0x800050e8                fat_check_mount_select
 .text.fat_check_mount_select_open
                0x80005100       0x24 src/asf/avr32/services/fs/fat/fat.o
                0x80005100                fat_check_mount_select_open
 .text.fat_check_mount_select_noopen
                0x80005124       0x24 src/asf/avr32/services/fs/fat/fat.o
                0x80005124                fat_check_mount_select_noopen
 .text.fat_check_mount_noopen
                0x80005148       0x18 src/asf/avr32/services/fs/fat/fat.o
                0x80005148                fat_check_mount_noopen
 .text.fat_translate_char_shortname
                0x80005160       0x4c src/asf/avr32/services/fs/fat/fat_unusual.o
                0x80005160                fat_translate_char_shortname
 .text.fat_clear_info_fat_mod
                0x800051ac       0x18 src/asf/avr32/services/fs/fat/fat_unusual.o
                0x800051ac                fat_clear_info_fat_mod
 .text.fat_clear_cluster
                0x800051c4       0x74 src/asf/avr32/services/fs/fat/fat_unusual.o
                0x800051c4                fat_clear_cluster
 .text.fat_update_fat2
                0x80005238       0x74 src/asf/avr32/services/fs/fat/fat_unusual.o
                0x80005238                fat_update_fat2
 .text.fat_initialize_dir
                0x800052ac       0x98 src/asf/avr32/services/fs/fat/fat_unusual.o
                0x800052ac                fat_initialize_dir
 .text.fat_create_long_name_entry
                0x80005344       0xd0 src/asf/avr32/services/fs/fat/fat_unusual.o
                0x80005344                fat_create_long_name_entry
 .text.fat_delete_file
                0x80005414       0x8c src/asf/avr32/services/fs/fat/fat_unusual.o
                0x80005414                fat_delete_file
 .text.fat_garbage_collector_entry
                0x800054a0       0xc8 src/asf/avr32/services/fs/fat/fat_unusual.o
                0x800054a0                fat_garbage_collector_entry
 .text.fat_write_fat32_FSInfo
                0x80005568       0xa0 src/asf/avr32/services/fs/fat/fat_unusual.o
                0x80005568                fat_write_fat32_FSInfo
 .text.fat_allocfreespace
                0x80005608      0x15c src/asf/avr32/services/fs/fat/fat_unusual.o
                0x80005608                fat_allocfreespace
 .text.fat_alloc_entry_free
                0x80005764       0xb0 src/asf/avr32/services/fs/fat/fat_unusual.o
                0x80005764                fat_alloc_entry_free
 .text.fat_check_name
                0x80005814       0x74 src/asf/avr32/services/fs/fat/fat_unusual.o
                0x80005814                fat_check_name
 .text.fat_create_short_entry_name
                0x80005888      0x1b8 src/asf/avr32/services/fs/fat/fat_unusual.o
                0x80005888                fat_create_short_entry_name
 .text.fat_entry_shortname_compare
                0x80005a40       0x58 src/asf/avr32/services/fs/fat/fat_unusual.o
                0x80005a40                fat_entry_shortname_compare
 .text.fat_find_short_entry_name
                0x80005a98       0x78 src/asf/avr32/services/fs/fat/fat_unusual.o
                0x80005a98                fat_find_short_entry_name
 .text.fat_create_entry_file_name
                0x80005b10       0xa8 src/asf/avr32/services/fs/fat/fat_unusual.o
                0x80005b10                fat_create_entry_file_name
 .text.fat_mount
                0x80005bb8      0x2fc src/asf/avr32/services/fs/fat/fat_unusual.o
                0x80005bb8                fat_mount
 .text.file_eof
                0x80005eb4       0x24 src/asf/avr32/services/fs/fat/file.o
                0x80005eb4                file_eof
 .text.file_bof
                0x80005ed8       0x20 src/asf/avr32/services/fs/fat/file.o
                0x80005ed8                file_bof
 .text.file_close
                0x80005ef8       0x3c src/asf/avr32/services/fs/fat/file.o
                0x80005ef8                file_close
 .text.file_getc
                0x80005f34       0x6c src/asf/avr32/services/fs/fat/file.o
                0x80005f34                file_getc
 .text.file_read_buf
                0x80005fa0      0x194 src/asf/avr32/services/fs/fat/file.o
                0x80005fa0                file_read_buf
 .text.file_open
                0x80006134       0xa0 src/asf/avr32/services/fs/fat/file.o
                0x80006134                file_open
 .text.nav_getindex
                0x800061d4       0x20 src/asf/avr32/services/fs/fat/navigation.o
                0x800061d4                nav_getindex
 .text.nav_file_name
                0x800061f4       0xf0 src/asf/avr32/services/fs/fat/navigation.o
                0x800061f4                nav_file_name
 .text.nav_filelist_set
                0x800062e4      0x170 src/asf/avr32/services/fs/fat/navigation.o
                0x800062e4                nav_filelist_set
 .text.nav_filelist_findname
                0x80006454       0x30 src/asf/avr32/services/fs/fat/navigation.o
                0x80006454                nav_filelist_findname
 .text.nav_filelist_reset
                0x80006484       0x18 src/asf/avr32/services/fs/fat/navigation.o
                0x80006484                nav_filelist_reset
 .text.nav_file_create
                0x8000649c       0x6c src/asf/avr32/services/fs/fat/navigation.o
                0x8000649c                nav_file_create
 .text.nav_dir_gotoparent
                0x80006508       0xa0 src/asf/avr32/services/fs/fat/navigation.o
                0x80006508                nav_dir_gotoparent
 .text.nav_dir_cd
                0x800065a8       0x40 src/asf/avr32/services/fs/fat/navigation.o
                0x800065a8                nav_dir_cd
 .text.nav_filelist_first
                0x800065e8       0x40 src/asf/avr32/services/fs/fat/navigation.o
                0x800065e8                nav_filelist_first
 .text.nav_filelist_nb
                0x80006628       0x74 src/asf/avr32/services/fs/fat/navigation.o
                0x80006628                nav_filelist_nb
 .text.nav_filelist_last
                0x8000669c       0x50 src/asf/avr32/services/fs/fat/navigation.o
                0x8000669c                nav_filelist_last
 .text.nav_dir_make
                0x800066ec       0x90 src/asf/avr32/services/fs/fat/navigation.o
                0x800066ec                nav_dir_make
 .text.nav_partition_mount
                0x8000677c       0x3c src/asf/avr32/services/fs/fat/navigation.o
                0x8000677c                nav_partition_mount
 .text.nav_dir_root
                0x800067b8        0xc src/asf/avr32/services/fs/fat/navigation.o
                0x800067b8                nav_dir_root
 .text.nav_drive_set
                0x800067c4       0x54 src/asf/avr32/services/fs/fat/navigation.o
                0x800067c4                nav_drive_set
 .text.nav_gotoindex
                0x80006818       0x5c src/asf/avr32/services/fs/fat/navigation.o
                0x80006818                nav_gotoindex
 .text.nav_setcwd
                0x80006874      0x1c8 src/asf/avr32/services/fs/fat/navigation.o
                0x80006874                nav_setcwd
 .text.nav_select
                0x80006a3c       0x48 src/asf/avr32/services/fs/fat/navigation.o
                0x80006a3c                nav_select
 .text.nav_reset
                0x80006a84       0x6c src/asf/avr32/services/fs/fat/navigation.o
                0x80006a84                nav_reset
 .text._stext   0x80006af0       0x4c src/asf/avr32/utils/startup/startup_uc3.o
                                 0x50 (size before relaxing)
                0x80006af0                _stext
 .text.sysclk_init
                0x80006b3c       0x58 src/asf/common/services/clock/uc3b0_b1/sysclk.o
                0x80006b3c                sysclk_init
 .text.sysclk_priv_enable_module
                0x80006b94       0x2a src/asf/common/services/clock/uc3b0_b1/sysclk.o
                0x80006b94                sysclk_priv_enable_module
 *fill*         0x80006bbe        0x2 d703d703
 .text.sysclk_enable_pbb_module
                0x80006bc0       0x40 src/asf/common/services/clock/uc3b0_b1/sysclk.o
                0x80006bc0                sysclk_enable_pbb_module
 .text.sysclk_enable_usb
                0x80006c00       0x6c src/asf/common/services/clock/uc3b0_b1/sysclk.o
                0x80006c00                sysclk_enable_usb
 .text.get_nb_lun
                0x80006c6c        0x2 src/asf/common/services/storage/ctrl_access/ctrl_access.o
                0x80006c6c                get_nb_lun
 *fill*         0x80006c6e        0x2 d703d703
 .text.mem_test_unit_ready
                0x80006c70       0x14 src/asf/common/services/storage/ctrl_access/ctrl_access.o
                0x80006c70                mem_test_unit_ready
 .text.mem_read_capacity
                0x80006c84       0x18 src/asf/common/services/storage/ctrl_access/ctrl_access.o
                0x80006c84                mem_read_capacity
 .text.mem_sector_size
                0x80006c9c        0x6 src/asf/common/services/storage/ctrl_access/ctrl_access.o
                0x80006c9c                mem_sector_size
 *fill*         0x80006ca2        0x2 d703d703
 .text.mem_wr_protect
                0x80006ca4       0x14 src/asf/common/services/storage/ctrl_access/ctrl_access.o
                0x80006ca4                mem_wr_protect
 .text.ram_2_memory
                0x80006cb8       0x3c src/asf/common/services/storage/ctrl_access/ctrl_access.o
                0x80006cb8                ram_2_memory
 .text.memory_2_ram
                0x80006cf4       0x3c src/asf/common/services/storage/ctrl_access/ctrl_access.o
                0x80006cf4                memory_2_ram
 .text.udi_hid_kbd_getsetting
                0x80006d30        0x2 src/asf/common/services/usb/class/hid/device/kbd/udi_hid_kbd.o
                0x80006d30                udi_hid_kbd_getsetting
 *fill*         0x80006d32        0x2 d703d703
 .text.udi_hid_kbd_setreport
                0x80006d34       0x40 src/asf/common/services/usb/class/hid/device/kbd/udi_hid_kbd.o
 .text.udi_hid_kbd_send_report
                0x80006d74       0x50 src/asf/common/services/usb/class/hid/device/kbd/udi_hid_kbd.o
 .text.udi_hid_kbd_report_sent
                0x80006dc4       0x24 src/asf/common/services/usb/class/hid/device/kbd/udi_hid_kbd.o
                0x80006dc4                udi_hid_kbd_report_sent
 .text.udi_hid_kbd_down
                0x80006de8       0x78 src/asf/common/services/usb/class/hid/device/kbd/udi_hid_kbd.o
                0x80006de8                udi_hid_kbd_down
 .text.udi_hid_kbd_up
                0x80006e60       0x98 src/asf/common/services/usb/class/hid/device/kbd/udi_hid_kbd.o
                0x80006e60                udi_hid_kbd_up
 .text.udi_hid_kbd_modifier_down
                0x80006ef8       0x30 src/asf/common/services/usb/class/hid/device/kbd/udi_hid_kbd.o
                0x80006ef8                udi_hid_kbd_modifier_down
 .text.udi_hid_kbd_modifier_up
                0x80006f28       0x34 src/asf/common/services/usb/class/hid/device/kbd/udi_hid_kbd.o
                0x80006f28                udi_hid_kbd_modifier_up
 .text.udi_hid_kbd_setup
                0x80006f5c       0x24 src/asf/common/services/usb/class/hid/device/kbd/udi_hid_kbd.o
                0x80006f5c                udi_hid_kbd_setup
 .text.udi_hid_kbd_setreport_valid
                0x80006f80       0x14 src/asf/common/services/usb/class/hid/device/kbd/udi_hid_kbd.o
 .text.udi_hid_kbd_disable
                0x80006f94        0xc src/asf/common/services/usb/class/hid/device/kbd/udi_hid_kbd.o
                0x80006f94                udi_hid_kbd_disable
 .text.udi_hid_kbd_enable
                0x80006fa0       0x3c src/asf/common/services/usb/class/hid/device/kbd/udi_hid_kbd.o
                0x80006fa0                udi_hid_kbd_enable
 .text.udi_hid_setup
                0x80006fdc      0x10c src/asf/common/services/usb/class/hid/device/udi_hid.o
                0x80006fdc                udi_hid_setup
 .text.udc_get_interface_desc
                0x800070e8        0xc src/asf/common/services/usb/udc/udc.o
                0x800070e8                udc_get_interface_desc
 .text.udc_get_eof_conf
                0x800070f4       0x20 src/asf/common/services/usb/udc/udc.o
 .text.udc_update_iface_desc
                0x80007114       0x84 src/asf/common/services/usb/udc/udc.o
 .text.udc_next_desc_in_iface
                0x80007198       0x50 src/asf/common/services/usb/udc/udc.o
 .text.udc_valid_address
                0x800071e8       0x18 src/asf/common/services/usb/udc/udc.o
 .text.udc_iface_enable
                0x80007200       0x60 src/asf/common/services/usb/udc/udc.o
 .text.udc_iface_disable
                0x80007260       0x64 src/asf/common/services/usb/udc/udc.o
 .text.udc_reset
                0x800072c4       0x70 src/asf/common/services/usb/udc/udc.o
                0x800072c4                udc_reset
 .text.udc_process_setup
                0x80007334      0x4dc src/asf/common/services/usb/udc/udc.o
                0x80007334                udc_process_setup
 .text.main_resume_action
                0x80007810        0x2 src/main.o
                0x80007810                main_resume_action
 .text.main_remotewakeup_enable
                0x80007812        0x2 src/main.o
                0x80007812                main_remotewakeup_enable
 .text.main_remotewakeup_disable
                0x80007814        0x2 src/main.o
                0x80007814                main_remotewakeup_disable
 .text.main_kbd_enable
                0x80007816        0x2 src/main.o
                0x80007816                main_kbd_enable
 .text.main_kbd_disable
                0x80007818        0x2 src/main.o
                0x80007818                main_kbd_disable
 *fill*         0x8000781a        0x2 d703d703
 .text.main_kbd_change
                0x8000781c       0xe0 src/main.o
                0x8000781c                main_kbd_change
 .text.main_suspend_action
                0x800078fc       0x14 src/main.o
                0x800078fc                main_suspend_action
 .text.main     0x80007910      0x1d4 src/main.o
                0x80007910                main
 .text.process_frame
                0x80007ae4      0x1a4 src/main.o
                0x80007ae4                process_frame
 .text.main_sof_action
                0x80007c88       0x18 src/main.o
                0x80007c88                main_sof_action
 .text.memcmp   0x80007ca0       0x26 c:/program files (x86)/atmel/atmel studio 6.0/extensions/atmel/avrgcc/3.4.1.95/avrtoolchain/bin/../lib/gcc/avr32/4.4.3/../../../../avr32/lib/ucr1\libc.a(lib_a-memcmp.o)
                0x80007ca0                memcmp
 .text          0x80007cc6      0x148 c:/program files (x86)/atmel/atmel studio 6.0/extensions/atmel/avrgcc/3.4.1.95/avrtoolchain/bin/../lib/gcc/avr32/4.4.3/../../../../avr32/lib/ucr1\libc.a(lib_a-memcpy.o)
                0x80007cc6                memcpy
 .text.memset   0x80007e0e        0xe c:/program files (x86)/atmel/atmel studio 6.0/extensions/atmel/avrgcc/3.4.1.95/avrtoolchain/bin/../lib/gcc/avr32/4.4.3/../../../../avr32/lib/ucr1\libc.a(lib_a-memset.o)
                0x80007e0e                memset
 *(.text.*personality*)
 *(.gnu.warning)

.exception      0x80008000      0x200
 .exception     0x80008000      0x200 src/asf/avr32/drivers/intc/exception.o
                0x80008000                _evba
                0x8000813c                ipr_val

.fini
 *(.fini)
                0x80008200                PROVIDE (__etext, .)
                0x80008200                PROVIDE (_etext, .)
                0x80008200                PROVIDE (etext, .)

.rodata         0x80008200      0x2b4
 *(.rodata .rodata.* .gnu.linkonce.r.*)
 .rodata.LED_DESCRIPTOR
                0x80008200       0x40 src/asf/avr32/boards/evk1101/led.o
 .rodata._int_handler_table
                0x80008240       0x90 src/asf/avr32/drivers/intc/intc.o
 .rodata.const_FSI_LeadSig
                0x800082d0        0x4 src/asf/avr32/services/fs/fat/fat_unusual.o
                0x800082d0                const_FSI_LeadSig
 .rodata.fs_s_tab_incorrect_char
                0x800082d4        0x8 src/asf/avr32/services/fs/fat/fat_unusual.o
                0x800082d4                fs_s_tab_incorrect_char
 .rodata.fs_s_execption_char
                0x800082dc        0x8 src/asf/avr32/services/fs/fat/fat_unusual.o
                0x800082dc                fs_s_execption_char
 .rodata.const_FSI_StrucSig
                0x800082e4        0x4 src/asf/avr32/services/fs/fat/fat_unusual.o
                0x800082e4                const_FSI_StrucSig
 .rodata.lun_desc
                0x800082e8       0x1c src/asf/common/services/storage/ctrl_access/ctrl_access.o
 .rodata.str1.4
                0x80008304       0x17 src/asf/common/services/storage/ctrl_access/ctrl_access.o
                                 0x18 (size before relaxing)
 *fill*         0x8000831b        0x1 00
 .rodata.process_frame
                0x8000831c       0x28 src/main.o
 .rodata.SD_MMC_SPI_GPIO_MAP.11555
                0x80008344        0x8 src/main.o
 .rodata.C.65.11557
                0x8000834c       0x10 src/main.o
 .rodata.vidpidFile
                0x8000835c        0x4 src/main.o
 .rodata.str1.4
                0x80008360       0x50 src/main.o
 .rodata._ctype_
                0x800083b0      0x104 c:/program files (x86)/atmel/atmel studio 6.0/extensions/atmel/avrgcc/3.4.1.95/avrtoolchain/bin/../lib/gcc/avr32/4.4.3/../../../../avr32/lib/ucr1\libc.a(lib_a-ctype_.o)
                0x800083b0                _ctype_

.rodata1
 *(.rodata1)

.eh_frame_hdr
 *(.eh_frame_hdr)

.eh_frame
 *(.eh_frame)

.gcc_except_table
 *(.gcc_except_table)
 *(.gcc_except_table.*)

.lalign         0x800084b4        0x4
                0x800084b8                . = ALIGN (0x8)
 *fill*         0x800084b4        0x4 00
                0x800084b8                PROVIDE (_data_lma, .)
                0x00000004                . = ORIGIN (INTRAM)

.dalign         0x00000004        0x4
                0x00000008                . = ALIGN (0x8)
 *fill*         0x00000004        0x4 00
                0x00000008                PROVIDE (_data, .)

.eh_frame
 *(.eh_frame)

.gcc_except_table
 *(.gcc_except_table)
 *(.gcc_except_table.*)

.tdata
 *(.tdata .tdata.* .gnu.linkonce.td.*)

.tbss
 *(.tbss .tbss.* .gnu.linkonce.tb.*)
 *(.tcommon)
                0x00000008                PROVIDE (__preinit_array_start, ALIGN (0x4))

.preinit_array
 *(.preinit_array)
                0x00000008                PROVIDE (__preinit_array_end, .)
                0x00000008                PROVIDE (__init_array_start, .)

.init_array
 *(.init_array)
                0x00000008                PROVIDE (__init_array_end, .)
                0x00000008                PROVIDE (__fini_array_start, .)

.fini_array
 *(.fini_array)
                0x00000008                PROVIDE (__fini_array_end, .)

.ctors
 *crtbegin*.o(.ctors)
 *(EXCLUDE_FILE(*crtend*.o) .ctors)
 *(SORT(.ctors.*))
 *(.ctors)

.dtors
 *crtbegin*.o(.dtors)
 *(EXCLUDE_FILE(*crtend*.o) .dtors)
 *(SORT(.dtors.*))
 *(.dtors)

.jcr
 *(.jcr)

.data.rel.ro
 *(.data.rel.ro.local)
 *(.data.rel.ro*)

.dynamic
 *(.dynamic)

.got
 *(.got.plt)
 *(.got)

.ramtext
 *(.ramtext .ramtext.*)

.ddalign        0x00000008        0x0 load address 0x800084b8
                0x00000008                . = ALIGN (0x8)

.data           0x00000008       0xe4 load address 0x800084b8
 *(.data .data.* .gnu.linkonce.d.*)
 .data.LED_State
                0x00000008        0x4 src/asf/avr32/boards/evk1101/led.o
 .data.sd_mmc_spi_presence_status
                0x0000000c        0x1 src/asf/avr32/components/memory/sd_mmc/sd_mmc_spi/sd_mmc_spi_mem.o
                0x0000000c                sd_mmc_spi_presence_status
 .data.udi_hid_kbd_report_desc
                0x0000000d       0x3b src/asf/common/services/usb/class/hid/device/kbd/udi_hid_kbd.o
                0x0000000d                udi_hid_kbd_report_desc
 .data.udi_api_hid_kbd
                0x00000048       0x10 src/asf/common/services/usb/class/hid/device/kbd/udi_hid_kbd.o
                0x00000048                udi_api_hid_kbd
 .data.udc_desc
                0x00000058       0x24 src/asf/common/services/usb/class/hid/device/kbd/udi_hid_kbd_desc.o
                0x00000058                udc_desc
 .data.udc_config_fshs
                0x0000007c        0x8 src/asf/common/services/usb/class/hid/device/kbd/udi_hid_kbd_desc.o
                0x0000007c                udc_config_fshs
 .data.udi_apis
                0x00000084        0x4 src/asf/common/services/usb/class/hid/device/kbd/udi_hid_kbd_desc.o
                0x00000084                udi_apis
 .data.udc_config
                0x00000088        0x8 src/asf/common/services/usb/class/hid/device/kbd/udi_hid_kbd_desc.o
                0x00000088                udc_config
 .data.udc_device_desc
                0x00000090       0x14 src/asf/common/services/usb/class/hid/device/kbd/udi_hid_kbd_desc.o
                0x00000090                udc_device_desc
 .data.udc_string_product_name
                0x000000a4       0x10 src/asf/common/services/usb/udc/udc.o
 .data.udc_string_manufacturer_name
                0x000000b4        0xc src/asf/common/services/usb/udc/udc.o
 .data.udc_string_desc
                0x000000c0       0x1a src/asf/common/services/usb/udc/udc.o
 .data.udc_string_desc_languageid
                0x000000da        0x4 src/asf/common/services/usb/udc/udc.o
 *fill*         0x000000de        0x2 00
 .data.state    0x000000e0        0x4 src/main.o
                0x000000e0                state
 .data.injectFile
                0x000000e4        0x4 src/main.o
 .data.__ctype_ptr
                0x000000e8        0x4 c:/program files (x86)/atmel/atmel studio 6.0/extensions/atmel/avrgcc/3.4.1.95/avrtoolchain/bin/../lib/gcc/avr32/4.4.3/../../../../avr32/lib/ucr1\libc.a(lib_a-ctype_.o)
                0x000000e8                __ctype_ptr
 *(.gnu.linkonce.d.*personality*)

.data1
 *(.data1)

.balign         0x000000ec        0x4 load address 0x8000859c
                0x000000f0                . = ALIGN (0x8)
 *fill*         0x000000ec        0x4 00
                0x000000f0                PROVIDE (_edata, .)
                0x000000f0                PROVIDE (edata, .)
                0x000000f0                __bss_start = .

.bss            0x000000f0      0x6e0
 *(.dynbss)
 *(.bss .bss.* .gnu.linkonce.b.*)
 .bss.gl_ptr_mem
                0x000000f0        0x4 src/asf/avr32/components/memory/sd_mmc/sd_mmc_spi/sd_mmc_spi.o
 .bss.sd_mmc_opt
                0x000000f4       0x10 src/asf/avr32/components/memory/sd_mmc/sd_mmc_spi/sd_mmc_spi.o
 .bss.sd_mmc_pba_hz
                0x00000104        0x4 src/asf/avr32/components/memory/sd_mmc/sd_mmc_spi/sd_mmc_spi.o
 .bss.sd_mmc_spi_init_done
                0x00000108        0x1 src/asf/avr32/components/memory/sd_mmc/sd_mmc_spi/sd_mmc_spi.o
                0x00000108                sd_mmc_spi_init_done
 *fill*         0x00000109        0x3 00
 .bss._int_line_handler_table_6
                0x0000010c        0x4 src/asf/avr32/drivers/intc/intc.o
 .bss._int_line_handler_table_7
                0x00000110        0x4 src/asf/avr32/drivers/intc/intc.o
 .bss._int_line_handler_table_8
                0x00000114        0x4 src/asf/avr32/drivers/intc/intc.o
 .bss._int_line_handler_table_9
                0x00000118        0x4 src/asf/avr32/drivers/intc/intc.o
 .bss._int_line_handler_table_10
                0x0000011c        0x4 src/asf/avr32/drivers/intc/intc.o
 .bss._int_line_handler_table_11
                0x00000120        0x4 src/asf/avr32/drivers/intc/intc.o
 .bss._int_line_handler_table_12
                0x00000124        0x4 src/asf/avr32/drivers/intc/intc.o
 .bss._int_line_handler_table_13
                0x00000128        0x4 src/asf/avr32/drivers/intc/intc.o
 .bss._int_line_handler_table_14
                0x0000012c        0xc src/asf/avr32/drivers/intc/intc.o
 .bss._int_line_handler_table_15
                0x00000138        0x4 src/asf/avr32/drivers/intc/intc.o
 .bss._int_line_handler_table_16
                0x0000013c        0x4 src/asf/avr32/drivers/intc/intc.o
 .bss._int_line_handler_table_17
                0x00000140        0x4 src/asf/avr32/drivers/intc/intc.o
 .bss._int_line_handler_table_0
                0x00000144        0x4 src/asf/avr32/drivers/intc/intc.o
 .bss._int_line_handler_table_1
                0x00000148       0x2c src/asf/avr32/drivers/intc/intc.o
 .bss._int_line_handler_table_2
                0x00000174       0x18 src/asf/avr32/drivers/intc/intc.o
 .bss._int_line_handler_table_3
                0x0000018c       0x1c src/asf/avr32/drivers/intc/intc.o
 .bss._int_line_handler_table_4
                0x000001a8        0x4 src/asf/avr32/drivers/intc/intc.o
 .bss._int_line_handler_table_5
                0x000001ac        0x4 src/asf/avr32/drivers/intc/intc.o
 .bss.udd_ctrl_prev_payload_nb_trans
                0x000001b0        0x2 src/asf/avr32/drivers/usbb/usbb_device.o
 *fill*         0x000001b2        0x2 00
 .bss.udd_ep_job
                0x000001b4       0x10 src/asf/avr32/drivers/usbb/usbb_device.o
 .bss.udd_b_idle
                0x000001c4        0x1 src/asf/avr32/drivers/usbb/usbb_device.o
 *fill*         0x000001c5        0x1 00
 .bss.udd_ctrl_payload_nb_trans
                0x000001c6        0x2 src/asf/avr32/drivers/usbb/usbb_device.o
 .bss.udd_ep_control_state
                0x000001c8        0x4 src/asf/avr32/drivers/usbb/usbb_device.o
 .bss.udd_ctrl_payload_need_in_zlp
                0x000001cc        0x1 src/asf/avr32/drivers/usbb/usbb_device.o
 .bss.sysclk_pbb_refcount
                0x000001cd        0x1 src/asf/common/services/clock/uc3b0_b1/sysclk.o
 .bss.udi_hid_kbd_b_report_valid
                0x000001ce        0x1 src/asf/common/services/usb/class/hid/device/kbd/udi_hid_kbd.o
 .bss.udi_hid_kbd_b_report_trans_ongoing
                0x000001cf        0x1 src/asf/common/services/usb/class/hid/device/kbd/udi_hid_kbd.o
 .bss.udi_hid_kbd_report_trans
                0x000001d0        0x8 src/asf/common/services/usb/class/hid/device/kbd/udi_hid_kbd.o
 .bss.udi_hid_kbd_protocol
                0x000001d8        0x1 src/asf/common/services/usb/class/hid/device/kbd/udi_hid_kbd.o
 .bss.udi_hid_kbd_report_set
                0x000001d9        0x1 src/asf/common/services/usb/class/hid/device/kbd/udi_hid_kbd.o
 *fill*         0x000001da        0x2 00
 .bss.udi_hid_kbd_report
                0x000001dc        0x8 src/asf/common/services/usb/class/hid/device/kbd/udi_hid_kbd.o
 .bss.udi_hid_kbd_rate
                0x000001e4        0x1 src/asf/common/services/usb/class/hid/device/kbd/udi_hid_kbd.o
 *fill*         0x000001e5        0x3 00
 .bss.udc_ptr_conf
                0x000001e8        0x4 src/asf/common/services/usb/udc/udc.o
 .bss.udc_ep_status.9977
                0x000001ec        0x2 src/asf/common/services/usb/udc/udc.o
 .bss.udc_device_status
                0x000001ee        0x2 src/asf/common/services/usb/udc/udc.o
 .bss.udc_num_configuration
                0x000001f0        0x1 src/asf/common/services/usb/udc/udc.o
 *fill*         0x000001f1        0x3 00
 .bss.udc_ptr_iface
                0x000001f4        0x4 src/asf/common/services/usb/udc/udc.o
 .bss.udc_iface_setting.10183
                0x000001f8        0x1 src/asf/common/services/usb/udc/udc.o
 *fill*         0x000001f9        0x3 00
 .bss.serial_len
                0x000001fc        0x4 src/main.o
 .bss.wait.11563
                0x00000200        0x1 src/main.o
 *fill*         0x00000201        0x1 00
 .bss.injectToken.11565
                0x00000202        0x2 src/main.o
 .bss.in_affect
                0x00000204        0x1 src/main.o
 .bss.cpt_sof.11562
                0x00000205        0x1 src/main.o
 *fill*         0x00000206        0x2 00
 .bss.serial    0x00000208       0x64 src/main.o
 .bss.debounce.11564
                0x0000026c        0x2 src/main.o
 *(COMMON)
 *fill*         0x0000026e        0x2 00
 COMMON         0x00000270      0x225 src/asf/avr32/components/memory/sd_mmc/sd_mmc_spi/sd_mmc_spi.o
                0x00000270                data_mem
                0x00000474                capacity
                0x00000478                capacity_mult
                0x0000047a                erase_group_size
                0x0000047c                sd_mmc_spi_last_block_address
                0x00000480                r2
                0x00000482                card_type
                0x00000484                csd
                0x00000494                r1
 *fill*         0x00000495        0x3 00
 COMMON         0x00000498       0x18 src/asf/avr32/drivers/usbb/usbb_device.o
                0x00000498                udd_g_ctrlreq
 COMMON         0x000004b0      0x2f4 src/asf/avr32/services/fs/fat/fat.o
                0x000004b0                fs_gu32_addrsector
                0x000004b4                fs_g_nav_entry
                0x000004c4                fs_g_u16_pos_fat
                0x000004c6                g_b_no_check_disk
                0x000004c8                fs_g_cache_clusterlist
                0x000004f0                fs_g_u32_last_mod_fat
                0x000004f4                fs_g_sector
                0x000006f4                fs_g_nav
                0x00000728                fs_g_u32_first_mod_fat
                0x0000072c                fs_g_navext_entry
                0x0000073c                fs_g_navext_fast
                0x00000740                fs_g_nav_fast
                0x00000744                fs_g_status
                0x00000745                g_b_string_length
                0x00000746                fs_g_u8_current_cache
                0x00000748                fs_g_navext
                0x0000077c                fs_g_sectorcache
                0x00000790                g_b_unicode
                0x00000794                fs_g_cluster
                0x0000079c                fs_g_seg
 COMMON         0x000007a4       0x19 src/asf/avr32/services/fs/fat/navigation.o
                0x000007a4                g_segment_dest
                0x000007b0                g_segment_src
                0x000007bc                fs_g_u8_nav_selected
 *fill*         0x000007bd        0x3 00
 COMMON         0x000007c0        0x7 src/asf/common/services/sleepmgr/uc3/sleepmgr.o
                0x000007c0                sleepmgr_locks
 *fill*         0x000007c7        0x1 00
 COMMON         0x000007c8        0x4 src/main.o
                0x000007c8                pid
                0x000007ca                vid
                0x000007d0                . = ALIGN (0x8)
 *fill*         0x000007cc        0x4 00
                0x000007d0                . = ALIGN (0x8)
                0x000007d0                _end = .
                0x000007d0                PROVIDE (end, .)
                0x000007d0                __heap_start__ = ALIGN (0x8)

.heap           0x000007d0     0x6830
 *(.heap)
                0x00006830                . = (__heap_size__ == __max_heap_size__)?(((ORIGIN (INTRAM) + 0x7ffc) - __stack_size__) - ABSOLUTE (.)):__heap_size__
 *fill*         0x000007d0     0x6830 00
                0x00007000                __heap_end__ = .

.stab
 *(.stab)

.stabstr
 *(.stabstr)

.stab.excl
 *(.stab.excl)

.stab.exclstr
 *(.stab.exclstr)

.stab.index
 *(.stab.index)

.stab.indexstr
 *(.stab.indexstr)

.comment        0x00000000       0x30
 *(.comment)
 .comment       0x00000000       0x30 src/asf/avr32/boards/evk1101/init.o
                                 0x31 (size before relaxing)
 .comment       0x00000000       0x31 src/asf/avr32/boards/evk1101/led.o
 .comment       0x00000000       0x31 src/asf/avr32/components/memory/sd_mmc/sd_mmc_spi/sd_mmc_spi.o
 .comment       0x00000000       0x31 src/asf/avr32/components/memory/sd_mmc/sd_mmc_spi/sd_mmc_spi_mem.o
 .comment       0x00000000       0x31 src/asf/avr32/drivers/flashc/flashc.o
 .comment       0x00000000       0x31 src/asf/avr32/drivers/gpio/gpio.o
 .comment       0x00000000       0x31 src/asf/avr32/drivers/intc/intc.o
 .comment       0x00000000       0x31 src/asf/avr32/drivers/spi/spi.o
 .comment       0x00000000       0x31 src/asf/avr32/drivers/usbb/usbb_device.o
 .comment       0x00000000       0x31 src/asf/avr32/services/fs/fat/fat.o
 .comment       0x00000000       0x31 src/asf/avr32/services/fs/fat/fat_unusual.o
 .comment       0x00000000       0x31 src/asf/avr32/services/fs/fat/file.o
 .comment       0x00000000       0x31 src/asf/avr32/services/fs/fat/navigation.o
 .comment       0x00000000       0x31 src/asf/common/services/clock/uc3b0_b1/sysclk.o
 .comment       0x00000000       0x31 src/asf/common/services/sleepmgr/uc3/sleepmgr.o
 .comment       0x00000000       0x31 src/asf/common/services/storage/ctrl_access/ctrl_access.o
 .comment       0x00000000       0x31 src/asf/common/services/usb/class/hid/device/kbd/udi_hid_kbd.o
 .comment       0x00000000       0x31 src/asf/common/services/usb/class/hid/device/kbd/udi_hid_kbd_desc.o
 .comment       0x00000000       0x31 src/asf/common/services/usb/class/hid/device/udi_hid.o
 .comment       0x00000000       0x31 src/asf/common/services/usb/udc/udc.o
 .comment       0x00000000       0x31 src/main.o
 .comment       0x00000000       0x31 c:/program files (x86)/atmel/atmel studio 6.0/extensions/atmel/avrgcc/3.4.1.95/avrtoolchain/bin/../lib/gcc/avr32/4.4.3/../../../../avr32/lib/ucr1\libc.a(lib_a-ctype_.o)
 .comment       0x00000000       0x31 c:/program files (x86)/atmel/atmel studio 6.0/extensions/atmel/avrgcc/3.4.1.95/avrtoolchain/bin/../lib/gcc/avr32/4.4.3/../../../../avr32/lib/ucr1\libc.a(lib_a-memcmp.o)
 .comment       0x00000000       0x31 c:/program files (x86)/atmel/atmel studio 6.0/extensions/atmel/avrgcc/3.4.1.95/avrtoolchain/bin/../lib/gcc/avr32/4.4.3/../../../../avr32/lib/ucr1\libc.a(lib_a-memset.o)

.debug
 *(.debug)

.line
 *(.line)

.debug_srcinfo
 *(.debug_srcinfo)

.debug_sfnames
 *(.debug_sfnames)

.debug_aranges  0x00000000      0xe78
 *(.debug_aranges)
 .debug_aranges
                0x00000000       0x20 src/asf/avr32/boards/evk1101/init.o
 .debug_aranges
                0x00000020       0x78 src/asf/avr32/boards/evk1101/led.o
 .debug_aranges
                0x00000098       0xf0 src/asf/avr32/components/memory/sd_mmc/sd_mmc_spi/sd_mmc_spi.o
 .debug_aranges
                0x00000188       0x50 src/asf/avr32/components/memory/sd_mmc/sd_mmc_spi/sd_mmc_spi_mem.o
 .debug_aranges
                0x000001d8      0x218 src/asf/avr32/drivers/flashc/flashc.o
 .debug_aranges
                0x000003f0      0x100 src/asf/avr32/drivers/gpio/gpio.o
 .debug_aranges
                0x000004f0       0x38 src/asf/avr32/drivers/intc/intc.o
 .debug_aranges
                0x00000528       0xa8 src/asf/avr32/drivers/spi/spi.o
 .debug_aranges
                0x000005d0      0x100 src/asf/avr32/drivers/usbb/usbb_device.o
 .debug_aranges
                0x000006d0      0x160 src/asf/avr32/services/fs/fat/fat.o
 .debug_aranges
                0x00000830      0x128 src/asf/avr32/services/fs/fat/fat_unusual.o
 .debug_aranges
                0x00000958       0x98 src/asf/avr32/services/fs/fat/file.o
 .debug_aranges
                0x000009f0      0x218 src/asf/avr32/services/fs/fat/navigation.o
 .debug_aranges
                0x00000c08       0x50 src/asf/common/services/clock/uc3b0_b1/sysclk.o
 .debug_aranges
                0x00000c58       0x80 src/asf/common/services/storage/ctrl_access/ctrl_access.o
 .debug_aranges
                0x00000cd8       0x78 src/asf/common/services/usb/class/hid/device/kbd/udi_hid_kbd.o
 .debug_aranges
                0x00000d50       0x20 src/asf/common/services/usb/class/hid/device/udi_hid.o
 .debug_aranges
                0x00000d70       0x60 src/asf/common/services/usb/udc/udc.o
 .debug_aranges
                0x00000dd0       0x68 src/main.o
 .debug_aranges
                0x00000e38       0x20 c:/program files (x86)/atmel/atmel studio 6.0/extensions/atmel/avrgcc/3.4.1.95/avrtoolchain/bin/../lib/gcc/avr32/4.4.3/../../../../avr32/lib/ucr1\libc.a(lib_a-memcmp.o)
 .debug_aranges
                0x00000e58       0x20 c:/program files (x86)/atmel/atmel studio 6.0/extensions/atmel/avrgcc/3.4.1.95/avrtoolchain/bin/../lib/gcc/avr32/4.4.3/../../../../avr32/lib/ucr1\libc.a(lib_a-memset.o)

.debug_pubnames
                0x00000000     0x2a23
 *(.debug_pubnames)
 .debug_pubnames
                0x00000000       0x21 src/asf/avr32/boards/evk1101/init.o
 .debug_pubnames
                0x00000021       0xf6 src/asf/avr32/boards/evk1101/led.o
 .debug_pubnames
                0x00000117      0x3b1 src/asf/avr32/components/memory/sd_mmc/sd_mmc_spi/sd_mmc_spi.o
 .debug_pubnames
                0x000004c8       0xe8 src/asf/avr32/components/memory/sd_mmc/sd_mmc_spi/sd_mmc_spi_mem.o
 .debug_pubnames
                0x000005b0      0x771 src/asf/avr32/drivers/flashc/flashc.o
 .debug_pubnames
                0x00000d21      0x330 src/asf/avr32/drivers/gpio/gpio.o
 .debug_pubnames
                0x00001051       0x62 src/asf/avr32/drivers/intc/intc.o
 .debug_pubnames
                0x000010b3      0x178 src/asf/avr32/drivers/spi/spi.o
 .debug_pubnames
                0x0000122b      0x1a2 src/asf/avr32/drivers/usbb/usbb_device.o
 .debug_pubnames
                0x000013cd      0x5a8 src/asf/avr32/services/fs/fat/fat.o
 .debug_pubnames
                0x00001975      0x480 src/asf/avr32/services/fs/fat/fat_unusual.o
 .debug_pubnames
                0x00001df5       0xf8 src/asf/avr32/services/fs/fat/file.o
 .debug_pubnames
                0x00001eed      0x5d8 src/asf/avr32/services/fs/fat/navigation.o
 .debug_pubnames
                0x000024c5       0xc7 src/asf/common/services/clock/uc3b0_b1/sysclk.o
 .debug_pubnames
                0x0000258c       0x25 src/asf/common/services/sleepmgr/uc3/sleepmgr.o
 .debug_pubnames
                0x000025b1       0xfc src/asf/common/services/storage/ctrl_access/ctrl_access.o
 .debug_pubnames
                0x000026ad      0x120 src/asf/common/services/usb/class/hid/device/kbd/udi_hid_kbd.o
 .debug_pubnames
                0x000027cd       0x63 src/asf/common/services/usb/class/hid/device/kbd/udi_hid_kbd_desc.o
 .debug_pubnames
                0x00002830       0x24 src/asf/common/services/usb/class/hid/device/udi_hid.o
 .debug_pubnames
                0x00002854       0x51 src/asf/common/services/usb/udc/udc.o
 .debug_pubnames
                0x000028a5      0x116 src/main.o
 .debug_pubnames
                0x000029bb       0x2e c:/program files (x86)/atmel/atmel studio 6.0/extensions/atmel/avrgcc/3.4.1.95/avrtoolchain/bin/../lib/gcc/avr32/4.4.3/../../../../avr32/lib/ucr1\libc.a(lib_a-ctype_.o)
 .debug_pubnames
                0x000029e9       0x1d c:/program files (x86)/atmel/atmel studio 6.0/extensions/atmel/avrgcc/3.4.1.95/avrtoolchain/bin/../lib/gcc/avr32/4.4.3/../../../../avr32/lib/ucr1\libc.a(lib_a-memcmp.o)
 .debug_pubnames
                0x00002a06       0x1d c:/program files (x86)/atmel/atmel studio 6.0/extensions/atmel/avrgcc/3.4.1.95/avrtoolchain/bin/../lib/gcc/avr32/4.4.3/../../../../avr32/lib/ucr1\libc.a(lib_a-memset.o)

.debug_info     0x00000000    0x1bc39
 *(.debug_info .gnu.linkonce.wi.*)
 .debug_info    0x00000000       0xa1 src/asf/avr32/boards/evk1101/init.o
 .debug_info    0x000000a1      0xf05 src/asf/avr32/boards/evk1101/led.o
 .debug_info    0x00000fa6     0x12c8 src/asf/avr32/components/memory/sd_mmc/sd_mmc_spi/sd_mmc_spi.o
 .debug_info    0x0000226e      0x228 src/asf/avr32/components/memory/sd_mmc/sd_mmc_spi/sd_mmc_spi_mem.o
 .debug_info    0x00002496     0x1d23 src/asf/avr32/drivers/flashc/flashc.o
 .debug_info    0x000041b9      0xb14 src/asf/avr32/drivers/gpio/gpio.o
 .debug_info    0x00004ccd      0x56e src/asf/avr32/drivers/intc/intc.o
 .debug_info    0x0000523b     0x1084 src/asf/avr32/drivers/spi/spi.o
 .debug_info    0x000062bf     0xd4ac src/asf/avr32/drivers/usbb/usbb_device.o
 .debug_info    0x0001376b      0xe73 src/asf/avr32/services/fs/fat/fat.o
 .debug_info    0x000145de     0x114a src/asf/avr32/services/fs/fat/fat_unusual.o
 .debug_info    0x00015728      0x6cb src/asf/avr32/services/fs/fat/file.o
 .debug_info    0x00015df3     0x1187 src/asf/avr32/services/fs/fat/navigation.o
 .debug_info    0x00016f7a     0x172e src/asf/common/services/clock/uc3b0_b1/sysclk.o
 .debug_info    0x000186a8       0xf2 src/asf/common/services/sleepmgr/uc3/sleepmgr.o
 .debug_info    0x0001879a      0x56d src/asf/common/services/storage/ctrl_access/ctrl_access.o
 .debug_info    0x00018d07      0x67b src/asf/common/services/usb/class/hid/device/kbd/udi_hid_kbd.o
 .debug_info    0x00019382      0x61a src/asf/common/services/usb/class/hid/device/kbd/udi_hid_kbd_desc.o
 .debug_info    0x0001999c      0x3e0 src/asf/common/services/usb/class/hid/device/udi_hid.o
 .debug_info    0x00019d7c      0xc83 src/asf/common/services/usb/udc/udc.o
 .debug_info    0x0001a9ff     0x1017 src/main.o
 .debug_info    0x0001ba16       0x71 c:/program files (x86)/atmel/atmel studio 6.0/extensions/atmel/avrgcc/3.4.1.95/avrtoolchain/bin/../lib/gcc/avr32/4.4.3/../../../../avr32/lib/ucr1\libc.a(lib_a-ctype_.o)
 .debug_info    0x0001ba87       0xe5 c:/program files (x86)/atmel/atmel studio 6.0/extensions/atmel/avrgcc/3.4.1.95/avrtoolchain/bin/../lib/gcc/avr32/4.4.3/../../../../avr32/lib/ucr1\libc.a(lib_a-memcmp.o)
 .debug_info    0x0001bb6c       0xcd c:/program files (x86)/atmel/atmel studio 6.0/extensions/atmel/avrgcc/3.4.1.95/avrtoolchain/bin/../lib/gcc/avr32/4.4.3/../../../../avr32/lib/ucr1\libc.a(lib_a-memset.o)

.debug_abbrev   0x00000000     0x2e6c
 *(.debug_abbrev)
 .debug_abbrev  0x00000000       0x4c src/asf/avr32/boards/evk1101/init.o
 .debug_abbrev  0x0000004c      0x286 src/asf/avr32/boards/evk1101/led.o
 .debug_abbrev  0x000002d2      0x2a4 src/asf/avr32/components/memory/sd_mmc/sd_mmc_spi/sd_mmc_spi.o
 .debug_abbrev  0x00000576      0x145 src/asf/avr32/components/memory/sd_mmc/sd_mmc_spi/sd_mmc_spi_mem.o
 .debug_abbrev  0x000006bb      0x332 src/asf/avr32/drivers/flashc/flashc.o
 .debug_abbrev  0x000009ed      0x28b src/asf/avr32/drivers/gpio/gpio.o
 .debug_abbrev  0x00000c78      0x1e5 src/asf/avr32/drivers/intc/intc.o
 .debug_abbrev  0x00000e5d      0x29d src/asf/avr32/drivers/spi/spi.o
 .debug_abbrev  0x000010fa      0x46c src/asf/avr32/drivers/usbb/usbb_device.o
 .debug_abbrev  0x00001566      0x270 src/asf/avr32/services/fs/fat/fat.o
 .debug_abbrev  0x000017d6      0x20a src/asf/avr32/services/fs/fat/fat_unusual.o
 .debug_abbrev  0x000019e0      0x207 src/asf/avr32/services/fs/fat/file.o
 .debug_abbrev  0x00001be7      0x22f src/asf/avr32/services/fs/fat/navigation.o
 .debug_abbrev  0x00001e16      0x2d8 src/asf/common/services/clock/uc3b0_b1/sysclk.o
 .debug_abbrev  0x000020ee       0x7d src/asf/common/services/sleepmgr/uc3/sleepmgr.o
 .debug_abbrev  0x0000216b      0x176 src/asf/common/services/storage/ctrl_access/ctrl_access.o
 .debug_abbrev  0x000022e1      0x288 src/asf/common/services/usb/class/hid/device/kbd/udi_hid_kbd.o
 .debug_abbrev  0x00002569       0xfb src/asf/common/services/usb/class/hid/device/kbd/udi_hid_kbd_desc.o
 .debug_abbrev  0x00002664      0x14c src/asf/common/services/usb/class/hid/device/udi_hid.o
 .debug_abbrev  0x000027b0      0x272 src/asf/common/services/usb/udc/udc.o
 .debug_abbrev  0x00002a22      0x2da src/main.o
 .debug_abbrev  0x00002cfc       0x59 c:/program files (x86)/atmel/atmel studio 6.0/extensions/atmel/avrgcc/3.4.1.95/avrtoolchain/bin/../lib/gcc/avr32/4.4.3/../../../../avr32/lib/ucr1\libc.a(lib_a-ctype_.o)
 .debug_abbrev  0x00002d55       0x92 c:/program files (x86)/atmel/atmel studio 6.0/extensions/atmel/avrgcc/3.4.1.95/avrtoolchain/bin/../lib/gcc/avr32/4.4.3/../../../../avr32/lib/ucr1\libc.a(lib_a-memcmp.o)
 .debug_abbrev  0x00002de7       0x85 c:/program files (x86)/atmel/atmel studio 6.0/extensions/atmel/avrgcc/3.4.1.95/avrtoolchain/bin/../lib/gcc/avr32/4.4.3/../../../../avr32/lib/ucr1\libc.a(lib_a-memset.o)

.debug_line     0x00000000     0xcc73
 *(.debug_line)
 .debug_line    0x00000000      0x6bb src/asf/avr32/boards/evk1101/init.o
 .debug_line    0x000006bb      0x772 src/asf/avr32/boards/evk1101/led.o
 .debug_line    0x00000e2d      0xabe src/asf/avr32/components/memory/sd_mmc/sd_mmc_spi/sd_mmc_spi.o
 .debug_line    0x000018eb      0x7f1 src/asf/avr32/components/memory/sd_mmc/sd_mmc_spi/sd_mmc_spi_mem.o
 .debug_line    0x000020dc      0xc05 src/asf/avr32/drivers/flashc/flashc.o
 .debug_line    0x00002ce1      0x8a2 src/asf/avr32/drivers/gpio/gpio.o
 .debug_line    0x00003583      0x660 src/asf/avr32/drivers/intc/intc.o
 .debug_line    0x00003be3      0x7ad src/asf/avr32/drivers/spi/spi.o
 .debug_line    0x00004390      0xe87 src/asf/avr32/drivers/usbb/usbb_device.o
 .debug_line    0x00005217      0xc78 src/asf/avr32/services/fs/fat/fat.o
 .debug_line    0x00005e8f      0xda5 src/asf/avr32/services/fs/fat/fat_unusual.o
 .debug_line    0x00006c34      0x98c src/asf/avr32/services/fs/fat/file.o
 .debug_line    0x000075c0      0xe10 src/asf/avr32/services/fs/fat/navigation.o
 .debug_line    0x000083d0      0x8cd src/asf/common/services/clock/uc3b0_b1/sysclk.o
 .debug_line    0x00008c9d      0x6bb src/asf/common/services/sleepmgr/uc3/sleepmgr.o
 .debug_line    0x00009358      0x858 src/asf/common/services/storage/ctrl_access/ctrl_access.o
 .debug_line    0x00009bb0      0x94a src/asf/common/services/usb/class/hid/device/kbd/udi_hid_kbd.o
 .debug_line    0x0000a4fa      0x792 src/asf/common/services/usb/class/hid/device/kbd/udi_hid_kbd_desc.o
 .debug_line    0x0000ac8c      0x7c4 src/asf/common/services/usb/class/hid/device/udi_hid.o
 .debug_line    0x0000b450      0x8dc src/asf/common/services/usb/udc/udc.o
 .debug_line    0x0000bd2c      0xbd1 src/main.o
 .debug_line    0x0000c8fd       0x78 c:/program files (x86)/atmel/atmel studio 6.0/extensions/atmel/avrgcc/3.4.1.95/avrtoolchain/bin/../lib/gcc/avr32/4.4.3/../../../../avr32/lib/ucr1\libc.a(lib_a-ctype_.o)
 .debug_line    0x0000c975      0x182 c:/program files (x86)/atmel/atmel studio 6.0/extensions/atmel/avrgcc/3.4.1.95/avrtoolchain/bin/../lib/gcc/avr32/4.4.3/../../../../avr32/lib/ucr1\libc.a(lib_a-memcmp.o)
 .debug_line    0x0000caf7      0x17c c:/program files (x86)/atmel/atmel studio 6.0/extensions/atmel/avrgcc/3.4.1.95/avrtoolchain/bin/../lib/gcc/avr32/4.4.3/../../../../avr32/lib/ucr1\libc.a(lib_a-memset.o)

.debug_frame    0x00000000     0x29c8
 *(.debug_frame)
 .debug_frame   0x00000000       0x28 src/asf/avr32/boards/evk1101/init.o
 .debug_frame   0x00000028       0xf8 src/asf/avr32/boards/evk1101/led.o
 .debug_frame   0x00000120      0x364 src/asf/avr32/components/memory/sd_mmc/sd_mmc_spi/sd_mmc_spi.o
 .debug_frame   0x00000484       0xb4 src/asf/avr32/components/memory/sd_mmc/sd_mmc_spi/sd_mmc_spi_mem.o
 .debug_frame   0x00000538      0x698 src/asf/avr32/drivers/flashc/flashc.o
 .debug_frame   0x00000bd0      0x204 src/asf/avr32/drivers/gpio/gpio.o
 .debug_frame   0x00000dd4       0x64 src/asf/avr32/drivers/intc/intc.o
 .debug_frame   0x00000e38      0x158 src/asf/avr32/drivers/spi/spi.o
 .debug_frame   0x00000f90      0x290 src/asf/avr32/drivers/usbb/usbb_device.o
 .debug_frame   0x00001220      0x434 src/asf/avr32/services/fs/fat/fat.o
 .debug_frame   0x00001654      0x504 src/asf/avr32/services/fs/fat/fat_unusual.o
 .debug_frame   0x00001b58      0x1d8 src/asf/avr32/services/fs/fat/file.o
 .debug_frame   0x00001d30      0x714 src/asf/avr32/services/fs/fat/navigation.o
 .debug_frame   0x00002444       0xb0 src/asf/common/services/clock/uc3b0_b1/sysclk.o
 .debug_frame   0x000024f4      0x138 src/asf/common/services/storage/ctrl_access/ctrl_access.o
 .debug_frame   0x0000262c      0x130 src/asf/common/services/usb/class/hid/device/kbd/udi_hid_kbd.o
 .debug_frame   0x0000275c       0x2c src/asf/common/services/usb/class/hid/device/udi_hid.o
 .debug_frame   0x00002788      0x100 src/asf/common/services/usb/udc/udc.o
 .debug_frame   0x00002888       0xf8 src/main.o
 .debug_frame   0x00002980       0x28 c:/program files (x86)/atmel/atmel studio 6.0/extensions/atmel/avrgcc/3.4.1.95/avrtoolchain/bin/../lib/gcc/avr32/4.4.3/../../../../avr32/lib/ucr1\libc.a(lib_a-memcmp.o)
 .debug_frame   0x000029a8       0x20 c:/program files (x86)/atmel/atmel studio 6.0/extensions/atmel/avrgcc/3.4.1.95/avrtoolchain/bin/../lib/gcc/avr32/4.4.3/../../../../avr32/lib/ucr1\libc.a(lib_a-memset.o)

.debug_str      0x00000000     0x8645
 *(.debug_str)
 .debug_str     0x00000000       0xda src/asf/avr32/boards/evk1101/init.o
                                0x113 (size before relaxing)
 .debug_str     0x000000da      0x3b9 src/asf/avr32/boards/evk1101/led.o
                                0x4c4 (size before relaxing)
 .debug_str     0x00000493      0x670 src/asf/avr32/components/memory/sd_mmc/sd_mmc_spi/sd_mmc_spi.o
                                0x7d2 (size before relaxing)
 .debug_str     0x00000b03      0x150 src/asf/avr32/components/memory/sd_mmc/sd_mmc_spi/sd_mmc_spi_mem.o
                                0x289 (size before relaxing)
 .debug_str     0x00000c53      0xa5d src/asf/avr32/drivers/flashc/flashc.o
                                0xc23 (size before relaxing)
 .debug_str     0x000016b0      0x303 src/asf/avr32/drivers/gpio/gpio.o
                                0x527 (size before relaxing)
 .debug_str     0x000019b3      0x337 src/asf/avr32/drivers/intc/intc.o
                                0x42c (size before relaxing)
 .debug_str     0x00001cea      0x1c4 src/asf/avr32/drivers/spi/spi.o
                                0x561 (size before relaxing)
 .debug_str     0x00001eae     0x389b src/asf/avr32/drivers/usbb/usbb_device.o
                               0x3bd6 (size before relaxing)
 .debug_str     0x00005749      0x903 src/asf/avr32/services/fs/fat/fat.o
                                0xab8 (size before relaxing)
 .debug_str     0x0000604c      0x6a2 src/asf/avr32/services/fs/fat/fat_unusual.o
                                0xae4 (size before relaxing)
 .debug_str     0x000066ee      0x1c8 src/asf/avr32/services/fs/fat/file.o
                                0x524 (size before relaxing)
 .debug_str     0x000068b6      0x78b src/asf/avr32/services/fs/fat/navigation.o
                                0xbc3 (size before relaxing)
 .debug_str     0x00007041      0x323 src/asf/common/services/clock/uc3b0_b1/sysclk.o
                                0x7c5 (size before relaxing)
 .debug_str     0x00007364       0x33 src/asf/common/services/sleepmgr/uc3/sleepmgr.o
                                0x1bb (size before relaxing)
 .debug_str     0x00007397      0x12e src/asf/common/services/storage/ctrl_access/ctrl_access.o
                                0x2df (size before relaxing)
 .debug_str     0x000074c5      0x2bf src/asf/common/services/usb/class/hid/device/kbd/udi_hid_kbd.o
                                0x4e5 (size before relaxing)
 .debug_str     0x00007784      0x425 src/asf/common/services/usb/class/hid/device/kbd/udi_hid_kbd_desc.o
                                0x5ec (size before relaxing)
 .debug_str     0x00007ba9      0x217 src/asf/common/services/usb/class/hid/device/udi_hid.o
                                0x490 (size before relaxing)
 .debug_str     0x00007dc0      0x54c src/asf/common/services/usb/udc/udc.o
                                0xafa (size before relaxing)
 .debug_str     0x0000830c      0x21c src/main.o
                                0x6f7 (size before relaxing)
 .debug_str     0x00008528       0x5f c:/program files (x86)/atmel/atmel studio 6.0/extensions/atmel/avrgcc/3.4.1.95/avrtoolchain/bin/../lib/gcc/avr32/4.4.3/../../../../avr32/lib/ucr1\libc.a(lib_a-ctype_.o)
                                 0x7c (size before relaxing)
 .debug_str     0x00008587       0x5f c:/program files (x86)/atmel/atmel studio 6.0/extensions/atmel/avrgcc/3.4.1.95/avrtoolchain/bin/../lib/gcc/avr32/4.4.3/../../../../avr32/lib/ucr1\libc.a(lib_a-memcmp.o)
                                 0xfb (size before relaxing)
 .debug_str     0x000085e6       0x5f c:/program files (x86)/atmel/atmel studio 6.0/extensions/atmel/avrgcc/3.4.1.95/avrtoolchain/bin/../lib/gcc/avr32/4.4.3/../../../../avr32/lib/ucr1\libc.a(lib_a-memset.o)
                                 0xfb (size before relaxing)

.debug_loc      0x00000000     0x719e
 *(.debug_loc)
 .debug_loc     0x00000000       0x1f src/asf/avr32/boards/evk1101/init.o
 .debug_loc     0x0000001f      0x183 src/asf/avr32/boards/evk1101/led.o
 .debug_loc     0x000001a2      0x911 src/asf/avr32/components/memory/sd_mmc/sd_mmc_spi/sd_mmc_spi.o
 .debug_loc     0x00000ab3      0x131 src/asf/avr32/components/memory/sd_mmc/sd_mmc_spi/sd_mmc_spi_mem.o
 .debug_loc     0x00000be4     0x131a src/asf/avr32/drivers/flashc/flashc.o
 .debug_loc     0x00001efe      0x368 src/asf/avr32/drivers/gpio/gpio.o
 .debug_loc     0x00002266       0xb2 src/asf/avr32/drivers/intc/intc.o
 .debug_loc     0x00002318      0x376 src/asf/avr32/drivers/spi/spi.o
 .debug_loc     0x0000268e      0x66b src/asf/avr32/drivers/usbb/usbb_device.o
 .debug_loc     0x00002cf9      0xbab src/asf/avr32/services/fs/fat/fat.o
 .debug_loc     0x000038a4     0x137b src/asf/avr32/services/fs/fat/fat_unusual.o
 .debug_loc     0x00004c1f      0x5a0 src/asf/avr32/services/fs/fat/file.o
 .debug_loc     0x000051bf     0x11d1 src/asf/avr32/services/fs/fat/navigation.o
 .debug_loc     0x00006390      0x154 src/asf/common/services/clock/uc3b0_b1/sysclk.o
 .debug_loc     0x000064e4      0x3d7 src/asf/common/services/storage/ctrl_access/ctrl_access.o
 .debug_loc     0x000068bb      0x247 src/asf/common/services/usb/class/hid/device/kbd/udi_hid_kbd.o
 .debug_loc     0x00006b02      0x15c src/asf/common/services/usb/class/hid/device/udi_hid.o
 .debug_loc     0x00006c5e      0x3b0 src/asf/common/services/usb/udc/udc.o
 .debug_loc     0x0000700e      0x153 src/main.o
 .debug_loc     0x00007161       0x3d c:/program files (x86)/atmel/atmel studio 6.0/extensions/atmel/avrgcc/3.4.1.95/avrtoolchain/bin/../lib/gcc/avr32/4.4.3/../../../../avr32/lib/ucr1\libc.a(lib_a-memcmp.o)

.debug_macinfo  0x00000000  0x11809a9
 *(.debug_macinfo)
 .debug_macinfo
                0x00000000    0xd412e src/asf/avr32/boards/evk1101/init.o
 .debug_macinfo
                0x000d412e    0xd3cd4 src/asf/avr32/boards/evk1101/led.o
 .debug_macinfo
                0x001a7e02    0xd528d src/asf/avr32/components/memory/sd_mmc/sd_mmc_spi/sd_mmc_spi.o
 .debug_macinfo
                0x0027d08f    0xd50ae src/asf/avr32/components/memory/sd_mmc/sd_mmc_spi/sd_mmc_spi_mem.o
 .debug_macinfo
                0x0035213d    0xd2e24 src/asf/avr32/drivers/flashc/flashc.o
 .debug_macinfo
                0x00424f61    0xd2f81 src/asf/avr32/drivers/gpio/gpio.o
 .debug_macinfo
                0x004f7ee2    0xd2e33 src/asf/avr32/drivers/intc/intc.o
 .debug_macinfo
                0x005cad15    0xd2d2f src/asf/avr32/drivers/spi/spi.o
 .debug_macinfo
                0x0069da44    0xdd908 src/asf/avr32/drivers/usbb/usbb_device.o
 .debug_macinfo
                0x0077b34c    0xd63dc src/asf/avr32/services/fs/fat/fat.o
 .debug_macinfo
                0x00851728    0xd63dd src/asf/avr32/services/fs/fat/fat_unusual.o
 .debug_macinfo
                0x00927b05    0xd647e src/asf/avr32/services/fs/fat/file.o
 .debug_macinfo
                0x009fdf83    0xd66fb src/asf/avr32/services/fs/fat/navigation.o
 .debug_macinfo
                0x00ad467e    0xd5032 src/asf/common/services/clock/uc3b0_b1/sysclk.o
 .debug_macinfo
                0x00ba96b0    0xd2df8 src/asf/common/services/sleepmgr/uc3/sleepmgr.o
 .debug_macinfo
                0x00c7c4a8    0xd63ee src/asf/common/services/storage/ctrl_access/ctrl_access.o
 .debug_macinfo
                0x00d52896    0xd50e2 src/asf/common/services/usb/class/hid/device/kbd/udi_hid_kbd.o
 .debug_macinfo
                0x00e27978    0xd4faf src/asf/common/services/usb/class/hid/device/kbd/udi_hid_kbd_desc.o
 .debug_macinfo
                0x00efc927    0xd4fa6 src/asf/common/services/usb/class/hid/device/udi_hid.o
 .debug_macinfo
                0x00fd18cd    0xd503e src/asf/common/services/usb/udc/udc.o
 .debug_macinfo
                0x010a690b    0xda09e src/main.o

.debug_weaknames
 *(.debug_weaknames)

.debug_funcnames
 *(.debug_funcnames)

.debug_typenames
 *(.debug_typenames)

.debug_varnames
 *(.debug_varnames)

.stack          0x00007000     0x1000
                0x00007000                _stack = .
 *(.stack)
                0x00001000                . = __stack_size__
 *fill*         0x00007000     0x1000 00
                0x00008000                _estack = .

.userpage
 *(.userpage .userpage.*)

/DISCARD/
 *(.note.GNU-stack)
OUTPUT(duck.elf elf32-avr32)

.debug_ranges   0x00000000      0xe48
 .debug_ranges  0x00000000       0x18 src/asf/avr32/boards/evk1101/init.o
 .debug_ranges  0x00000018       0x70 src/asf/avr32/boards/evk1101/led.o
 .debug_ranges  0x00000088       0xe8 src/asf/avr32/components/memory/sd_mmc/sd_mmc_spi/sd_mmc_spi.o
 .debug_ranges  0x00000170       0x48 src/asf/avr32/components/memory/sd_mmc/sd_mmc_spi/sd_mmc_spi_mem.o
 .debug_ranges  0x000001b8      0x210 src/asf/avr32/drivers/flashc/flashc.o
 .debug_ranges  0x000003c8       0xf8 src/asf/avr32/drivers/gpio/gpio.o
 .debug_ranges  0x000004c0       0x48 src/asf/avr32/drivers/intc/intc.o
 .debug_ranges  0x00000508       0xa0 src/asf/avr32/drivers/spi/spi.o
 .debug_ranges  0x000005a8      0x140 src/asf/avr32/drivers/usbb/usbb_device.o
 .debug_ranges  0x000006e8      0x158 src/asf/avr32/services/fs/fat/fat.o
 .debug_ranges  0x00000840      0x120 src/asf/avr32/services/fs/fat/fat_unusual.o
 .debug_ranges  0x00000960       0x90 src/asf/avr32/services/fs/fat/file.o
 .debug_ranges  0x000009f0      0x228 src/asf/avr32/services/fs/fat/navigation.o
 .debug_ranges  0x00000c18       0x48 src/asf/common/services/clock/uc3b0_b1/sysclk.o
 .debug_ranges  0x00000c60       0x78 src/asf/common/services/storage/ctrl_access/ctrl_access.o
 .debug_ranges  0x00000cd8       0x70 src/asf/common/services/usb/class/hid/device/kbd/udi_hid_kbd.o
 .debug_ranges  0x00000d48       0x18 src/asf/common/services/usb/class/hid/device/udi_hid.o
 .debug_ranges  0x00000d60       0x58 src/asf/common/services/usb/udc/udc.o
 .debug_ranges  0x00000db8       0x60 src/main.o
 .debug_ranges  0x00000e18       0x18 c:/program files (x86)/atmel/atmel studio 6.0/extensions/atmel/avrgcc/3.4.1.95/avrtoolchain/bin/../lib/gcc/avr32/4.4.3/../../../../avr32/lib/ucr1\libc.a(lib_a-memcmp.o)
 .debug_ranges  0x00000e30       0x18 c:/program files (x86)/atmel/atmel studio 6.0/extensions/atmel/avrgcc/3.4.1.95/avrtoolchain/bin/../lib/gcc/avr32/4.4.3/../../../../avr32/lib/ucr1\libc.a(lib_a-memset.o)
