Archive member included because of file (symbol)

c:/program files (x86)/atmel/atmel studio 6.0/extensions/atmel/avrgcc/3.4.1.95/avrtoolchain/bin/../lib/gcc/avr32/4.4.3/../../../../avr32/lib/ucr1\libc.a(lib_a-ctype_.o)
                              src/asf/avr32/services/fs/fat/navigation.o (__ctype_ptr)
c:/program files (x86)/atmel/atmel studio 6.0/extensions/atmel/avrgcc/3.4.1.95/avrtoolchain/bin/../lib/gcc/avr32/4.4.3/../../../../avr32/lib/ucr1\libc.a(lib_a-fprintf.o)
                              src/asf/thirdparty/dlmalloc/dlmalloc.o (fprintf)
c:/program files (x86)/atmel/atmel studio 6.0/extensions/atmel/avrgcc/3.4.1.95/avrtoolchain/bin/../lib/gcc/avr32/4.4.3/../../../../avr32/lib/ucr1\libc.a(lib_a-impure.o)
                              src/asf/thirdparty/dlmalloc/dlmalloc.o (_impure_ptr)
c:/program files (x86)/atmel/atmel studio 6.0/extensions/atmel/avrgcc/3.4.1.95/avrtoolchain/bin/../lib/gcc/avr32/4.4.3/../../../../avr32/lib/ucr1\libc.a(lib_a-memcpy.o)
                              src/asf/avr32/services/fs/fat/fat.o (memcpy)
c:/program files (x86)/atmel/atmel studio 6.0/extensions/atmel/avrgcc/3.4.1.95/avrtoolchain/bin/../lib/gcc/avr32/4.4.3/../../../../avr32/lib/ucr1\libc.a(lib_a-memset.o)
                              src/asf/thirdparty/dlmalloc/dlmalloc.o (memset)
c:/program files (x86)/atmel/atmel studio 6.0/extensions/atmel/avrgcc/3.4.1.95/avrtoolchain/bin/../lib/gcc/avr32/4.4.3/../../../../avr32/lib/ucr1\libc.a(lib_a-vfprintf.o)
                              c:/program files (x86)/atmel/atmel studio 6.0/extensions/atmel/avrgcc/3.4.1.95/avrtoolchain/bin/../lib/gcc/avr32/4.4.3/../../../../avr32/lib/ucr1\libc.a(lib_a-fprintf.o) (_vfprintf_r)
c:/program files (x86)/atmel/atmel studio 6.0/extensions/atmel/avrgcc/3.4.1.95/avrtoolchain/bin/../lib/gcc/avr32/4.4.3/../../../../avr32/lib/ucr1\libc.a(lib_a-wsetup.o)
                              c:/program files (x86)/atmel/atmel studio 6.0/extensions/atmel/avrgcc/3.4.1.95/avrtoolchain/bin/../lib/gcc/avr32/4.4.3/../../../../avr32/lib/ucr1\libc.a(lib_a-vfprintf.o) (__swsetup_r)
c:/program files (x86)/atmel/atmel studio 6.0/extensions/atmel/avrgcc/3.4.1.95/avrtoolchain/bin/../lib/gcc/avr32/4.4.3/../../../../avr32/lib/ucr1\libc.a(lib_a-dtoa.o)
                              c:/program files (x86)/atmel/atmel studio 6.0/extensions/atmel/avrgcc/3.4.1.95/avrtoolchain/bin/../lib/gcc/avr32/4.4.3/../../../../avr32/lib/ucr1\libc.a(lib_a-vfprintf.o) (_dtoa_r)
c:/program files (x86)/atmel/atmel studio 6.0/extensions/atmel/avrgcc/3.4.1.95/avrtoolchain/bin/../lib/gcc/avr32/4.4.3/../../../../avr32/lib/ucr1\libc.a(lib_a-fflush.o)
                              c:/program files (x86)/atmel/atmel studio 6.0/extensions/atmel/avrgcc/3.4.1.95/avrtoolchain/bin/../lib/gcc/avr32/4.4.3/../../../../avr32/lib/ucr1\libc.a(lib_a-vfprintf.o) (_fflush_r)
c:/program files (x86)/atmel/atmel studio 6.0/extensions/atmel/avrgcc/3.4.1.95/avrtoolchain/bin/../lib/gcc/avr32/4.4.3/../../../../avr32/lib/ucr1\libc.a(lib_a-findfp.o)
                              c:/program files (x86)/atmel/atmel studio 6.0/extensions/atmel/avrgcc/3.4.1.95/avrtoolchain/bin/../lib/gcc/avr32/4.4.3/../../../../avr32/lib/ucr1\libc.a(lib_a-vfprintf.o) (__sinit)
c:/program files (x86)/atmel/atmel studio 6.0/extensions/atmel/avrgcc/3.4.1.95/avrtoolchain/bin/../lib/gcc/avr32/4.4.3/../../../../avr32/lib/ucr1\libc.a(lib_a-freer.o)
                              c:/program files (x86)/atmel/atmel studio 6.0/extensions/atmel/avrgcc/3.4.1.95/avrtoolchain/bin/../lib/gcc/avr32/4.4.3/../../../../avr32/lib/ucr1\libc.a(lib_a-wsetup.o) (_free_r)
c:/program files (x86)/atmel/atmel studio 6.0/extensions/atmel/avrgcc/3.4.1.95/avrtoolchain/bin/../lib/gcc/avr32/4.4.3/../../../../avr32/lib/ucr1\libc.a(lib_a-fvwrite.o)
                              c:/program files (x86)/atmel/atmel studio 6.0/extensions/atmel/avrgcc/3.4.1.95/avrtoolchain/bin/../lib/gcc/avr32/4.4.3/../../../../avr32/lib/ucr1\libc.a(lib_a-vfprintf.o) (__sfvwrite_r)
c:/program files (x86)/atmel/atmel studio 6.0/extensions/atmel/avrgcc/3.4.1.95/avrtoolchain/bin/../lib/gcc/avr32/4.4.3/../../../../avr32/lib/ucr1\libc.a(lib_a-fwalk.o)
                              c:/program files (x86)/atmel/atmel studio 6.0/extensions/atmel/avrgcc/3.4.1.95/avrtoolchain/bin/../lib/gcc/avr32/4.4.3/../../../../avr32/lib/ucr1\libc.a(lib_a-fflush.o) (_fwalk_reent)
c:/program files (x86)/atmel/atmel studio 6.0/extensions/atmel/avrgcc/3.4.1.95/avrtoolchain/bin/../lib/gcc/avr32/4.4.3/../../../../avr32/lib/ucr1\libc.a(lib_a-locale.o)
                              c:/program files (x86)/atmel/atmel studio 6.0/extensions/atmel/avrgcc/3.4.1.95/avrtoolchain/bin/../lib/gcc/avr32/4.4.3/../../../../avr32/lib/ucr1\libc.a(lib_a-vfprintf.o) (_localeconv_r)
c:/program files (x86)/atmel/atmel studio 6.0/extensions/atmel/avrgcc/3.4.1.95/avrtoolchain/bin/../lib/gcc/avr32/4.4.3/../../../../avr32/lib/ucr1\libc.a(lib_a-makebuf.o)
[...]
Memory Configuration

Name             Origin             Length             Attributes
FLASH            0x80000000         0x00040000         axrl !w
INTRAM           0x00000004         0x00007ffc         axw !rl
USERPAGE         0x80800000         0x00000200
*default*        0x00000000         0xffffffff

Linker script and memory map

                0x00001000                _stack_size = 0x1000
LOAD src/asf/avr32/components/memory/sd_mmc/sd_mmc_spi/sd_mmc_spi.o
LOAD src/asf/avr32/services/freq_detect/freq_detect.o
LOAD src/asf/avr32/services/fs/fat/fat.o
LOAD src/asf/avr32/services/fs/fat/fat_unusual.o
LOAD src/asf/avr32/services/fs/fat/file.o
LOAD src/asf/avr32/services/fs/fat/navigation.o
LOAD src/asf/thirdparty/dlmalloc/dlmalloc.o
LOAD src/asf/thirdparty/dlmalloc/dlsbrk.o
LOAD src/asf/avr32/components/memory/sd_mmc/sd_mmc_spi/sd_mmc_spi_mem.o
LOAD src/asf/avr32/boards/evk1101/init.o
LOAD src/asf/avr32/boards/evk1101/led.o
LOAD src/asf/avr32/drivers/eic/eic.o
LOAD src/asf/avr32/drivers/flashc/flashc.o
LOAD src/asf/avr32/drivers/gpio/gpio.o
LOAD src/asf/avr32/drivers/intc/exception.o
LOAD src/asf/avr32/drivers/intc/intc.o
LOAD src/asf/avr32/drivers/pm/pm.o
LOAD src/asf/avr32/drivers/pm/pm_conf_clocks.o
LOAD src/asf/avr32/drivers/pm/power_clocks_lib.o
LOAD src/asf/avr32/drivers/spi/spi.o
LOAD src/asf/avr32/drivers/usbb/usbb_device.o
LOAD src/asf/avr32/utils/startup/startup_uc3.o
LOAD src/asf/avr32/utils/startup/trampoline_uc3.o
LOAD src/asf/common/components/memory/data_flash/at45dbx/at45dbx.o
LOAD src/asf/common/components/memory/data_flash/at45dbx/at45dbx_mem.o
LOAD src/asf/common/services/clock/uc3b0_b1/sysclk.o
LOAD src/asf/common/services/sleepmgr/uc3/sleepmgr.o
LOAD src/asf/common/services/spi/uc3_spi/spi_master.o
LOAD src/asf/common/services/storage/ctrl_access/ctrl_access.o
LOAD src/asf/common/services/usb/class/composite/device/example3/at32uc3b0256_evk1101/ui.o
LOAD src/asf/common/services/usb/class/composite/device/udi_composite_desc.o
LOAD src/asf/common/services/usb/class/hid/device/kbd/udi_hid_kbd.o
LOAD src/asf/common/services/usb/class/hid/device/udi_hid.o
LOAD src/asf/common/services/usb/class/msc/device/udi_msc.o
LOAD src/asf/common/services/usb/udc/udc.o
LOAD src/main.o
START GROUP
LOAD c:/program files (x86)/atmel/atmel studio 6.0/extensions/atmel/avrgcc/3.4.1.95/avrtoolchain/bin/../lib/gcc/avr32/4.4.3/../../../../avr32/lib/ucr1\libm.a
END GROUP
LOAD c:/program files (x86)/atmel/atmel studio 6.0/extensions/atmel/avrgcc/3.4.1.95/avrtoolchain/bin/../lib/gcc/avr32/4.4.3/ucr1\libgcc.a
LOAD c:/program files (x86)/atmel/atmel studio 6.0/extensions/atmel/avrgcc/3.4.1.95/avrtoolchain/bin/../lib/gcc/avr32/4.4.3/../../../../avr32/lib/ucr1\libc.a
LOAD c:/program files (x86)/atmel/atmel studio 6.0/extensions/atmel/avrgcc/3.4.1.95/avrtoolchain/bin/../lib/gcc/avr32/4.4.3/ucr1\libgcc.a
                0xffffffff                __max_heap_size__ = 0xffffffff
                [0xffffffff]                __heap_size__ = DEFINED (__heap_size__)?__heap_size__:__max_heap_size__
                [0x00001000]                __stack_size__ = DEFINED (__stack_size__)?__stack_size__:0x1000
                0x80000000                PROVIDE (__executable_start, 0x80000000)
                0x80000000                . = 0x80000000

.interp
 *(.interp)

.reset          0x80000000     0x2008
 *(.reset)
 .reset         0x80000000        0x4 src/asf/avr32/utils/startup/startup_uc3.o
                                  0x8 (size before relaxing)
                0x80000000                _start
 .reset         0x80000004     0x2004 src/asf/avr32/utils/startup/trampoline_uc3.o
                               0x2008 (size before relaxing)
                0x80000004                _trampoline

.hash
 *(.hash)

.dynsym
 *(.dynsym)

.dynstr
 *(.dynstr)

.gnu.version
 *(.gnu.version)

.gnu.version_d
 *(.gnu.version_d)

.gnu.version_r
 *(.gnu.version_r)

.rel.init
 *(.rel.init)

.rela.init
 *(.rela.init)

.rel.text
 *(.rel.text .rel.text.* .rel.gnu.linkonce.t.*)

.rela.text
 *(.rela.text .rela.text.* .rela.gnu.linkonce.t.*)

.rel.fini
 *(.rel.fini)

.rela.fini
 *(.rela.fini)

.rel.rodata
 *(.rel.rodata .rel.rodata.* .rel.gnu.linkonce.r.*)

.rela.rodata
 *(.rela.rodata .rela.rodata.* .rela.gnu.linkonce.r.*)

.rel.data.rel.ro
 *(.rel.data.rel.ro*)

.rela.data.rel.ro
 *(.rel.data.rel.ro*)

.rel.data
 *(.rel.data .rel.data.* .rel.gnu.linkonce.d.*)

.rela.data
 *(.rela.data .rela.data.* .rela.gnu.linkonce.d.*)

.rel.tdata
 *(.rel.tdata .rel.tdata.* .rel.gnu.linkonce.td.*)

.rela.tdata
 *(.rela.tdata .rela.tdata.* .rela.gnu.linkonce.td.*)

.rel.tbss
 *(.rel.tbss .rel.tbss.* .rel.gnu.linkonce.tb.*)

.rela.tbss
 *(.rela.tbss .rela.tbss.* .rela.gnu.linkonce.tb.*)

.rel.ctors
 *(.rel.ctors)

.rela.ctors
 *(.rela.ctors)

.rel.dtors
 *(.rel.dtors)

.rela.dtors
 *(.rela.dtors)

.rel.got
 *(.rel.got)

.rela.got       0x80002008        0x0
 *(.rela.got)
 .rela.got      0x80002008        0x0 src/asf/avr32/drivers/flashc/flashc.o

.rel.bss
 *(.rel.bss .rel.bss.* .rel.gnu.linkonce.b.*)

.rela.bss
 *(.rela.bss .rela.bss.* .rela.gnu.linkonce.b.*)

.rel.plt
 *(.rel.plt)

.rela.plt
 *(.rela.plt)

.init
 *(.init)

.plt
 *(.plt)

.text           0x80002008     0x6200
 *(.text .stub .text.* .gnu.linkonce.t.*)
 .text.sd_mmc_spi_get_capacity
                0x80002008      0x11c src/asf/avr32/components/memory/sd_mmc/sd_mmc_spi/sd_mmc_spi.o
                0x80002008                sd_mmc_spi_get_capacity
 .text.sd_mmc_spi_write_close
                0x80002124        0x2 src/asf/avr32/components/memory/sd_mmc/sd_mmc_spi/sd_mmc_spi.o
                0x80002124                sd_mmc_spi_write_close
 *fill*         0x80002126        0x2 d703d703
 .text.sd_mmc_spi_send_and_read
                0x80002128       0x34 src/asf/avr32/components/memory/sd_mmc/sd_mmc_spi/sd_mmc_spi.o
                0x80002128                sd_mmc_spi_send_and_read
 .text.sd_mmc_spi_wait_not_busy
                0x8000215c       0x58 src/asf/avr32/components/memory/sd_mmc/sd_mmc_spi/sd_mmc_spi.o
                0x8000215c                sd_mmc_spi_wait_not_busy
 .text.sd_mmc_spi_write_open
                0x800021b4       0x18 src/asf/avr32/components/memory/sd_mmc/sd_mmc_spi/sd_mmc_spi.o
                0x800021b4                sd_mmc_spi_write_open
 .text.sd_mmc_spi_read_close
                0x800021cc        0xc src/asf/avr32/components/memory/sd_mmc/sd_mmc_spi/sd_mmc_spi.o
                0x800021cc                sd_mmc_spi_read_close
 .text.sd_mmc_spi_read_open
                0x800021d8       0x18 src/asf/avr32/components/memory/sd_mmc/sd_mmc_spi/sd_mmc_spi.o
                0x800021d8                sd_mmc_spi_read_open
 .text.sd_mmc_spi_command
                0x800021f0       0xc8 src/asf/avr32/components/memory/sd_mmc/sd_mmc_spi/sd_mmc_spi.o
                0x800021f0                sd_mmc_spi_command
 .text.sd_mmc_spi_send_command
                0x800022b8       0x40 src/asf/avr32/components/memory/sd_mmc/sd_mmc_spi/sd_mmc_spi.o
                0x800022b8                sd_mmc_spi_send_command
 .text.sd_mmc_spi_check_presence
                0x800022f8       0x7c src/asf/avr32/components/memory/sd_mmc/sd_mmc_spi/sd_mmc_spi.o
                0x800022f8                sd_mmc_spi_check_presence
 .text.sd_mmc_spi_write_sector_from_ram
                0x80002374      0x14c src/asf/avr32/components/memory/sd_mmc/sd_mmc_spi/sd_mmc_spi.o
                0x80002374                sd_mmc_spi_write_sector_from_ram
 .text.sd_mmc_spi_check_hc
                0x800024c0       0x8c src/asf/avr32/components/memory/sd_mmc/sd_mmc_spi/sd_mmc_spi.o
                0x800024c0                sd_mmc_spi_check_hc
 .text.sd_mmc_spi_get_if
                0x8000254c       0xb8 src/asf/avr32/components/memory/sd_mmc/sd_mmc_spi/sd_mmc_spi.o
                0x8000254c                sd_mmc_spi_get_if
 .text.sd_mmc_spi_read_sector_to_ram
                0x80002604      0x150 src/asf/avr32/components/memory/sd_mmc/sd_mmc_spi/sd_mmc_spi.o
                0x80002604                sd_mmc_spi_read_sector_to_ram
 .text.sd_mmc_spi_get_csd
                0x80002754       0xf4 src/asf/avr32/components/memory/sd_mmc/sd_mmc_spi/sd_mmc_spi.o
                0x80002754                sd_mmc_spi_get_csd
 .text.sd_mmc_spi_write_multiple_sector
                0x80002848       0x30 src/asf/avr32/components/memory/sd_mmc/sd_mmc_spi/sd_mmc_spi.o
                0x80002848                sd_mmc_spi_write_multiple_sector
 .text.sd_mmc_spi_read_multiple_sector
                0x80002878       0x30 src/asf/avr32/components/memory/sd_mmc/sd_mmc_spi/sd_mmc_spi.o
                0x80002878                sd_mmc_spi_read_multiple_sector
 .text.sd_mmc_spi_internal_init
                0x800028a8      0x2a8 src/asf/avr32/components/memory/sd_mmc/sd_mmc_spi/sd_mmc_spi.o
                0x800028a8                sd_mmc_spi_internal_init
 .text.sd_mmc_spi_mem_check
                0x80002b50       0x28 src/asf/avr32/components/memory/sd_mmc/sd_mmc_spi/sd_mmc_spi.o
                0x80002b50                sd_mmc_spi_mem_check
 .text.sd_mmc_spi_init
                0x80002b78       0x34 src/asf/avr32/components/memory/sd_mmc/sd_mmc_spi/sd_mmc_spi.o
                0x80002b78                sd_mmc_spi_init
 .text.fat_check_open
                0x80002bac       0x20 src/asf/avr32/services/fs/fat/fat.o
                0x80002bac                fat_check_open
 .text.fat_check_select
                0x80002bcc       0x20 src/asf/avr32/services/fs/fat/fat.o
                0x80002bcc                fat_check_select
 .text.fat_check_is_file
                0x80002bec       0x1c src/asf/avr32/services/fs/fat/fat.o
                0x80002bec                fat_check_is_file
 .text.fat_checkcluster
                0x80002c08       0x60 src/asf/avr32/services/fs/fat/fat.o
                0x80002c08                fat_checkcluster
 .text.fat_cache_clusterlist_reset
                0x80002c68       0x28 src/asf/avr32/services/fs/fat/fat.o
                0x80002c68                fat_cache_clusterlist_reset
 .text.fat_cache_clusterlist_update_start
                0x80002c90       0x40 src/asf/avr32/services/fs/fat/fat.o
                0x80002c90                fat_cache_clusterlist_update_start
 .text.fat_cache_clusterlist_update_select
                0x80002cd0       0x68 src/asf/avr32/services/fs/fat/fat.o
                0x80002cd0                fat_cache_clusterlist_update_select
 .text.fat_cache_clusterlist_update_finish
                0x80002d38       0x58 src/asf/avr32/services/fs/fat/fat.o
                0x80002d38                fat_cache_clusterlist_update_finish
 .text.fat_cache_clusterlist_update_read
                0x80002d90      0x124 src/asf/avr32/services/fs/fat/fat.o
                0x80002d90                fat_cache_clusterlist_update_read
 .text.fat_entry_is_dir
                0x80002eb4       0x18 src/asf/avr32/services/fs/fat/fat.o
                0x80002eb4                fat_entry_is_dir
 .text.fat_clear_entry_info_and_ptr
                0x80002ecc       0x3c src/asf/avr32/services/fs/fat/fat.o
                0x80002ecc                fat_clear_entry_info_and_ptr
 .text.fat_check_eof_name
                0x80002f08       0x26 src/asf/avr32/services/fs/fat/fat.o
                0x80002f08                fat_check_eof_name
 *fill*         0x80002f2e        0x2 d703d703
 .text.fat_get_ptr_entry
                0x80002f30       0x18 src/asf/avr32/services/fs/fat/fat.o
                0x80002f30                fat_get_ptr_entry
 .text.fat_entry_longname
                0x80002f48      0x194 src/asf/avr32/services/fs/fat/fat.o
                0x80002f48                fat_entry_longname
 .text.fat_entry_shortname
                0x800030dc      0x108 src/asf/avr32/services/fs/fat/fat.o
                0x800030dc                fat_entry_shortname
 .text.fat_get_entry_info
                0x800031e4       0x48 src/asf/avr32/services/fs/fat/fat.o
                0x800031e4                fat_get_entry_info
 .text.fat_entry_check
                0x8000322c       0x5c src/asf/avr32/services/fs/fat/fat.o
                0x8000322c                fat_entry_check
 .text.fat_cache_reset
                0x80003288       0x18 src/asf/avr32/services/fs/fat/fat.o
                0x80003288                fat_cache_reset
 .text.fat_check_nav_access_file
                0x800032a0       0x78 src/asf/avr32/services/fs/fat/fat.o
                0x800032a0                fat_check_nav_access_file
 .text.fat_invert_nav
                0x80003318       0xdc src/asf/avr32/services/fs/fat/fat.o
                0x80003318                fat_invert_nav
 .text.fat_cache_flush
                0x800033f4       0x54 src/asf/avr32/services/fs/fat/fat.o
                0x800033f4                fat_cache_flush
 .text.fat_cache_read_sector
                0x80003448       0x80 src/asf/avr32/services/fs/fat/fat.o
                0x80003448                fat_cache_read_sector
 .text.fat_cluster_readnext
                0x800034c8       0x94 src/asf/avr32/services/fs/fat/fat.o
                0x800034c8                fat_cluster_readnext
 .text.fat_cluster_val
                0x8000355c      0x144 src/asf/avr32/services/fs/fat/fat.o
                0x8000355c                fat_cluster_val
 .text.fat_cluster_list
                0x800036a0      0x224 src/asf/avr32/services/fs/fat/fat.o
                0x800036a0                fat_cluster_list
 .text.fat_read_dir
                0x800038c4       0x84 src/asf/avr32/services/fs/fat/fat.o
                0x800038c4                fat_read_dir
 .text.fat_read_file
                0x80003948       0xdc src/asf/avr32/services/fs/fat/fat.o
                0x80003948                fat_read_file
 .text.fat_check_device
                0x80003a24       0xb8 src/asf/avr32/services/fs/fat/fat.o
                0x80003a24                fat_check_device
 .text.fat_check_noopen
                0x80003adc       0x3c src/asf/avr32/services/fs/fat/fat.o
                0x80003adc                fat_check_noopen
 .text.fat_check_mount
                0x80003b18       0x38 src/asf/avr32/services/fs/fat/fat.o
                0x80003b18                fat_check_mount
 .text.fat_check_mount_select
                0x80003b50       0x18 src/asf/avr32/services/fs/fat/fat.o
                0x80003b50                fat_check_mount_select
 .text.fat_check_mount_select_open
                0x80003b68       0x24 src/asf/avr32/services/fs/fat/fat.o
                0x80003b68                fat_check_mount_select_open
 .text.fat_check_mount_select_noopen
                0x80003b8c       0x24 src/asf/avr32/services/fs/fat/fat.o
                0x80003b8c                fat_check_mount_select_noopen
 .text.fat_check_mount_noopen
                0x80003bb0       0x18 src/asf/avr32/services/fs/fat/fat.o
                0x80003bb0                fat_check_mount_noopen
 .text.fat_mount
                0x80003bc8      0x2fc src/asf/avr32/services/fs/fat/fat_unusual.o
                0x80003bc8                fat_mount
 .text.file_close
                0x80003ec4       0x18 src/asf/avr32/services/fs/fat/file.o
                0x80003ec4                file_close
 .text.file_eof
                0x80003edc       0x24 src/asf/avr32/services/fs/fat/file.o
                0x80003edc                file_eof
 .text.file_bof
                0x80003f00       0x20 src/asf/avr32/services/fs/fat/file.o
                0x80003f00                file_bof
 .text.file_seek
                0x80003f20       0xb4 src/asf/avr32/services/fs/fat/file.o
                0x80003f20                file_seek
 .text.file_getpos
                0x80003fd4       0x18 src/asf/avr32/services/fs/fat/file.o
                0x80003fd4                file_getpos
 .text.file_getc
                0x80003fec       0x6c src/asf/avr32/services/fs/fat/file.o
                0x80003fec                file_getc
 .text.file_read_buf
                0x80004058      0x190 src/asf/avr32/services/fs/fat/file.o
                0x80004058                file_read_buf
 .text.file_open
                0x800041e8       0x78 src/asf/avr32/services/fs/fat/file.o
                0x800041e8                file_open
 .text.nav_getindex
                0x80004260       0x20 src/asf/avr32/services/fs/fat/navigation.o
                0x80004260                nav_getindex
 .text.nav_file_name
                0x80004280       0xdc src/asf/avr32/services/fs/fat/navigation.o
                0x80004280                nav_file_name
 .text.nav_filelist_set
                0x8000435c      0x168 src/asf/avr32/services/fs/fat/navigation.o
                0x8000435c                nav_filelist_set
 .text.nav_filelist_findname
                0x800044c4       0x30 src/asf/avr32/services/fs/fat/navigation.o
                0x800044c4                nav_filelist_findname
 .text.nav_filelist_reset
                0x800044f4       0x18 src/asf/avr32/services/fs/fat/navigation.o
                0x800044f4                nav_filelist_reset
 .text.nav_dir_gotoparent
                0x8000450c       0xa0 src/asf/avr32/services/fs/fat/navigation.o
                0x8000450c                nav_dir_gotoparent
 .text.nav_dir_cd
                0x800045ac       0x40 src/asf/avr32/services/fs/fat/navigation.o
                0x800045ac                nav_dir_cd
 .text.nav_partition_mount
                0x800045ec       0x3c src/asf/avr32/services/fs/fat/navigation.o
                0x800045ec                nav_partition_mount
 .text.nav_dir_root
                0x80004628        0xc src/asf/avr32/services/fs/fat/navigation.o
                0x80004628                nav_dir_root
 .text.nav_drive_set
                0x80004634       0x54 src/asf/avr32/services/fs/fat/navigation.o
                0x80004634                nav_drive_set
 .text.nav_gotoindex
                0x80004688       0x5c src/asf/avr32/services/fs/fat/navigation.o
                0x80004688                nav_gotoindex
 .text.nav_setcwd
                0x800046e4      0x1ac src/asf/avr32/services/fs/fat/navigation.o
                0x800046e4                nav_setcwd
 .text.nav_select
                0x80004890       0x48 src/asf/avr32/services/fs/fat/navigation.o
                0x80004890                nav_select
 .text.nav_reset
                0x800048d8       0x6c src/asf/avr32/services/fs/fat/navigation.o
                0x800048d8                nav_reset
 .text.sd_mmc_spi_wr_protect
                0x80004944        0x2 src/asf/avr32/components/memory/sd_mmc/sd_mmc_spi/sd_mmc_spi_mem.o
                0x80004944                sd_mmc_spi_wr_protect
 .text.sd_mmc_spi_removal
                0x80004946        0x2 src/asf/avr32/components/memory/sd_mmc/sd_mmc_spi/sd_mmc_spi_mem.o
                0x80004946                sd_mmc_spi_removal
 .text.sd_mmc_spi_write_multiple_sector_callback
                0x80004948       0x18 src/asf/avr32/components/memory/sd_mmc/sd_mmc_spi/sd_mmc_spi_mem.o
                0x80004948                sd_mmc_spi_write_multiple_sector_callback
 .text.sd_mmc_spi_read_multiple_sector_callback
                0x80004960       0x18 src/asf/avr32/components/memory/sd_mmc/sd_mmc_spi/sd_mmc_spi_mem.o
                0x80004960                sd_mmc_spi_read_multiple_sector_callback
 .text.sd_mmc_spi_test_unit_ready
                0x80004978       0x6c src/asf/avr32/components/memory/sd_mmc/sd_mmc_spi/sd_mmc_spi_mem.o
                0x80004978                sd_mmc_spi_test_unit_ready
 .text.sd_mmc_spi_mem_init
                0x800049e4        0xc src/asf/avr32/components/memory/sd_mmc/sd_mmc_spi/sd_mmc_spi_mem.o
                0x800049e4                sd_mmc_spi_mem_init
 .text.sd_mmc_spi_ram_2_mem
                0x800049f0       0x68 src/asf/avr32/components/memory/sd_mmc/sd_mmc_spi/sd_mmc_spi_mem.o
                0x800049f0                sd_mmc_spi_ram_2_mem
 .text.sd_mmc_spi_mem_2_ram
                0x80004a58       0x68 src/asf/avr32/components/memory/sd_mmc/sd_mmc_spi/sd_mmc_spi_mem.o
                0x80004a58                sd_mmc_spi_mem_2_ram
 .text.sd_mmc_spi_usb_write_10
                0x80004ac0       0x5c src/asf/avr32/components/memory/sd_mmc/sd_mmc_spi/sd_mmc_spi_mem.o
                0x80004ac0                sd_mmc_spi_usb_write_10
 .text.sd_mmc_spi_usb_read_10
                0x80004b1c       0x64 src/asf/avr32/components/memory/sd_mmc/sd_mmc_spi/sd_mmc_spi_mem.o
                0x80004b1c                sd_mmc_spi_usb_read_10
 .text.sd_mmc_spi_read_capacity
                0x80004b80       0x40 src/asf/avr32/components/memory/sd_mmc/sd_mmc_spi/sd_mmc_spi_mem.o
                0x80004b80                sd_mmc_spi_read_capacity
 .text.board_init
                0x80004bc0       0x78 src/asf/avr32/boards/evk1101/init.o
                0x80004bc0                board_init
 .text.LED_Set_Intensity
                0x80004c38       0xa0 src/asf/avr32/boards/evk1101/led.o
                0x80004c38                LED_Set_Intensity
 .text.LED_On   0x80004cd8       0x50 src/asf/avr32/boards/evk1101/led.o
                0x80004cd8                LED_On
 .text.LED_Off  0x80004d28       0x54 src/asf/avr32/boards/evk1101/led.o
                0x80004d28                LED_Off
 .text.eic_clear_interrupt_line
                0x80004d7c       0x16 src/asf/avr32/drivers/eic/eic.o
                0x80004d7c                eic_clear_interrupt_line
 .text.flashc_set_wait_state
                0x80004d92        0xe src/asf/avr32/drivers/flashc/flashc.o
                0x80004d92                flashc_set_wait_state
 .text.flashc_set_bus_freq
                0x80004da0       0x24 src/asf/avr32/drivers/flashc/flashc.o
                0x80004da0                flashc_set_bus_freq
 .text.gpio_enable_module_pin
                0x80004dc4       0x52 src/asf/avr32/drivers/gpio/gpio.o
                0x80004dc4                gpio_enable_module_pin
 *fill*         0x80004e16        0x2 d703d703
 .text.gpio_enable_module
                0x80004e18       0x30 src/asf/avr32/drivers/gpio/gpio.o
                0x80004e18                gpio_enable_module
 .text.gpio_configure_pin
                0x80004e48       0xb8 src/asf/avr32/drivers/gpio/gpio.o
                0x80004e48                gpio_configure_pin
 .text.gpio_get_pin_value
                0x80004f00       0x16 src/asf/avr32/drivers/gpio/gpio.o
                0x80004f00                gpio_get_pin_value
 .text.gpio_clear_pin_interrupt_flag
                0x80004f16       0x16 src/asf/avr32/drivers/gpio/gpio.o
                0x80004f16                gpio_clear_pin_interrupt_flag
 .text._unhandled_interrupt
                0x80004f2c        0x2 src/asf/avr32/drivers/intc/intc.o
 *fill*         0x80004f2e        0x2 d703d703
 .text.INTC_register_interrupt
                0x80004f30       0x80 src/asf/avr32/drivers/intc/intc.o
                0x80004f30                INTC_register_interrupt
 .text.INTC_init_interrupts
                0x80004fb0       0x54 src/asf/avr32/drivers/intc/intc.o
                0x80004fb0                INTC_init_interrupts
 .text._get_interrupt_handler
                0x80005004       0x38 src/asf/avr32/drivers/intc/intc.o
                0x80005004                _get_interrupt_handler
 .text.getBaudDiv
                0x8000503c       0x20 src/asf/avr32/drivers/spi/spi.o
                0x8000503c                getBaudDiv
 .text.spi_initMaster
                0x8000505c       0x38 src/asf/avr32/drivers/spi/spi.o
                0x8000505c                spi_initMaster
 .text.spi_selectionMode
                0x80005094       0x2c src/asf/avr32/drivers/spi/spi.o
                0x80005094                spi_selectionMode
 .text.spi_selectChip
                0x800050c0       0x4c src/asf/avr32/drivers/spi/spi.o
                0x800050c0                spi_selectChip
 .text.spi_unselectChip
                0x8000510c       0x28 src/asf/avr32/drivers/spi/spi.o
                0x8000510c                spi_unselectChip
 .text.spi_setupChipReg
                0x80005134       0xb8 src/asf/avr32/drivers/spi/spi.o
                0x80005134                spi_setupChipReg
 .text.spi_enable
                0x800051ec        0x6 src/asf/avr32/drivers/spi/spi.o
                0x800051ec                spi_enable
 .text.spi_is_enabled
                0x800051f2        0x8 src/asf/avr32/drivers/spi/spi.o
                0x800051f2                spi_is_enabled
 .text.spi_write
                0x800051fa       0x1c src/asf/avr32/drivers/spi/spi.o
                0x800051fa                spi_write
 .text.spi_read
                0x80005216       0x20 src/asf/avr32/drivers/spi/spi.o
                0x80005216                spi_read
 .text.udd_set_address
                0x80005236       0x22 src/asf/avr32/drivers/usbb/usbb_device.o
                0x80005236                udd_set_address
 .text.udd_getaddress
                0x80005258        0xc src/asf/avr32/drivers/usbb/usbb_device.o
                0x80005258                udd_getaddress
 .text.udd_get_frame_number
                0x80005264        0xc src/asf/avr32/drivers/usbb/usbb_device.o
                0x80005264                udd_get_frame_number
 .text.udd_set_setup_payload
                0x80005270        0xc src/asf/avr32/drivers/usbb/usbb_device.o
                0x80005270                udd_set_setup_payload
 .text.udd_ep_is_halted
                0x8000527c       0x12 src/asf/avr32/drivers/usbb/usbb_device.o
                0x8000527c                udd_ep_is_halted
 *fill*         0x8000528e        0x2 d703d703
 .text.udd_ep_set_halt
                0x80005290       0xa8 src/asf/avr32/drivers/usbb/usbb_device.o
                0x80005290                udd_ep_set_halt
 .text.udd_ep_clear_halt
                0x80005338       0xc8 src/asf/avr32/drivers/usbb/usbb_device.o
                0x80005338                udd_ep_clear_halt
 .text.udd_ep_wait_stall_clear
                0x80005400       0x60 src/asf/avr32/drivers/usbb/usbb_device.o
                0x80005400                udd_ep_wait_stall_clear
 .text.udd_ctrl_stall_data
                0x80005460       0x18 src/asf/avr32/drivers/usbb/usbb_device.o
 .text.udd_ctrl_endofrequest
                0x80005478       0x14 src/asf/avr32/drivers/usbb/usbb_device.o
 .text.udd_ep_finish_job
                0x8000548c       0x3a src/asf/avr32/drivers/usbb/usbb_device.o
 *fill*         0x800054c6        0x2 d703d703
 .text.udd_ep_abort_job
                0x800054c8       0x24 src/asf/avr32/drivers/usbb/usbb_device.o
 .text.udd_ep_abort
                0x800054ec       0x68 src/asf/avr32/drivers/usbb/usbb_device.o
                0x800054ec                udd_ep_abort
 .text.udd_ep_free
                0x80005554       0x58 src/asf/avr32/drivers/usbb/usbb_device.o
                0x80005554                udd_ep_free
 .text.udd_sleep_mode
                0x800055ac       0x50 src/asf/avr32/drivers/usbb/usbb_device.o
 .text.udd_send_remotewakeup
                0x800055fc       0x34 src/asf/avr32/drivers/usbb/usbb_device.o
                0x800055fc                udd_send_remotewakeup
 .text.udd_detach
                0x80005630       0x28 src/asf/avr32/drivers/usbb/usbb_device.o
                0x80005630                udd_detach
 .text.udd_attach
                0x80005658       0x70 src/asf/avr32/drivers/usbb/usbb_device.o
                0x80005658                udd_attach
 .text.udd_ctrl_send_zlp_in
                0x800056c8       0x2c src/asf/avr32/drivers/usbb/usbb_device.o
 .text.udd_ctrl_init
                0x800056f4       0x34 src/asf/avr32/drivers/usbb/usbb_device.o
 .text.udd_ctrl_in_sent
                0x80005728      0x130 src/asf/avr32/drivers/usbb/usbb_device.o
 .text.udd_ep_trans_done
                0x80005858      0x150 src/asf/avr32/drivers/usbb/usbb_device.o
 .text.udd_interrupt
                0x800059a8      0x630 src/asf/avr32/drivers/usbb/usbb_device.o
 .text.udd_ep_run
                0x80005fd8       0x94 src/asf/avr32/drivers/usbb/usbb_device.o
                0x80005fd8                udd_ep_run
 .text.udd_ep_alloc
                0x8000606c      0x174 src/asf/avr32/drivers/usbb/usbb_device.o
                0x8000606c                udd_ep_alloc
 .text.udd_enable
                0x800061e0       0xe8 src/asf/avr32/drivers/usbb/usbb_device.o
                0x800061e0                udd_enable
 .text._stext   0x800062c8       0x40 src/asf/avr32/utils/startup/startup_uc3.o
                                 0x50 (size before relaxing)
                0x800062c8                _stext
 .text.sysclk_priv_enable_module
                0x80006308       0x2a src/asf/common/services/clock/uc3b0_b1/sysclk.o
                0x80006308                sysclk_priv_enable_module
 *fill*         0x80006332        0x2 d703d703
 .text.sysclk_enable_pbb_module
                0x80006334       0x40 src/asf/common/services/clock/uc3b0_b1/sysclk.o
                0x80006334                sysclk_enable_pbb_module
 .text.sysclk_enable_usb
                0x80006374       0x84 src/asf/common/services/clock/uc3b0_b1/sysclk.o
                0x80006374                sysclk_enable_usb
 .text.sysclk_init
                0x800063f8       0x50 src/asf/common/services/clock/uc3b0_b1/sysclk.o
                0x800063f8                sysclk_init
 .text.get_nb_lun
                0x80006448        0x2 src/asf/common/services/storage/ctrl_access/ctrl_access.o
                0x80006448                get_nb_lun
 *fill*         0x8000644a        0x2 d703d703
 .text.mem_test_unit_ready
                0x8000644c       0x14 src/asf/common/services/storage/ctrl_access/ctrl_access.o
                0x8000644c                mem_test_unit_ready
 .text.mem_read_capacity
                0x80006460       0x18 src/asf/common/services/storage/ctrl_access/ctrl_access.o
                0x80006460                mem_read_capacity
 .text.mem_sector_size
                0x80006478        0x6 src/asf/common/services/storage/ctrl_access/ctrl_access.o
                0x80006478                mem_sector_size
 *fill*         0x8000647e        0x2 d703d703
 .text.mem_wr_protect
                0x80006480       0x14 src/asf/common/services/storage/ctrl_access/ctrl_access.o
                0x80006480                mem_wr_protect
 .text.mem_name
                0x80006494       0x10 src/asf/common/services/storage/ctrl_access/ctrl_access.o
                0x80006494                mem_name
 .text.ram_2_memory
                0x800064a4       0x38 src/asf/common/services/storage/ctrl_access/ctrl_access.o
                0x800064a4                ram_2_memory
 .text.usb_2_memory
                0x800064dc       0x3c src/asf/common/services/storage/ctrl_access/ctrl_access.o
                0x800064dc                usb_2_memory
 .text.memory_2_ram
                0x80006518       0x38 src/asf/common/services/storage/ctrl_access/ctrl_access.o
                0x80006518                memory_2_ram
 .text.memory_2_usb
                0x80006550       0x3c src/asf/common/services/storage/ctrl_access/ctrl_access.o
                0x80006550                memory_2_usb
 .text.ui_start_write
                0x8000658c       0x10 src/asf/common/services/usb/class/composite/device/example3/at32uc3b0256_evk1101/ui.o
                0x8000658c                ui_start_write
 .text.ui_start_read
                0x8000659c       0x10 src/asf/common/services/usb/class/composite/device/example3/at32uc3b0256_evk1101/ui.o
                0x8000659c                ui_start_read
 .text.ui_wakeup
                0x800065ac       0x10 src/asf/common/services/usb/class/composite/device/example3/at32uc3b0256_evk1101/ui.o
                0x800065ac                ui_wakeup
 .text.ui_stop_write
                0x800065bc       0x10 src/asf/common/services/usb/class/composite/device/example3/at32uc3b0256_evk1101/ui.o
                0x800065bc                ui_stop_write
 .text.ui_stop_read
                0x800065cc       0x10 src/asf/common/services/usb/class/composite/device/example3/at32uc3b0256_evk1101/ui.o
                0x800065cc                ui_stop_read
 .text.ui_powerdown
                0x800065dc       0x14 src/asf/common/services/usb/class/composite/device/example3/at32uc3b0256_evk1101/ui.o
                0x800065dc                ui_powerdown
 .text.ui_init  0x800065f0       0x38 src/asf/common/services/usb/class/composite/device/example3/at32uc3b0256_evk1101/ui.o
                0x800065f0                ui_init
 .text.ui_wakeup_isr
                0x80006628       0x28 src/asf/common/services/usb/class/composite/device/example3/at32uc3b0256_evk1101/ui.o
 .text.udi_hid_kbd_getsetting
                0x80006650        0x2 src/asf/common/services/usb/class/hid/device/kbd/udi_hid_kbd.o
                0x80006650                udi_hid_kbd_getsetting
 *fill*         0x80006652        0x2 d703d703
 .text.udi_hid_kbd_setreport
                0x80006654       0x40 src/asf/common/services/usb/class/hid/device/kbd/udi_hid_kbd.o
 .text.udi_hid_kbd_send_report
                0x80006694       0x50 src/asf/common/services/usb/class/hid/device/kbd/udi_hid_kbd.o
 .text.udi_hid_kbd_report_sent
                0x800066e4       0x24 src/asf/common/services/usb/class/hid/device/kbd/udi_hid_kbd.o
 .text.udi_hid_kbd_down
                0x80006708       0x78 src/asf/common/services/usb/class/hid/device/kbd/udi_hid_kbd.o
                0x80006708                udi_hid_kbd_down
 .text.udi_hid_kbd_up
                0x80006780       0x98 src/asf/common/services/usb/class/hid/device/kbd/udi_hid_kbd.o
                0x80006780                udi_hid_kbd_up
 .text.udi_hid_kbd_modifier_down
                0x80006818       0x30 src/asf/common/services/usb/class/hid/device/kbd/udi_hid_kbd.o
                0x80006818                udi_hid_kbd_modifier_down
 .text.udi_hid_kbd_modifier_up
                0x80006848       0x34 src/asf/common/services/usb/class/hid/device/kbd/udi_hid_kbd.o
                0x80006848                udi_hid_kbd_modifier_up
 .text.udi_hid_kbd_setup
                0x8000687c       0x24 src/asf/common/services/usb/class/hid/device/kbd/udi_hid_kbd.o
                0x8000687c                udi_hid_kbd_setup
 .text.udi_hid_kbd_setreport_valid
                0x800068a0       0x14 src/asf/common/services/usb/class/hid/device/kbd/udi_hid_kbd.o
 .text.udi_hid_kbd_disable
                0x800068b4        0xc src/asf/common/services/usb/class/hid/device/kbd/udi_hid_kbd.o
                0x800068b4                udi_hid_kbd_disable
 .text.udi_hid_kbd_enable
                0x800068c0       0x3c src/asf/common/services/usb/class/hid/device/kbd/udi_hid_kbd.o
                0x800068c0                udi_hid_kbd_enable
 .text.udi_hid_setup
                0x800068fc      0x10c src/asf/common/services/usb/class/hid/device/udi_hid.o
                0x800068fc                udi_hid_setup
 .text.udi_msc_getsetting
                0x80006a08        0x2 src/asf/common/services/usb/class/msc/device/udi_msc.o
                0x80006a08                udi_msc_getsetting
 *fill*         0x80006a0a        0x2 d703d703
 .text.udi_msc_trans_ack
                0x80006a0c       0x18 src/asf/common/services/usb/class/msc/device/udi_msc.o
 .text.udi_msc_trans_block
                0x80006a24       0x90 src/asf/common/services/usb/class/msc/device/udi_msc.o
                0x80006a24                udi_msc_trans_block
 .text.udi_msc_clear_sense
                0x80006ab4       0x20 src/asf/common/services/usb/class/msc/device/udi_msc.o
 .text.udi_msc_sense_pass
                0x80006ad4       0x18 src/asf/common/services/usb/class/msc/device/udi_msc.o
 .text.udi_msc_sense_fail
                0x80006aec       0x4c src/asf/common/services/usb/class/msc/device/udi_msc.o
 .text.udi_msc_sense_fail_busy_or_change
                0x80006b38       0x14 src/asf/common/services/usb/class/msc/device/udi_msc.o
 .text.udi_msc_sense_fail_not_present
                0x80006b4c       0x14 src/asf/common/services/usb/class/msc/device/udi_msc.o
 .text.udi_msc_sense_fail_hardware
                0x80006b60       0x14 src/asf/common/services/usb/class/msc/device/udi_msc.o
 .text.udi_msc_sense_fail_cdb_invalid
                0x80006b74       0x14 src/asf/common/services/usb/class/msc/device/udi_msc.o
 .text.udi_msc_csw_send
                0x80006b88       0x34 src/asf/common/services/usb/class/msc/device/udi_msc.o
                0x80006b88                udi_msc_csw_send
 .text.udi_msc_csw_process
                0x80006bbc       0x4c src/asf/common/services/usb/class/msc/device/udi_msc.o
 .text.udi_msc_process_trans
                0x80006c08       0xa0 src/asf/common/services/usb/class/msc/device/udi_msc.o
                0x80006c08                udi_msc_process_trans
 .text.udi_msc_cbw_validate
                0x80006ca8       0x38 src/asf/common/services/usb/class/msc/device/udi_msc.o
 .text.udi_msc_data_send
                0x80006ce0       0x30 src/asf/common/services/usb/class/msc/device/udi_msc.o
 .text.udi_msc_data_sent
                0x80006d10       0x2c src/asf/common/services/usb/class/msc/device/udi_msc.o
 .text.udi_msc_cbw_wait
                0x80006d3c       0x30 src/asf/common/services/usb/class/msc/device/udi_msc.o
 .text.udi_msc_csw_sent
                0x80006d6c        0xc src/asf/common/services/usb/class/msc/device/udi_msc.o
 .text.udi_msc_cbw_invalid
                0x80006d78       0x2c src/asf/common/services/usb/class/msc/device/udi_msc.o
 .text.udi_msc_csw_invalid
                0x80006da4       0x30 src/asf/common/services/usb/class/msc/device/udi_msc.o
 .text.udi_msc_spc_mode_sense
                0x80006dd4       0xc4 src/asf/common/services/usb/class/msc/device/udi_msc.o
 .text.udi_msc_sbc_trans
                0x80006e98       0x9c src/asf/common/services/usb/class/msc/device/udi_msc.o
 .text.udi_msc_cbw_received
                0x80006f34      0x2c4 src/asf/common/services/usb/class/msc/device/udi_msc.o
 .text.udi_msc_setup
                0x800071f8       0xac src/asf/common/services/usb/class/msc/device/udi_msc.o
                0x800071f8                udi_msc_setup
 .text.udi_msc_disable
                0x800072a4       0x18 src/asf/common/services/usb/class/msc/device/udi_msc.o
                0x800072a4                udi_msc_disable
 .text.udi_msc_enable
                0x800072bc       0x44 src/asf/common/services/usb/class/msc/device/udi_msc.o
                0x800072bc                udi_msc_enable
 .text.udc_get_interface_desc
                0x80007300        0xc src/asf/common/services/usb/udc/udc.o
                0x80007300                udc_get_interface_desc
 .text.udc_sof_notify
                0x8000730c       0x50 src/asf/common/services/usb/udc/udc.o
                0x8000730c                udc_sof_notify
 .text.udc_get_eof_conf
                0x8000735c       0x20 src/asf/common/services/usb/udc/udc.o
 .text.udc_update_iface_desc
                0x8000737c       0x84 src/asf/common/services/usb/udc/udc.o
 .text.udc_next_desc_in_iface
                0x80007400       0x50 src/asf/common/services/usb/udc/udc.o
 .text.udc_valid_address
                0x80007450       0x18 src/asf/common/services/usb/udc/udc.o
 .text.udc_iface_enable
                0x80007468       0x60 src/asf/common/services/usb/udc/udc.o
 .text.udc_iface_disable
                0x800074c8       0x64 src/asf/common/services/usb/udc/udc.o
 .text.udc_reset
                0x8000752c       0x5c src/asf/common/services/usb/udc/udc.o
                0x8000752c                udc_reset
 .text.udc_process_setup
                0x80007588      0x4a4 src/asf/common/services/usb/udc/udc.o
                0x80007588                udc_process_setup
 .text.udc_start
                0x80007a2c        0xc src/asf/common/services/usb/udc/udc.o
                0x80007a2c                udc_start
 .text.main_keyboard_enable
                0x80007a38        0xc src/main.o
                0x80007a38                main_keyboard_enable
 .text.main_keyboard_disable
                0x80007a44        0xc src/main.o
                0x80007a44                main_keyboard_disable
 .text.main_msc_enable
                0x80007a50        0xc src/main.o
                0x80007a50                main_msc_enable
 .text.main_msc_disable
                0x80007a5c        0xc src/main.o
                0x80007a5c                main_msc_disable
 .text.ui_kbd_led
                0x80007a68       0x88 src/main.o
                0x80007a68                ui_kbd_led
 .text.process_frame
                0x80007af0      0x1d4 src/main.o
                0x80007af0                process_frame
 .text.memories_initialization
                0x80007cc4       0x8c src/main.o
                0x80007cc4                memories_initialization
 .text.main_sof_action
                0x80007d50       0x28 src/main.o
                0x80007d50                main_sof_action
 .text.main_resume_action
                0x80007d78        0xc src/main.o
                0x80007d78                main_resume_action
 .text.main_suspend_action
                0x80007d84        0xc src/main.o
                0x80007d84                main_suspend_action
 .text.main_vbus_action
                0x80007d90       0x1c src/main.o
                0x80007d90                main_vbus_action
 .text.main     0x80007dac      0x314 src/main.o
                0x80007dac                main
 .text          0x800080c0      0x148 c:/program files (x86)/atmel/atmel studio 6.0/extensions/atmel/avrgcc/3.4.1.95/avrtoolchain/bin/../lib/gcc/avr32/4.4.3/../../../../avr32/lib/ucr1\libc.a(lib_a-memcpy.o)
                0x800080c0                memcpy
 *(.text.*personality*)
 *(.gnu.warning)

.exception      0x80008400      0x200
 .exception     0x80008400      0x200 src/asf/avr32/drivers/intc/exception.o
                0x80008400                _evba
                0x80008504                _int0
                0x80008512                _int1
                0x80008520                _int2
                0x8000852e                _int3

.fini
 *(.fini)
                0x80008600                PROVIDE (__etext, .)
                0x80008600                PROVIDE (_etext, .)
                0x80008600                PROVIDE (etext, .)

.rodata         0x80008600      0x404
 *(.rodata .rodata.* .gnu.linkonce.r.*)
 .rodata.SD_MMC_SPI_GPIO_MAP.9672
                0x80008600       0x20 src/asf/avr32/boards/evk1101/init.o
 .rodata.LED_DESCRIPTOR
                0x80008620       0x40 src/asf/avr32/boards/evk1101/led.o
 .rodata._int_handler_table
                0x80008660       0x90 src/asf/avr32/drivers/intc/intc.o
 .rodata.lun_desc
                0x800086f0       0x24 src/asf/common/services/storage/ctrl_access/ctrl_access.o
 .rodata.str1.4
                0x80008714       0x10 src/asf/common/services/storage/ctrl_access/ctrl_access.o
 .rodata.udi_msc_cbw_received
                0x80008724      0x16c src/asf/common/services/usb/class/msc/device/udi_msc.o
 .rodata.process_frame
                0x80008890       0x28 src/main.o
 .rodata.injectFile
                0x800088b8        0x4 src/main.o
 .rodata.injectFile2
                0x800088bc        0x4 src/main.o
 .rodata.str1.4
                0x800088c0       0x30 src/main.o
 .rodata.C.82.12100
                0x800088f0       0x10 src/main.o
 .rodata._ctype_
                0x80008900      0x104 c:/program files (x86)/atmel/atmel studio 6.0/extensions/atmel/avrgcc/3.4.1.95/avrtoolchain/bin/../lib/gcc/avr32/4.4.3/../../../../avr32/lib/ucr1\libc.a(lib_a-ctype_.o)
                0x80008900                _ctype_

.rodata1
 *(.rodata1)

.eh_frame_hdr
 *(.eh_frame_hdr)

.eh_frame
 *(.eh_frame)

.gcc_except_table
 *(.gcc_except_table)
 *(.gcc_except_table.*)

.lalign         0x80008a04        0x4
                0x80008a08                . = ALIGN (0x8)
 *fill*         0x80008a04        0x4 00
                0x80008a08                PROVIDE (_data_lma, .)
                0x00000004                . = ORIGIN (INTRAM)

.dalign         0x00000004        0x4
                0x00000008                . = ALIGN (0x8)
 *fill*         0x00000004        0x4 00
                0x00000008                PROVIDE (_data, .)

.eh_frame
 *(.eh_frame)

.gcc_except_table
 *(.gcc_except_table)
 *(.gcc_except_table.*)

.tdata
 *(.tdata .tdata.* .gnu.linkonce.td.*)

.tbss
 *(.tbss .tbss.* .gnu.linkonce.tb.*)
 *(.tcommon)
                0x00000008                PROVIDE (__preinit_array_start, ALIGN (0x4))

.preinit_array
 *(.preinit_array)
                0x00000008                PROVIDE (__preinit_array_end, .)
                0x00000008                PROVIDE (__init_array_start, .)

.init_array
 *(.init_array)
                0x00000008                PROVIDE (__init_array_end, .)
                0x00000008                PROVIDE (__fini_array_start, .)

.fini_array
 *(.fini_array)
                0x00000008                PROVIDE (__fini_array_end, .)

.ctors
 *crtbegin*.o(.ctors)
 *(EXCLUDE_FILE(*crtend*.o) .ctors)
 *(SORT(.ctors.*))
 *(.ctors)

.dtors
 *crtbegin*.o(.dtors)
 *(EXCLUDE_FILE(*crtend*.o) .dtors)
 *(SORT(.dtors.*))
 *(.dtors)

.jcr
 *(.jcr)

.data.rel.ro
 *(.data.rel.ro.local)
 *(.data.rel.ro*)

.dynamic
 *(.dynamic)

.got
 *(.got.plt)
 *(.got)

.ramtext
 *(.ramtext .ramtext.*)

.ddalign        0x00000008        0x0 load address 0x80008a08
                0x00000008                . = ALIGN (0x8)

.data           0x00000008      0x164 load address 0x80008a08
 *(.data .data.* .gnu.linkonce.d.*)
 .data.sd_mmc_spi_presence_status
                0x00000008        0x1 src/asf/avr32/components/memory/sd_mmc/sd_mmc_spi/sd_mmc_spi_mem.o
                0x00000008                sd_mmc_spi_presence_status
 *fill*         0x00000009        0x3 00
 .data.LED_State
                0x0000000c        0x4 src/asf/avr32/boards/evk1101/led.o
 .data.udc_config_lsfs
                0x00000010        0x8 src/asf/common/services/usb/class/composite/device/udi_composite_desc.o
                0x00000010                udc_config_lsfs
 .data.udi_apis
                0x00000018        0x8 src/asf/common/services/usb/class/composite/device/udi_composite_desc.o
                0x00000018                udi_apis
 .data.udc_config
                0x00000020        0x8 src/asf/common/services/usb/class/composite/device/udi_composite_desc.o
                0x00000020                udc_config
 .data.udc_device_desc
                0x00000028       0x14 src/asf/common/services/usb/class/composite/device/udi_composite_desc.o
                0x00000028                udc_device_desc
 .data.udc_desc_fs
                0x0000003c       0x3c src/asf/common/services/usb/class/composite/device/udi_composite_desc.o
                0x0000003c                udc_desc_fs
 .data.udi_hid_kbd_report_desc
                0x00000078       0x3b src/asf/common/services/usb/class/hid/device/kbd/udi_hid_kbd.o
                0x00000078                udi_hid_kbd_report_desc
 *fill*         0x000000b3        0x1 00
 .data.udi_api_hid_kbd
                0x000000b4       0x14 src/asf/common/services/usb/class/hid/device/kbd/udi_hid_kbd.o
                0x000000b4                udi_api_hid_kbd
 .data.udi_msc_b_ack_trans
                0x000000c8        0x1 src/asf/common/services/usb/class/msc/device/udi_msc.o
                0x000000c8                udi_msc_b_ack_trans
 *fill*         0x000000c9        0x3 00
 .data.udi_api_msc
                0x000000cc       0x14 src/asf/common/services/usb/class/msc/device/udi_msc.o
                0x000000cc                udi_api_msc
 .data.udi_msc_inquiry_data.10556
                0x000000e0       0x24 src/asf/common/services/usb/class/msc/device/udi_msc.o
 .data.udi_msc_csw
                0x00000104       0x10 src/asf/common/services/usb/class/msc/device/udi_msc.o
 .data.udc_string_product_name
                0x00000114       0x18 src/asf/common/services/usb/udc/udc.o
 .data.udc_string_manufacturer_name
                0x0000012c        0x8 src/asf/common/services/usb/udc/udc.o
 .data.udc_string_desc
                0x00000134       0x2c src/asf/common/services/usb/udc/udc.o
 .data.udc_string_desc_languageid
                0x00000160        0x4 src/asf/common/services/usb/udc/udc.o
 .data.vidpidFile
                0x00000164        0x4 src/main.o
                0x00000164                vidpidFile
 .data.__ctype_ptr
                0x00000168        0x4 c:/program files (x86)/atmel/atmel studio 6.0/extensions/atmel/avrgcc/3.4.1.95/avrtoolchain/bin/../lib/gcc/avr32/4.4.3/../../../../avr32/lib/ucr1\libc.a(lib_a-ctype_.o)
                0x00000168                __ctype_ptr
 *(.gnu.linkonce.d.*personality*)

.data1
 *(.data1)

.balign         0x0000016c        0x4 load address 0x80008b6c
                0x00000170                . = ALIGN (0x8)
 *fill*         0x0000016c        0x4 00
                0x00000170                PROVIDE (_edata, .)
                0x00000170                PROVIDE (edata, .)
                0x00000170                __bss_start = .

.bss            0x00000170     0x2900
 *(.dynbss)
 *(.bss .bss.* .gnu.linkonce.b.*)
 .bss.gl_ptr_mem
                0x00000170        0x4 src/asf/avr32/components/memory/sd_mmc/sd_mmc_spi/sd_mmc_spi.o
 .bss.sector_buf
                0x00000174      0x200 src/asf/avr32/components/memory/sd_mmc/sd_mmc_spi/sd_mmc_spi.o
 .bss.sd_mmc_opt
                0x00000374       0x10 src/asf/avr32/components/memory/sd_mmc/sd_mmc_spi/sd_mmc_spi.o
 .bss.sd_mmc_pba_hz
                0x00000384        0x4 src/asf/avr32/components/memory/sd_mmc/sd_mmc_spi/sd_mmc_spi.o
 .bss.sd_mmc_spi_init_done
                0x00000388        0x1 src/asf/avr32/components/memory/sd_mmc/sd_mmc_spi/sd_mmc_spi.o
                0x00000388                sd_mmc_spi_init_done
 *fill*         0x00000389        0x3 00
 .bss._int_line_handler_table_6
                0x0000038c        0x4 src/asf/avr32/drivers/intc/intc.o
 .bss._int_line_handler_table_7
                0x00000390        0x4 src/asf/avr32/drivers/intc/intc.o
 .bss._int_line_handler_table_8
                0x00000394        0x4 src/asf/avr32/drivers/intc/intc.o
 .bss._int_line_handler_table_9
                0x00000398        0x4 src/asf/avr32/drivers/intc/intc.o
 .bss._int_line_handler_table_10
                0x0000039c        0x4 src/asf/avr32/drivers/intc/intc.o
 .bss._int_line_handler_table_11
                0x000003a0        0x4 src/asf/avr32/drivers/intc/intc.o
 .bss._int_line_handler_table_12
                0x000003a4        0x4 src/asf/avr32/drivers/intc/intc.o
 .bss._int_line_handler_table_13
                0x000003a8        0x4 src/asf/avr32/drivers/intc/intc.o
 .bss._int_line_handler_table_14
                0x000003ac        0xc src/asf/avr32/drivers/intc/intc.o
 .bss._int_line_handler_table_15
                0x000003b8        0x4 src/asf/avr32/drivers/intc/intc.o
 .bss._int_line_handler_table_16
                0x000003bc        0x4 src/asf/avr32/drivers/intc/intc.o
 .bss._int_line_handler_table_17
                0x000003c0        0x4 src/asf/avr32/drivers/intc/intc.o
 .bss._int_line_handler_table_0
                0x000003c4        0x4 src/asf/avr32/drivers/intc/intc.o
 .bss._int_line_handler_table_1
                0x000003c8       0x2c src/asf/avr32/drivers/intc/intc.o
 .bss._int_line_handler_table_2
                0x000003f4       0x18 src/asf/avr32/drivers/intc/intc.o
 .bss._int_line_handler_table_3
                0x0000040c       0x1c src/asf/avr32/drivers/intc/intc.o
 .bss._int_line_handler_table_4
                0x00000428        0x4 src/asf/avr32/drivers/intc/intc.o
 .bss._int_line_handler_table_5
                0x0000042c        0x4 src/asf/avr32/drivers/intc/intc.o
 .bss.udd_ctrl_prev_payload_nb_trans
                0x00000430        0x2 src/asf/avr32/drivers/usbb/usbb_device.o
 .bss.b_shortpacket.11433
                0x00000432        0x1 src/asf/avr32/drivers/usbb/usbb_device.o
 *fill*         0x00000433        0x1 00
 .bss.udd_ep_job
                0x00000434       0x3c src/asf/avr32/drivers/usbb/usbb_device.o
 .bss.udd_b_idle
                0x00000470        0x1 src/asf/avr32/drivers/usbb/usbb_device.o
 *fill*         0x00000471        0x1 00
 .bss.udd_ctrl_payload_nb_trans
                0x00000472        0x2 src/asf/avr32/drivers/usbb/usbb_device.o
 .bss.udd_ep_control_state
                0x00000474        0x4 src/asf/avr32/drivers/usbb/usbb_device.o
 .bss.sysclk_pbb_refcount
                0x00000478        0x1 src/asf/common/services/clock/uc3b0_b1/sysclk.o
 .bss.udi_hid_kbd_b_report_valid
                0x00000479        0x1 src/asf/common/services/usb/class/hid/device/kbd/udi_hid_kbd.o
 .bss.udi_hid_kbd_b_report_trans_ongoing
                0x0000047a        0x1 src/asf/common/services/usb/class/hid/device/kbd/udi_hid_kbd.o
 *fill*         0x0000047b        0x1 00
 .bss.udi_hid_kbd_report_trans
                0x0000047c        0x8 src/asf/common/services/usb/class/hid/device/kbd/udi_hid_kbd.o
 .bss.udi_hid_kbd_protocol
                0x00000484        0x1 src/asf/common/services/usb/class/hid/device/kbd/udi_hid_kbd.o
 .bss.udi_hid_kbd_report_set
                0x00000485        0x1 src/asf/common/services/usb/class/hid/device/kbd/udi_hid_kbd.o
 *fill*         0x00000486        0x2 00
 .bss.udi_hid_kbd_report
                0x00000488        0x8 src/asf/common/services/usb/class/hid/device/kbd/udi_hid_kbd.o
 .bss.udi_hid_kbd_rate
                0x00000490        0x1 src/asf/common/services/usb/class/hid/device/kbd/udi_hid_kbd.o
 *fill*         0x00000491        0x3 00
 .bss.udi_msc_nb_lun
                0x00000494        0x4 src/asf/common/services/usb/class/msc/device/udi_msc.o
 .bss.udi_msc_b_trans_req
                0x00000498        0x1 src/asf/common/services/usb/class/msc/device/udi_msc.o
 *fill*         0x00000499        0x3 00
 .bss.udi_msc_cbw
                0x0000049c       0x20 src/asf/common/services/usb/class/msc/device/udi_msc.o
 .bss.sense.10624
                0x000004bc       0x14 src/asf/common/services/usb/class/msc/device/udi_msc.o
 .bss.udi_msc_b_cbw_invalid
                0x000004d0        0x1 src/asf/common/services/usb/class/msc/device/udi_msc.o
 *fill*         0x000004d1        0x3 00
 .bss.udi_msc_capacity.10658
                0x000004d4        0x8 src/asf/common/services/usb/class/msc/device/udi_msc.o
 .bss.udi_msc_nb_block
                0x000004dc        0x2 src/asf/common/services/usb/class/msc/device/udi_msc.o
 *fill*         0x000004de        0x2 00
 .bss.udi_msc_addr
                0x000004e0        0x4 src/asf/common/services/usb/class/msc/device/udi_msc.o
 .bss.udi_msc_sense
                0x000004e4       0x14 src/asf/common/services/usb/class/msc/device/udi_msc.o
 .bss.udi_msc_b_read
                0x000004f8        0x1 src/asf/common/services/usb/class/msc/device/udi_msc.o
 *fill*         0x000004f9        0x1 00
 .bss.udc_ep_status.10063
                0x000004fa        0x2 src/asf/common/services/usb/udc/udc.o
 .bss.udc_ptr_conf
                0x000004fc        0x4 src/asf/common/services/usb/udc/udc.o
 .bss.udc_device_status
                0x00000500        0x2 src/asf/common/services/usb/udc/udc.o
 .bss.udc_num_configuration
                0x00000502        0x1 src/asf/common/services/usb/udc/udc.o
 *fill*         0x00000503        0x1 00
 .bss.udc_ptr_iface
                0x00000504        0x4 src/asf/common/services/usb/udc/udc.o
 .bss.udc_iface_setting.10268
                0x00000508        0x1 src/asf/common/services/usb/udc/udc.o
 .bss.cpt_sof.12133
                0x00000509        0x1 src/main.o
 .bss.serial_len
                0x0000050a        0x1 src/main.o
 .bss.main_b_keyboard_enable
                0x0000050b        0x1 src/main.o
 .bss.in_affect
                0x0000050c        0x1 src/main.o
 *fill*         0x0000050d        0x1 00
 .bss.debounce.12135
                0x0000050e        0x2 src/main.o
 .bss.state     0x00000510        0x4 src/main.o
                0x00000510                state
 .bss.injectToken.12136
                0x00000514        0x2 src/main.o
 .bss.main_b_msc_enable
                0x00000516        0x1 src/main.o
 *fill*         0x00000517        0x1 00
 .bss.inject_array
                0x00000518     0x1000 src/main.o
 .bss.wait.12134
                0x00001518        0x1 src/main.o
 *fill*         0x00001519        0x1 00
 .bss.inject_array2
                0x0000151a     0x1000 src/main.o
 *fill*         0x0000251a        0x2 00
 .bss.a.12137   0x0000251c        0x4 src/main.o
 .bss.serial    0x00002520        0xc src/main.o
 .bss.serial_p  0x0000252c        0x4 src/main.o
 *(COMMON)
 COMMON         0x00002530      0x229 src/asf/avr32/components/memory/sd_mmc/sd_mmc_spi/sd_mmc_spi.o
                0x00002530                data_mem
                0x00002734                capacity
                0x0000273c                capacity_mult
                0x0000273e                erase_group_size
                0x00002740                sd_mmc_spi_last_block_address
                0x00002744                r2
                0x00002746                card_type
                0x00002748                csd
                0x00002758                r1
 *fill*         0x00002759        0x3 00
 COMMON         0x0000275c      0x2ec src/asf/avr32/services/fs/fat/fat.o
                0x0000275c                fs_gu32_addrsector
                0x00002760                fs_g_nav_entry
                0x00002770                fs_g_u16_pos_fat
                0x00002772                g_b_no_check_disk
                0x00002774                fs_g_cache_clusterlist
                0x0000279c                fs_g_sector
                0x0000299c                fs_g_nav
                0x000029d0                fs_g_navext_entry
                0x000029e0                fs_g_navext_fast
                0x000029e4                fs_g_nav_fast
                0x000029e8                fs_g_status
                0x000029e9                g_b_string_length
                0x000029ea                fs_g_u8_current_cache
                0x000029ec                fs_g_navext
                0x00002a20                fs_g_sectorcache
                0x00002a34                g_b_unicode
                0x00002a38                fs_g_cluster
                0x00002a40                fs_g_seg
 COMMON         0x00002a48        0x1 src/asf/avr32/services/fs/fat/navigation.o
                0x00002a48                fs_g_u8_nav_selected
 *fill*         0x00002a49        0x3 00
 COMMON         0x00002a4c       0x18 src/asf/avr32/drivers/usbb/usbb_device.o
                0x00002a4c                udd_g_ctrlreq
 COMMON         0x00002a64        0x7 src/asf/common/services/sleepmgr/uc3/sleepmgr.o
                0x00002a64                sleepmgr_locks
 COMMON         0x00002a6b        0x1 src/asf/common/services/usb/class/msc/device/udi_msc.o
                0x00002a6b                udi_msc_b_abort_trans
 COMMON         0x00002a6c        0x4 src/main.o
                0x00002a6c                pid
                0x00002a6e                vid
                0x00002a70                . = ALIGN (0x8)
                0x00002a70                . = ALIGN (0x8)
                0x00002a70                _end = .
                0x00002a70                PROVIDE (end, .)
                0x00002a70                __heap_start__ = ALIGN (0x8)

.heap           0x00002a70     0x4590
 *(.heap)
                0x00004590                . = (__heap_size__ == __max_heap_size__)?(((ORIGIN (INTRAM) + 0x7ffc) - __stack_size__) - ABSOLUTE (.)):__heap_size__
 *fill*         0x00002a70     0x4590 00
                0x00007000                __heap_end__ = .

.stab
 *(.stab)

.stabstr
 *(.stabstr)

.stab.excl
 *(.stab.excl)

.stab.exclstr
 *(.stab.exclstr)

.stab.index
 *(.stab.index)

.stab.indexstr
 *(.stab.indexstr)

.comment        0x00000000       0x30
 *(.comment)
 .comment       0x00000000       0x30 src/asf/avr32/components/memory/sd_mmc/sd_mmc_spi/sd_mmc_spi.o
                                 0x31 (size before relaxing)
 .comment       0x00000000       0x31 src/asf/avr32/services/fs/fat/fat.o
 .comment       0x00000000       0x31 src/asf/avr32/services/fs/fat/fat_unusual.o
 .comment       0x00000000       0x31 src/asf/avr32/services/fs/fat/file.o
 .comment       0x00000000       0x31 src/asf/avr32/services/fs/fat/navigation.o
 .comment       0x00000000       0x31 src/asf/avr32/components/memory/sd_mmc/sd_mmc_spi/sd_mmc_spi_mem.o
 .comment       0x00000000       0x31 src/asf/avr32/boards/evk1101/init.o
 .comment       0x00000000       0x31 src/asf/avr32/boards/evk1101/led.o
 .comment       0x00000000       0x31 src/asf/avr32/drivers/eic/eic.o
 .comment       0x00000000       0x31 src/asf/avr32/drivers/flashc/flashc.o
 .comment       0x00000000       0x31 src/asf/avr32/drivers/gpio/gpio.o
 .comment       0x00000000       0x31 src/asf/avr32/drivers/intc/intc.o
 .comment       0x00000000       0x31 src/asf/avr32/drivers/spi/spi.o
 .comment       0x00000000       0x31 src/asf/avr32/drivers/usbb/usbb_device.o
 .comment       0x00000000       0x31 src/asf/common/services/clock/uc3b0_b1/sysclk.o
 .comment       0x00000000       0x31 src/asf/common/services/sleepmgr/uc3/sleepmgr.o
 .comment       0x00000000       0x31 src/asf/common/services/storage/ctrl_access/ctrl_access.o
 .comment       0x00000000       0x31 src/asf/common/services/usb/class/composite/device/example3/at32uc3b0256_evk1101/ui.o
 .comment       0x00000000       0x31 src/asf/common/services/usb/class/composite/device/udi_composite_desc.o
 .comment       0x00000000       0x31 src/asf/common/services/usb/class/hid/device/kbd/udi_hid_kbd.o
 .comment       0x00000000       0x31 src/asf/common/services/usb/class/hid/device/udi_hid.o
 .comment       0x00000000       0x31 src/asf/common/services/usb/class/msc/device/udi_msc.o
 .comment       0x00000000       0x31 src/asf/common/services/usb/udc/udc.o
 .comment       0x00000000       0x31 src/main.o
 .comment       0x00000000       0x31 c:/program files (x86)/atmel/atmel studio 6.0/extensions/atmel/avrgcc/3.4.1.95/avrtoolchain/bin/../lib/gcc/avr32/4.4.3/../../../../avr32/lib/ucr1\libc.a(lib_a-ctype_.o)

.debug
 *(.debug)

.line
 *(.line)

.debug_srcinfo
 *(.debug_srcinfo)

.debug_sfnames
 *(.debug_sfnames)

.debug_aranges  0x00000000      0xf78
 *(.debug_aranges)
 .debug_aranges
                0x00000000       0xf0 src/asf/avr32/components/memory/sd_mmc/sd_mmc_spi/sd_mmc_spi.o
 .debug_aranges
                0x000000f0      0x140 src/asf/avr32/services/fs/fat/fat.o
 .debug_aranges
                0x00000230       0x48 src/asf/avr32/services/fs/fat/fat_unusual.o
 .debug_aranges
                0x00000278       0x70 src/asf/avr32/services/fs/fat/file.o
 .debug_aranges
                0x000002e8      0x1c8 src/asf/avr32/services/fs/fat/navigation.o
 .debug_aranges
                0x000004b0       0x70 src/asf/avr32/components/memory/sd_mmc/sd_mmc_spi/sd_mmc_spi_mem.o
 .debug_aranges
                0x00000520       0x20 src/asf/avr32/boards/evk1101/init.o
 .debug_aranges
                0x00000540       0x78 src/asf/avr32/boards/evk1101/led.o
 .debug_aranges
                0x000005b8       0xa0 src/asf/avr32/drivers/eic/eic.o
 .debug_aranges
                0x00000658      0x218 src/asf/avr32/drivers/flashc/flashc.o
 .debug_aranges
                0x00000870      0x100 src/asf/avr32/drivers/gpio/gpio.o
 .debug_aranges
                0x00000970       0x20 src/asf/avr32/drivers/intc/exception.o
 .debug_aranges
                0x00000990       0x38 src/asf/avr32/drivers/intc/intc.o
 .debug_aranges
                0x000009c8       0xa8 src/asf/avr32/drivers/spi/spi.o
 .debug_aranges
                0x00000a70      0x108 src/asf/avr32/drivers/usbb/usbb_device.o
 .debug_aranges
                0x00000b78       0x28 src/asf/avr32/utils/startup/startup_uc3.o
 .debug_aranges
                0x00000ba0       0x20 src/asf/avr32/utils/startup/trampoline_uc3.o
 .debug_aranges
                0x00000bc0       0x50 src/asf/common/services/clock/uc3b0_b1/sysclk.o
 .debug_aranges
                0x00000c10       0x78 src/asf/common/services/storage/ctrl_access/ctrl_access.o
 .debug_aranges
                0x00000c88       0x70 src/asf/common/services/usb/class/composite/device/example3/at32uc3b0256_evk1101/ui.o
 .debug_aranges
                0x00000cf8       0x78 src/asf/common/services/usb/class/hid/device/kbd/udi_hid_kbd.o
 .debug_aranges
                0x00000d70       0x20 src/asf/common/services/usb/class/hid/device/udi_hid.o
 .debug_aranges
                0x00000d90       0xe8 src/asf/common/services/usb/class/msc/device/udi_msc.o
 .debug_aranges
                0x00000e78       0x78 src/asf/common/services/usb/udc/udc.o
 .debug_aranges
                0x00000ef0       0x88 src/main.o

.debug_pubnames
                0x00000000     0x28ee
 *(.debug_pubnames)
 .debug_pubnames
                0x00000000      0x3b1 src/asf/avr32/components/memory/sd_mmc/sd_mmc_spi/sd_mmc_spi.o
 .debug_pubnames
                0x000003b1      0x510 src/asf/avr32/services/fs/fat/fat.o
 .debug_pubnames
                0x000008c1       0xab src/asf/avr32/services/fs/fat/fat_unusual.o
 .debug_pubnames
                0x0000096c       0xb7 src/asf/avr32/services/fs/fat/file.o
 .debug_pubnames
                0x00000a23      0x4ca src/asf/avr32/services/fs/fat/navigation.o
 .debug_pubnames
                0x00000eed      0x17a src/asf/avr32/components/memory/sd_mmc/sd_mmc_spi/sd_mmc_spi_mem.o
 .debug_pubnames
                0x00001067       0x21 src/asf/avr32/boards/evk1101/init.o
 .debug_pubnames
                0x00001088       0xf6 src/asf/avr32/boards/evk1101/led.o
 .debug_pubnames
                0x0000117e      0x1e2 src/asf/avr32/drivers/eic/eic.o
 .debug_pubnames
                0x00001360      0x771 src/asf/avr32/drivers/flashc/flashc.o
 .debug_pubnames
                0x00001ad1      0x330 src/asf/avr32/drivers/gpio/gpio.o
 .debug_pubnames
                0x00001e01       0x62 src/asf/avr32/drivers/intc/intc.o
 .debug_pubnames
                0x00001e63      0x178 src/asf/avr32/drivers/spi/spi.o
 .debug_pubnames
                0x00001fdb      0x1c6 src/asf/avr32/drivers/usbb/usbb_device.o
 .debug_pubnames
                0x000021a1       0xc7 src/asf/common/services/clock/uc3b0_b1/sysclk.o
 .debug_pubnames
                0x00002268       0x25 src/asf/common/services/sleepmgr/uc3/sleepmgr.o
 .debug_pubnames
                0x0000228d       0xf8 src/asf/common/services/storage/ctrl_access/ctrl_access.o
 .debug_pubnames
                0x00002385       0xbf src/asf/common/services/usb/class/composite/device/example3/at32uc3b0256_evk1101/ui.o
 .debug_pubnames
                0x00002444       0x66 src/asf/common/services/usb/class/composite/device/udi_composite_desc.o
 .debug_pubnames
                0x000024aa      0x104 src/asf/common/services/usb/class/hid/device/kbd/udi_hid_kbd.o
 .debug_pubnames
                0x000025ae       0x24 src/asf/common/services/usb/class/hid/device/udi_hid.o
 .debug_pubnames
                0x000025d2       0xeb src/asf/common/services/usb/class/msc/device/udi_msc.o
 .debug_pubnames
                0x000026bd       0x7f src/asf/common/services/usb/udc/udc.o
 .debug_pubnames
                0x0000273c      0x184 src/main.o
 .debug_pubnames
                0x000028c0       0x2e c:/program files (x86)/atmel/atmel studio 6.0/extensions/atmel/avrgcc/3.4.1.95/avrtoolchain/bin/../lib/gcc/avr32/4.4.3/../../../../avr32/lib/ucr1\libc.a(lib_a-ctype_.o)

.debug_info     0x00000000    0x1e32c
 *(.debug_info .gnu.linkonce.wi.*)
 .debug_info    0x00000000     0x12d4 src/asf/avr32/components/memory/sd_mmc/sd_mmc_spi/sd_mmc_spi.o
 .debug_info    0x000012d4      0xdb8 src/asf/avr32/services/fs/fat/fat.o
 .debug_info    0x0000208c      0x566 src/asf/avr32/services/fs/fat/fat_unusual.o
 .debug_info    0x000025f2      0x5e5 src/asf/avr32/services/fs/fat/file.o
 .debug_info    0x00002bd7      0xdfa src/asf/avr32/services/fs/fat/navigation.o
 .debug_info    0x000039d1      0x311 src/asf/avr32/components/memory/sd_mmc/sd_mmc_spi/sd_mmc_spi_mem.o
 .debug_info    0x00003ce2      0x103 src/asf/avr32/boards/evk1101/init.o
 .debug_info    0x00003de5      0xf01 src/asf/avr32/boards/evk1101/led.o
 .debug_info    0x00004ce6     0x1319 src/asf/avr32/drivers/eic/eic.o
 .debug_info    0x00005fff     0x1c08 src/asf/avr32/drivers/flashc/flashc.o
 .debug_info    0x00007c07      0xb1b src/asf/avr32/drivers/gpio/gpio.o
 .debug_info    0x00008722       0x92 src/asf/avr32/drivers/intc/exception.o
 .debug_info    0x000087b4      0x587 src/asf/avr32/drivers/intc/intc.o
 .debug_info    0x00008d3b     0x1090 src/asf/avr32/drivers/spi/spi.o
 .debug_info    0x00009dcb     0xd651 src/asf/avr32/drivers/usbb/usbb_device.o
 .debug_info    0x0001741c       0x91 src/asf/avr32/utils/startup/startup_uc3.o
 .debug_info    0x000174ad       0x98 src/asf/avr32/utils/startup/trampoline_uc3.o
 .debug_info    0x00017545     0x179d src/asf/common/services/clock/uc3b0_b1/sysclk.o
 .debug_info    0x00018ce2       0xf9 src/asf/common/services/sleepmgr/uc3/sleepmgr.o
 .debug_info    0x00018ddb      0x576 src/asf/common/services/storage/ctrl_access/ctrl_access.o
 .debug_info    0x00019351     0x10e8 src/asf/common/services/usb/class/composite/device/example3/at32uc3b0256_evk1101/ui.o
 .debug_info    0x0001a439      0x681 src/asf/common/services/usb/class/composite/device/udi_composite_desc.o
 .debug_info    0x0001aaba      0x6b8 src/asf/common/services/usb/class/hid/device/kbd/udi_hid_kbd.o
 .debug_info    0x0001b172      0x3e7 src/asf/common/services/usb/class/hid/device/udi_hid.o
 .debug_info    0x0001b559      0xe34 src/asf/common/services/usb/class/msc/device/udi_msc.o
 .debug_info    0x0001c38d      0xced src/asf/common/services/usb/udc/udc.o
 .debug_info    0x0001d07a     0x1241 src/main.o
 .debug_info    0x0001e2bb       0x71 c:/program files (x86)/atmel/atmel studio 6.0/extensions/atmel/avrgcc/3.4.1.95/avrtoolchain/bin/../lib/gcc/avr32/4.4.3/../../../../avr32/lib/ucr1\libc.a(lib_a-ctype_.o)

.debug_abbrev   0x00000000     0x3588
 *(.debug_abbrev)
 .debug_abbrev  0x00000000      0x2a4 src/asf/avr32/components/memory/sd_mmc/sd_mmc_spi/sd_mmc_spi.o
 .debug_abbrev  0x000002a4      0x25b src/asf/avr32/services/fs/fat/fat.o
 .debug_abbrev  0x000004ff      0x16e src/asf/avr32/services/fs/fat/fat_unusual.o
 .debug_abbrev  0x0000066d      0x219 src/asf/avr32/services/fs/fat/file.o
 .debug_abbrev  0x00000886      0x207 src/asf/avr32/services/fs/fat/navigation.o
 .debug_abbrev  0x00000a8d      0x18b src/asf/avr32/components/memory/sd_mmc/sd_mmc_spi/sd_mmc_spi_mem.o
 .debug_abbrev  0x00000c18       0xae src/asf/avr32/boards/evk1101/init.o
 .debug_abbrev  0x00000cc6      0x286 src/asf/avr32/boards/evk1101/led.o
 .debug_abbrev  0x00000f4c      0x209 src/asf/avr32/drivers/eic/eic.o
 .debug_abbrev  0x00001155      0x326 src/asf/avr32/drivers/flashc/flashc.o
 .debug_abbrev  0x0000147b      0x28b src/asf/avr32/drivers/gpio/gpio.o
 .debug_abbrev  0x00001706       0x14 src/asf/avr32/drivers/intc/exception.o
 .debug_abbrev  0x0000171a      0x1f2 src/asf/avr32/drivers/intc/intc.o
 .debug_abbrev  0x0000190c      0x281 src/asf/avr32/drivers/spi/spi.o
 .debug_abbrev  0x00001b8d      0x437 src/asf/avr32/drivers/usbb/usbb_device.o
 .debug_abbrev  0x00001fc4       0x12 src/asf/avr32/utils/startup/startup_uc3.o
 .debug_abbrev  0x00001fd6       0x14 src/asf/avr32/utils/startup/trampoline_uc3.o
 .debug_abbrev  0x00001fea      0x2cd src/asf/common/services/clock/uc3b0_b1/sysclk.o
 .debug_abbrev  0x000022b7       0x7d src/asf/common/services/sleepmgr/uc3/sleepmgr.o
 .debug_abbrev  0x00002334      0x16f src/asf/common/services/storage/ctrl_access/ctrl_access.o
 .debug_abbrev  0x000024a3      0x206 src/asf/common/services/usb/class/composite/device/example3/at32uc3b0256_evk1101/ui.o
 .debug_abbrev  0x000026a9       0xfb src/asf/common/services/usb/class/composite/device/udi_composite_desc.o
 .debug_abbrev  0x000027a4      0x2be src/asf/common/services/usb/class/hid/device/kbd/udi_hid_kbd.o
 .debug_abbrev  0x00002a62      0x175 src/asf/common/services/usb/class/hid/device/udi_hid.o
 .debug_abbrev  0x00002bd7      0x31c src/asf/common/services/usb/class/msc/device/udi_msc.o
 .debug_abbrev  0x00002ef3      0x29d src/asf/common/services/usb/udc/udc.o
 .debug_abbrev  0x00003190      0x39f src/main.o
 .debug_abbrev  0x0000352f       0x59 c:/program files (x86)/atmel/atmel studio 6.0/extensions/atmel/avrgcc/3.4.1.95/avrtoolchain/bin/../lib/gcc/avr32/4.4.3/../../../../avr32/lib/ucr1\libc.a(lib_a-ctype_.o)

.debug_line     0x00000000     0xf452
 *(.debug_line)
 .debug_line    0x00000000      0xb29 src/asf/avr32/components/memory/sd_mmc/sd_mmc_spi/sd_mmc_spi.o
 .debug_line    0x00000b29      0xc4d src/asf/avr32/services/fs/fat/fat.o
 .debug_line    0x00001776      0x916 src/asf/avr32/services/fs/fat/fat_unusual.o
 .debug_line    0x0000208c      0x940 src/asf/avr32/services/fs/fat/file.o
 .debug_line    0x000029cc      0xd3c src/asf/avr32/services/fs/fat/navigation.o
 .debug_line    0x00003708      0xa46 src/asf/avr32/components/memory/sd_mmc/sd_mmc_spi/sd_mmc_spi_mem.o
 .debug_line    0x0000414e      0x713 src/asf/avr32/boards/evk1101/init.o
 .debug_line    0x00004861      0x7c6 src/asf/avr32/boards/evk1101/led.o
 .debug_line    0x00005027      0x828 src/asf/avr32/drivers/eic/eic.o
 .debug_line    0x0000584f      0xc0c src/asf/avr32/drivers/flashc/flashc.o
 .debug_line    0x0000645b      0x8f8 src/asf/avr32/drivers/gpio/gpio.o
 .debug_line    0x00006d53      0x109 src/asf/avr32/drivers/intc/exception.o
 .debug_line    0x00006e5c      0x6c5 src/asf/avr32/drivers/intc/intc.o
 .debug_line    0x00007521      0x802 src/asf/avr32/drivers/spi/spi.o
 .debug_line    0x00007d23      0xfdb src/asf/avr32/drivers/usbb/usbb_device.o
 .debug_line    0x00008cfe       0xf2 src/asf/avr32/utils/startup/startup_uc3.o
 .debug_line    0x00008df0       0x67 src/asf/avr32/utils/startup/trampoline_uc3.o
 .debug_line    0x00008e57      0x931 src/asf/common/services/clock/uc3b0_b1/sysclk.o
 .debug_line    0x00009788      0x70f src/asf/common/services/sleepmgr/uc3/sleepmgr.o
 .debug_line    0x00009e97      0x85f src/asf/common/services/storage/ctrl_access/ctrl_access.o
 .debug_line    0x0000a6f6      0xddb src/asf/common/services/usb/class/composite/device/example3/at32uc3b0256_evk1101/ui.o
 .debug_line    0x0000b4d1      0x84f src/asf/common/services/usb/class/composite/device/udi_composite_desc.o
 .debug_line    0x0000bd20      0xa04 src/asf/common/services/usb/class/hid/device/kbd/udi_hid_kbd.o
 .debug_line    0x0000c724      0x886 src/asf/common/services/usb/class/hid/device/udi_hid.o
 .debug_line    0x0000cfaa      0xbf3 src/asf/common/services/usb/class/msc/device/udi_msc.o
 .debug_line    0x0000db9d      0x9d4 src/asf/common/services/usb/udc/udc.o
 .debug_line    0x0000e571      0xe69 src/main.o
 .debug_line    0x0000f3da       0x78 c:/program files (x86)/atmel/atmel studio 6.0/extensions/atmel/avrgcc/3.4.1.95/avrtoolchain/bin/../lib/gcc/avr32/4.4.3/../../../../avr32/lib/ucr1\libc.a(lib_a-ctype_.o)

.debug_frame    0x00000000     0x2970
 *(.debug_frame)
 .debug_frame   0x00000000      0x364 src/asf/avr32/components/memory/sd_mmc/sd_mmc_spi/sd_mmc_spi.o
 .debug_frame   0x00000364      0x3cc src/asf/avr32/services/fs/fat/fat.o
 .debug_frame   0x00000730       0xf4 src/asf/avr32/services/fs/fat/fat_unusual.o
 .debug_frame   0x00000824      0x148 src/asf/avr32/services/fs/fat/file.o
 .debug_frame   0x0000096c      0x5dc src/asf/avr32/services/fs/fat/navigation.o
 .debug_frame   0x00000f48      0x11c src/asf/avr32/components/memory/sd_mmc/sd_mmc_spi/sd_mmc_spi_mem.o
 .debug_frame   0x00001064       0x28 src/asf/avr32/boards/evk1101/init.o
 .debug_frame   0x0000108c       0xf8 src/asf/avr32/boards/evk1101/led.o
 .debug_frame   0x00001184      0x130 src/asf/avr32/drivers/eic/eic.o
 .debug_frame   0x000012b4      0x6a4 src/asf/avr32/drivers/flashc/flashc.o
 .debug_frame   0x00001958      0x204 src/asf/avr32/drivers/gpio/gpio.o
 .debug_frame   0x00001b5c       0x64 src/asf/avr32/drivers/intc/intc.o
 .debug_frame   0x00001bc0      0x158 src/asf/avr32/drivers/spi/spi.o
 .debug_frame   0x00001d18      0x2cc src/asf/avr32/drivers/usbb/usbb_device.o
 .debug_frame   0x00001fe4       0xb0 src/asf/common/services/clock/uc3b0_b1/sysclk.o
 .debug_frame   0x00002094      0x130 src/asf/common/services/storage/ctrl_access/ctrl_access.o
 .debug_frame   0x000021c4      0x11c src/asf/common/services/usb/class/composite/device/example3/at32uc3b0256_evk1101/ui.o
 .debug_frame   0x000022e0      0x130 src/asf/common/services/usb/class/hid/device/kbd/udi_hid_kbd.o
 .debug_frame   0x00002410       0x2c src/asf/common/services/usb/class/hid/device/udi_hid.o
 .debug_frame   0x0000243c      0x288 src/asf/common/services/usb/class/msc/device/udi_msc.o
 .debug_frame   0x000026c4      0x14c src/asf/common/services/usb/udc/udc.o
 .debug_frame   0x00002810      0x160 src/main.o

.debug_str      0x00000000     0x8f97
 *(.debug_str)
 .debug_str     0x00000000      0x758 src/asf/avr32/components/memory/sd_mmc/sd_mmc_spi/sd_mmc_spi.o
                                0x7df (size before relaxing)
 .debug_str     0x00000758      0x8ae src/asf/avr32/services/fs/fat/fat.o
                                0xa28 (size before relaxing)
 .debug_str     0x00001006      0x186 src/asf/avr32/services/fs/fat/fat_unusual.o
                                0x4ea (size before relaxing)
 .debug_str     0x0000118c      0x171 src/asf/avr32/services/fs/fat/file.o
                                0x4be (size before relaxing)
 .debug_str     0x000012fd      0x620 src/asf/avr32/services/fs/fat/navigation.o
                                0x9b3 (size before relaxing)
 .debug_str     0x0000191d      0x1bc src/asf/avr32/components/memory/sd_mmc/sd_mmc_spi/sd_mmc_spi_mem.o
                                0x343 (size before relaxing)
 .debug_str     0x00001ad9       0x4f src/asf/avr32/boards/evk1101/init.o
                                0x142 (size before relaxing)
 .debug_str     0x00001b28      0x38b src/asf/avr32/boards/evk1101/led.o
                                0x4c8 (size before relaxing)
 .debug_str     0x00001eb3      0x390 src/asf/avr32/drivers/eic/eic.o
                                0x4cd (size before relaxing)
 .debug_str     0x00002243      0xa6f src/asf/avr32/drivers/flashc/flashc.o
                                0xc42 (size before relaxing)
 .debug_str     0x00002cb2      0x2f4 src/asf/avr32/drivers/gpio/gpio.o
                                0x530 (size before relaxing)
 .debug_str     0x00002fa6      0x347 src/asf/avr32/drivers/intc/intc.o
                                0x44e (size before relaxing)
 .debug_str     0x000032ed      0x1c2 src/asf/avr32/drivers/spi/spi.o
                                0x569 (size before relaxing)
 .debug_str     0x000034af     0x38c0 src/asf/avr32/drivers/usbb/usbb_device.o
                               0x3c4b (size before relaxing)
 .debug_str     0x00006d6f      0x334 src/asf/common/services/clock/uc3b0_b1/sysclk.o
                                0x7d9 (size before relaxing)
 .debug_str     0x000070a3       0x33 src/asf/common/services/sleepmgr/uc3/sleepmgr.o
                                0x1c4 (size before relaxing)
 .debug_str     0x000070d6      0x106 src/asf/common/services/storage/ctrl_access/ctrl_access.o
                                0x2c9 (size before relaxing)
 .debug_str     0x000071dc      0x187 src/asf/common/services/usb/class/composite/device/example3/at32uc3b0256_evk1101/ui.o
                                0x4a5 (size before relaxing)
 .debug_str     0x00007363      0x46f src/asf/common/services/usb/class/composite/device/udi_composite_desc.o
                                0x631 (size before relaxing)
 .debug_str     0x000077d2      0x29f src/asf/common/services/usb/class/hid/device/kbd/udi_hid_kbd.o
                                0x506 (size before relaxing)
 .debug_str     0x00007a71      0x217 src/asf/common/services/usb/class/hid/device/udi_hid.o
                                0x493 (size before relaxing)
 .debug_str     0x00007c88      0xa36 src/asf/common/services/usb/class/msc/device/udi_msc.o
                                0xcfc (size before relaxing)
 .debug_str     0x000086be      0x56b src/asf/common/services/usb/udc/udc.o
                                0xb2e (size before relaxing)
 .debug_str     0x00008c29      0x30f src/main.o
                                0x800 (size before relaxing)
 .debug_str     0x00008f38       0x5f c:/program files (x86)/atmel/atmel studio 6.0/extensions/atmel/avrgcc/3.4.1.95/avrtoolchain/bin/../lib/gcc/avr32/4.4.3/../../../../avr32/lib/ucr1\libc.a(lib_a-ctype_.o)
                                 0x7c (size before relaxing)

.debug_loc      0x00000000     0x6960
 *(.debug_loc)
 .debug_loc     0x00000000      0x911 src/asf/avr32/components/memory/sd_mmc/sd_mmc_spi/sd_mmc_spi.o
 .debug_loc     0x00000911      0xab2 src/asf/avr32/services/fs/fat/fat.o
 .debug_loc     0x000013c3      0x456 src/asf/avr32/services/fs/fat/fat_unusual.o
 .debug_loc     0x00001819      0x410 src/asf/avr32/services/fs/fat/file.o
 .debug_loc     0x00001c29      0xe86 src/asf/avr32/services/fs/fat/navigation.o
 .debug_loc     0x00002aaf      0x256 src/asf/avr32/components/memory/sd_mmc/sd_mmc_spi/sd_mmc_spi_mem.o
 .debug_loc     0x00002d05       0x1f src/asf/avr32/boards/evk1101/init.o
 .debug_loc     0x00002d24      0x183 src/asf/avr32/boards/evk1101/led.o
 .debug_loc     0x00002ea7       0x91 src/asf/avr32/drivers/eic/eic.o
 .debug_loc     0x00002f38     0x10b0 src/asf/avr32/drivers/flashc/flashc.o
 .debug_loc     0x00003fe8      0x368 src/asf/avr32/drivers/gpio/gpio.o
 .debug_loc     0x00004350       0xd3 src/asf/avr32/drivers/intc/intc.o
 .debug_loc     0x00004423      0x3bd src/asf/avr32/drivers/spi/spi.o
 .debug_loc     0x000047e0      0x8c8 src/asf/avr32/drivers/usbb/usbb_device.o
 .debug_loc     0x000050a8      0x154 src/asf/common/services/clock/uc3b0_b1/sysclk.o
 .debug_loc     0x000051fc      0x40c src/asf/common/services/storage/ctrl_access/ctrl_access.o
 .debug_loc     0x00005608      0x168 src/asf/common/services/usb/class/composite/device/example3/at32uc3b0256_evk1101/ui.o
 .debug_loc     0x00005770      0x265 src/asf/common/services/usb/class/hid/device/kbd/udi_hid_kbd.o
 .debug_loc     0x000059d5      0x15c src/asf/common/services/usb/class/hid/device/udi_hid.o
 .debug_loc     0x00005b31      0x773 src/asf/common/services/usb/class/msc/device/udi_msc.o
 .debug_loc     0x000062a4      0x42b src/asf/common/services/usb/udc/udc.o
 .debug_loc     0x000066cf      0x291 src/main.o

.debug_macinfo  0x00000000  0x1443fce
 *(.debug_macinfo)
 .debug_macinfo
                0x00000000    0xd78c7 src/asf/avr32/components/memory/sd_mmc/sd_mmc_spi/sd_mmc_spi.o
 .debug_macinfo
                0x000d78c7    0xd8aeb src/asf/avr32/services/fs/fat/fat.o
 .debug_macinfo
                0x001b03b2    0xd8aec src/asf/avr32/services/fs/fat/fat_unusual.o
 .debug_macinfo
                0x00288e9e    0xd8b8d src/asf/avr32/services/fs/fat/file.o
 .debug_macinfo
                0x00361a2b    0xd8e0a src/asf/avr32/services/fs/fat/navigation.o
 .debug_macinfo
                0x0043a835    0xda741 src/asf/avr32/components/memory/sd_mmc/sd_mmc_spi/sd_mmc_spi_mem.o
 .debug_macinfo
                0x00514f76    0xd666f src/asf/avr32/boards/evk1101/init.o
 .debug_macinfo
                0x005eb5e5    0xd5f2d src/asf/avr32/boards/evk1101/led.o
 .debug_macinfo
                0x006c1512    0xd4fe9 src/asf/avr32/drivers/eic/eic.o
 .debug_macinfo
                0x007964fb    0xd4e81 src/asf/avr32/drivers/flashc/flashc.o
 .debug_macinfo
                0x0086b37c    0xd4f5f src/asf/avr32/drivers/gpio/gpio.o
 .debug_macinfo
                0x009402db    0xd500c src/asf/avr32/drivers/intc/intc.o
 .debug_macinfo
                0x00a152e7    0xd4dad src/asf/avr32/drivers/spi/spi.o
 .debug_macinfo
                0x00aea094    0xdff67 src/asf/avr32/drivers/usbb/usbb_device.o
 .debug_macinfo
                0x00bc9ffb    0xd759a src/asf/common/services/clock/uc3b0_b1/sysclk.o
 .debug_macinfo
                0x00ca1595    0xd4e54 src/asf/common/services/sleepmgr/uc3/sleepmgr.o
 .debug_macinfo
                0x00d763e9    0xd71cf src/asf/common/services/storage/ctrl_access/ctrl_access.o
 .debug_macinfo
                0x00e4d5b8    0xde1cb src/asf/common/services/usb/class/composite/device/example3/at32uc3b0256_evk1101/ui.o
 .debug_macinfo
                0x00f2b783    0xd7d48 src/asf/common/services/usb/class/composite/device/udi_composite_desc.o
 .debug_macinfo
                0x010034cb    0xd7eae src/asf/common/services/usb/class/hid/device/kbd/udi_hid_kbd.o
 .debug_macinfo
                0x010db379    0xd7d6e src/asf/common/services/usb/class/hid/device/udi_hid.o
 .debug_macinfo
                0x011b30e7    0xdae96 src/asf/common/services/usb/class/msc/device/udi_msc.o
 .debug_macinfo
                0x0128df7d    0xd7e0b src/asf/common/services/usb/udc/udc.o
 .debug_macinfo
                0x01365d88    0xde246 src/main.o

.debug_weaknames
 *(.debug_weaknames)

.debug_funcnames
 *(.debug_funcnames)

.debug_typenames
 *(.debug_typenames)

.debug_varnames
 *(.debug_varnames)

.stack          0x00007000     0x1000
                0x00007000                _stack = .
 *(.stack)
                0x00001000                . = __stack_size__
 *fill*         0x00007000     0x1000 00
                0x00008000                _estack = .

.userpage
 *(.userpage .userpage.*)

/DISCARD/
 *(.note.GNU-stack)
OUTPUT(Composite_Duck.elf elf32-avr32)

.debug_ranges   0x00000000      0xfc0
 .debug_ranges  0x00000000       0xe8 src/asf/avr32/components/memory/sd_mmc/sd_mmc_spi/sd_mmc_spi.o
 .debug_ranges  0x000000e8      0x138 src/asf/avr32/services/fs/fat/fat.o
 .debug_ranges  0x00000220       0x40 src/asf/avr32/services/fs/fat/fat_unusual.o
 .debug_ranges  0x00000260       0x68 src/asf/avr32/services/fs/fat/file.o
 .debug_ranges  0x000002c8      0x1c0 src/asf/avr32/services/fs/fat/navigation.o
 .debug_ranges  0x00000488       0x68 src/asf/avr32/components/memory/sd_mmc/sd_mmc_spi/sd_mmc_spi_mem.o
 .debug_ranges  0x000004f0       0x18 src/asf/avr32/boards/evk1101/init.o
 .debug_ranges  0x00000508       0x70 src/asf/avr32/boards/evk1101/led.o
 .debug_ranges  0x00000578       0x98 src/asf/avr32/drivers/eic/eic.o
 .debug_ranges  0x00000610      0x210 src/asf/avr32/drivers/flashc/flashc.o
 .debug_ranges  0x00000820       0xf8 src/asf/avr32/drivers/gpio/gpio.o
 .debug_ranges  0x00000918       0x48 src/asf/avr32/drivers/intc/intc.o
 .debug_ranges  0x00000960       0xa0 src/asf/avr32/drivers/spi/spi.o
 .debug_ranges  0x00000a00      0x1c8 src/asf/avr32/drivers/usbb/usbb_device.o
 .debug_ranges  0x00000bc8       0x20 src/asf/avr32/utils/startup/startup_uc3.o
 .debug_ranges  0x00000be8       0x48 src/asf/common/services/clock/uc3b0_b1/sysclk.o
 .debug_ranges  0x00000c30       0x70 src/asf/common/services/storage/ctrl_access/ctrl_access.o
 .debug_ranges  0x00000ca0       0x68 src/asf/common/services/usb/class/composite/device/example3/at32uc3b0256_evk1101/ui.o
 .debug_ranges  0x00000d08       0x70 src/asf/common/services/usb/class/hid/device/kbd/udi_hid_kbd.o
 .debug_ranges  0x00000d78       0x18 src/asf/common/services/usb/class/hid/device/udi_hid.o
 .debug_ranges  0x00000d90       0xe0 src/asf/common/services/usb/class/msc/device/udi_msc.o
 .debug_ranges  0x00000e70       0x70 src/asf/common/services/usb/udc/udc.o
 .debug_ranges  0x00000ee0       0xe0 src/main.o
