Archive member included because of file (symbol)

c:/program files (x86)/atmel/atmel studio 6.0/extensions/atmel/avrgcc/3.4.1.95/avrtoolchain/bin/../lib/gcc/avr32/4.4.3/ucr1\libgcc.a(_lshrdi3.o)
                              src/asf/avr32/drivers/flashc/flashc.o (__avr32_lsr64)
c:/program files (x86)/atmel/atmel studio 6.0/extensions/atmel/avrgcc/3.4.1.95/avrtoolchain/bin/../lib/gcc/avr32/4.4.3/ucr1\libgcc.a(_ashldi3.o)
                              src/asf/avr32/drivers/flashc/flashc.o (__avr32_lsl64)
c:/program files (x86)/atmel/atmel studio 6.0/extensions/atmel/avrgcc/3.4.1.95/avrtoolchain/bin/../lib/gcc/avr32/4.4.3/../../../../avr32/lib/ucr1\libc.a(lib_a-ctype_.o)
                              src/asf/avr32/services/fs/fat/navigation.o (__ctype_ptr)
c:/program files (x86)/atmel/atmel studio 6.0/extensions/atmel/avrgcc/3.4.1.95/avrtoolchain/bin/../lib/gcc/avr32/4.4.3/../../../../avr32/lib/ucr1\libc.a(lib_a-fprintf.o)
                              src/asf/thirdparty/dlmalloc/dlmalloc.o (fprintf)
c:/program files (x86)/atmel/atmel studio 6.0/extensions/atmel/avrgcc/3.4.1.95/avrtoolchain/bin/../lib/gcc/avr32/4.4.3/../../../../avr32/lib/ucr1\libc.a(lib_a-impure.o)
                              src/asf/thirdparty/dlmalloc/dlmalloc.o (_impure_ptr)
c:/program files (x86)/atmel/atmel studio 6.0/extensions/atmel/avrgcc/3.4.1.95/avrtoolchain/bin/../lib/gcc/avr32/4.4.3/../../../../avr32/lib/ucr1\libc.a(lib_a-memcpy.o)
                              src/asf/avr32/services/fs/fat/fat.o (memcpy)
c:/program files (x86)/atmel/atmel studio 6.0/extensions/atmel/avrgcc/3.4.1.95/avrtoolchain/bin/../lib/gcc/avr32/4.4.3/../../../../avr32/lib/ucr1\libc.a(lib_a-memset.o)
                              src/asf/thirdparty/dlmalloc/dlmalloc.o (memset)
c:/program files (x86)/atmel/atmel studio 6.0/extensions/atmel/avrgcc/3.4.1.95/avrtoolchain/bin/../lib/gcc/avr32/4.4.3/../../../../avr32/lib/ucr1\libc.a(lib_a-vfprintf.o)
                              c:/program files (x86)/atmel/atmel studio 6.0/extensions/atmel/avrgcc/3.4.1.95/avrtoolchain/bin/../lib/gcc/avr32/4.4.3/../../../../avr32/lib/ucr1\libc.a(lib_a-fprintf.o) (_vfprintf_r)
c:/program files (x86)/atmel/atmel studio 6.0/extensions/atmel/avrgcc/3.4.1.95/avrtoolchain/bin/../lib/gcc/avr32/4.4.3/../../../../avr32/lib/ucr1\libc.a(lib_a-wsetup.o)
                              c:/program files (x86)/atmel/atmel studio 6.0/extensions/atmel/avrgcc/3.4.1.95/avrtoolchain/bin/../lib/gcc/avr32/4.4.3/../../../../avr32/lib/ucr1\libc.a(lib_a-vfprintf.o) (__swsetup_r)
c:/program files (x86)/atmel/atmel studio 6.0/extensions/atmel/avrgcc/3.4.1.95/avrtoolchain/bin/../lib/gcc/avr32/4.4.3/../../../../avr32/lib/ucr1\libc.a(lib_a-dtoa.o)
                              c:/program files (x86)/atmel/atmel studio 6.0/extensions/atmel/avrgcc/3.4.1.95/avrtoolchain/bin/../lib/gcc/avr32/4.4.3/../../../../avr32/lib/ucr1\libc.a(lib_a-vfprintf.o) (_dtoa_r)
c:/program files (x86)/atmel/atmel studio 6.0/extensions/atmel/avrgcc/3.4.1.95/avrtoolchain/bin/../lib/gcc/avr32/4.4.3/../../../../avr32/lib/ucr1\libc.a(lib_a-fflush.o)
                              c:/program files (x86)/atmel/atmel studio 6.0/extensions/atmel/avrgcc/3.4.1.95/avrtoolchain/bin/../lib/gcc/avr32/4.4.3/../../../../avr32/lib/ucr1\libc.a(lib_a-vfprintf.o) (_fflush_r)
c:/program files (x86)/atmel/atmel studio 6.0/extensions/atmel/avrgcc/3.4.1.95/avrtoolchain/bin/../lib/gcc/avr32/4.4.3/../../../../avr32/lib/ucr1\libc.a(lib_a-findfp.o)
                              c:/program files (x86)/atmel/atmel studio 6.0/extensions/atmel/avrgcc/3.4.1.95/avrtoolchain/bin/../lib/gcc/avr32/4.4.3/../../../../avr32/lib/ucr1\libc.a(lib_a-vfprintf.o) (__sinit)
c:/program files (x86)/atmel/atmel studio 6.0/extensions/atmel/avrgcc/3.4.1.95/avrtoolchain/bin/../lib/gcc/avr32/4.4.3/../../../../avr32/lib/ucr1\libc.a(lib_a-freer.o)
                              c:/program files (x86)/atmel/atmel studio 6.0/extensions/atmel/avrgcc/3.4.1.95/avrtoolchain/bin/../lib/gcc/avr32/4.4.3/../../../../avr32/lib/ucr1\libc.a(lib_a-wsetup.o) (_free_r)
c:/program files (x86)/atmel/atmel studio 6.0/extensions/atmel/avrgcc/3.4.1.95/avrtoolchain/bin/../lib/gcc/avr32/4.4.3/../../../../avr32/lib/ucr1\libc.a(lib_a-fvwrite.o)
                              c:/program files (x86)/atmel/atmel studio 6.0/extensions/atmel/avrgcc/3.4.1.95/avrtoolchain/bin/../lib/gcc/avr32/4.4.3/../../../../avr32/lib/ucr1\libc.a(lib_a-vfprintf.o) (__sfvwrite_r)
c:/program files (x86)/atmel/atmel studio 6.0/extensions/atmel/avrgcc/3.4.1.95/avrtoolchain/bin/../lib/gcc/avr32/4.4.3/../../../../avr32/lib/ucr1\libc.a(lib_a-fwalk.o)
                              c:/program files (x86)/atmel/atmel studio 6.0/extensions/atmel/avrgcc/3.4.1.95/avrtoolchain/bin/../lib/gcc/avr32/4.4.3/../../../../avr32/lib/ucr1\libc.a(lib_a-fflush.o) (_fwalk_reent)
[...]
Memory Configuration

Name             Origin             Length             Attributes
FLASH            0x80000000         0x00040000         axrl !w
INTRAM           0x00000004         0x00007ffc         axw !rl
USERPAGE         0x80800000         0x00000200
*default*        0x00000000         0xffffffff

Linker script and memory map

                0x00001000                _stack_size = 0x1000
LOAD src/asf/avr32/components/memory/sd_mmc/sd_mmc_spi/sd_mmc_spi.o
LOAD src/asf/avr32/services/freq_detect/freq_detect.o
LOAD src/asf/avr32/services/fs/fat/fat.o
LOAD src/asf/avr32/services/fs/fat/fat_unusual.o
LOAD src/asf/avr32/services/fs/fat/file.o
LOAD src/asf/avr32/services/fs/fat/navigation.o
LOAD src/asf/thirdparty/dlmalloc/dlmalloc.o
LOAD src/asf/thirdparty/dlmalloc/dlsbrk.o
LOAD src/asf/avr32/components/memory/sd_mmc/sd_mmc_spi/sd_mmc_spi_mem.o
LOAD src/asf/avr32/boards/evk1101/init.o
LOAD src/asf/avr32/boards/evk1101/led.o
LOAD src/asf/avr32/drivers/eic/eic.o
LOAD src/asf/avr32/drivers/flashc/flashc.o
LOAD src/asf/avr32/drivers/gpio/gpio.o
LOAD src/asf/avr32/drivers/intc/exception.o
LOAD src/asf/avr32/drivers/intc/intc.o
LOAD src/asf/avr32/drivers/pm/pm.o
LOAD src/asf/avr32/drivers/pm/pm_conf_clocks.o
LOAD src/asf/avr32/drivers/pm/power_clocks_lib.o
LOAD src/asf/avr32/drivers/spi/spi.o
LOAD src/asf/avr32/drivers/usbb/usbb_device.o
LOAD src/asf/avr32/utils/startup/startup_uc3.o
LOAD src/asf/avr32/utils/startup/trampoline_uc3.o
LOAD src/asf/common/components/memory/data_flash/at45dbx/at45dbx.o
LOAD src/asf/common/components/memory/data_flash/at45dbx/at45dbx_mem.o
LOAD src/asf/common/services/clock/uc3b0_b1/sysclk.o
LOAD src/asf/common/services/sleepmgr/uc3/sleepmgr.o
LOAD src/asf/common/services/spi/uc3_spi/spi_master.o
LOAD src/asf/common/services/storage/ctrl_access/ctrl_access.o
LOAD src/asf/common/services/usb/class/composite/device/example3/at32uc3b0256_evk1101/ui.o
LOAD src/asf/common/services/usb/class/composite/device/udi_composite_desc.o
LOAD src/asf/common/services/usb/class/hid/device/kbd/udi_hid_kbd.o
LOAD src/asf/common/services/usb/class/hid/device/udi_hid.o
LOAD src/asf/common/services/usb/class/msc/device/udi_msc.o
LOAD src/asf/common/services/usb/udc/udc.o
LOAD src/main.o
START GROUP
LOAD c:/program files (x86)/atmel/atmel studio 6.0/extensions/atmel/avrgcc/3.4.1.95/avrtoolchain/bin/../lib/gcc/avr32/4.4.3/../../../../avr32/lib/ucr1\libm.a
END GROUP
LOAD c:/program files (x86)/atmel/atmel studio 6.0/extensions/atmel/avrgcc/3.4.1.95/avrtoolchain/bin/../lib/gcc/avr32/4.4.3/ucr1\libgcc.a
LOAD c:/program files (x86)/atmel/atmel studio 6.0/extensions/atmel/avrgcc/3.4.1.95/avrtoolchain/bin/../lib/gcc/avr32/4.4.3/../../../../avr32/lib/ucr1\libc.a
LOAD c:/program files (x86)/atmel/atmel studio 6.0/extensions/atmel/avrgcc/3.4.1.95/avrtoolchain/bin/../lib/gcc/avr32/4.4.3/ucr1\libgcc.a
                0xffffffff                __max_heap_size__ = 0xffffffff
                [0xffffffff]                __heap_size__ = DEFINED (__heap_size__)?__heap_size__:__max_heap_size__
                [0x00001000]                __stack_size__ = DEFINED (__stack_size__)?__stack_size__:0x1000
                0x80000000                PROVIDE (__executable_start, 0x80000000)
                0x80000000                . = 0x80000000

.interp
 *(.interp)

.reset          0x80000000     0x2008
 *(.reset)
 .reset         0x80000000        0x4 src/asf/avr32/utils/startup/startup_uc3.o
                                  0x8 (size before relaxing)
                0x80000000                _start
 .reset         0x80000004     0x2004 src/asf/avr32/utils/startup/trampoline_uc3.o
                               0x2008 (size before relaxing)
                0x80000004                _trampoline

.hash
 *(.hash)

.dynsym
 *(.dynsym)

.dynstr
 *(.dynstr)

.gnu.version
 *(.gnu.version)

.gnu.version_d
 *(.gnu.version_d)

.gnu.version_r
 *(.gnu.version_r)

.rel.init
 *(.rel.init)

.rela.init
 *(.rela.init)

.rel.text
 *(.rel.text .rel.text.* .rel.gnu.linkonce.t.*)

.rela.text
 *(.rela.text .rela.text.* .rela.gnu.linkonce.t.*)

.rel.fini
 *(.rel.fini)

.rela.fini
 *(.rela.fini)

.rel.rodata
 *(.rel.rodata .rel.rodata.* .rel.gnu.linkonce.r.*)

.rela.rodata
 *(.rela.rodata .rela.rodata.* .rela.gnu.linkonce.r.*)

.rel.data.rel.ro
 *(.rel.data.rel.ro*)

.rela.data.rel.ro
 *(.rel.data.rel.ro*)

.rel.data
 *(.rel.data .rel.data.* .rel.gnu.linkonce.d.*)

.rela.data
 *(.rela.data .rela.data.* .rela.gnu.linkonce.d.*)

.rel.tdata
 *(.rel.tdata .rel.tdata.* .rel.gnu.linkonce.td.*)

.rela.tdata
 *(.rela.tdata .rela.tdata.* .rela.gnu.linkonce.td.*)

.rel.tbss
 *(.rel.tbss .rel.tbss.* .rel.gnu.linkonce.tb.*)

.rela.tbss
 *(.rela.tbss .rela.tbss.* .rela.gnu.linkonce.tb.*)

.rel.ctors
 *(.rel.ctors)

.rela.ctors
 *(.rela.ctors)

.rel.dtors
 *(.rel.dtors)

.rela.dtors
 *(.rela.dtors)

.rel.got
 *(.rel.got)

.rela.got       0x80002008        0x0
 *(.rela.got)
 .rela.got      0x80002008        0x0 src/asf/avr32/drivers/flashc/flashc.o

.rel.bss
 *(.rel.bss .rel.bss.* .rel.gnu.linkonce.b.*)

.rela.bss
 *(.rela.bss .rela.bss.* .rela.gnu.linkonce.b.*)

.rel.plt
 *(.rel.plt)

.rela.plt
 *(.rela.plt)

.init
 *(.init)

.plt
 *(.plt)

.text           0x80002008     0x50fa
 *(.text .stub .text.* .gnu.linkonce.t.*)
 .text.sd_mmc_spi_get_capacity
                0x80002008      0x108 src/asf/avr32/components/memory/sd_mmc/sd_mmc_spi/sd_mmc_spi.o
                                0x110 (size before relaxing)
                0x80002008                sd_mmc_spi_get_capacity
 .text.sd_mmc_spi_write_close
                0x80002110        0x2 src/asf/avr32/components/memory/sd_mmc/sd_mmc_spi/sd_mmc_spi.o
                0x80002110                sd_mmc_spi_write_close
 *fill*         0x80002112        0x2 d703d703
 .text.sd_mmc_spi_send_and_read
                0x80002114       0x2c src/asf/avr32/components/memory/sd_mmc/sd_mmc_spi/sd_mmc_spi.o
                                 0x34 (size before relaxing)
                0x80002114                sd_mmc_spi_send_and_read
 .text.sd_mmc_spi_wait_not_busy
                0x80002140       0x44 src/asf/avr32/components/memory/sd_mmc/sd_mmc_spi/sd_mmc_spi.o
                                 0x54 (size before relaxing)
                0x80002140                sd_mmc_spi_wait_not_busy
 .text.sd_mmc_spi_write_open
                0x80002184       0x10 src/asf/avr32/components/memory/sd_mmc/sd_mmc_spi/sd_mmc_spi.o
                                 0x18 (size before relaxing)
                0x80002184                sd_mmc_spi_write_open
 .text.sd_mmc_spi_read_close
                0x80002194        0x8 src/asf/avr32/components/memory/sd_mmc/sd_mmc_spi/sd_mmc_spi.o
                                  0xc (size before relaxing)
                0x80002194                sd_mmc_spi_read_close
 .text.sd_mmc_spi_read_open
                0x8000219c       0x10 src/asf/avr32/components/memory/sd_mmc/sd_mmc_spi/sd_mmc_spi.o
                                 0x18 (size before relaxing)
                0x8000219c                sd_mmc_spi_read_open
 .text.sd_mmc_spi_command
                0x800021ac       0xa4 src/asf/avr32/components/memory/sd_mmc/sd_mmc_spi/sd_mmc_spi.o
                                 0xb0 (size before relaxing)
                0x800021ac                sd_mmc_spi_command
 .text.sd_mmc_spi_send_command
                0x80002250       0x2c src/asf/avr32/components/memory/sd_mmc/sd_mmc_spi/sd_mmc_spi.o
                                 0x3c (size before relaxing)
                0x80002250                sd_mmc_spi_send_command
 .text.sd_mmc_spi_check_presence
                0x8000227c       0x58 src/asf/avr32/components/memory/sd_mmc/sd_mmc_spi/sd_mmc_spi.o
                                 0x68 (size before relaxing)
                0x8000227c                sd_mmc_spi_check_presence
 .text.sd_mmc_spi_write_sector_from_ram
                0x800022d4      0x104 src/asf/avr32/components/memory/sd_mmc/sd_mmc_spi/sd_mmc_spi.o
                                0x128 (size before relaxing)
                0x800022d4                sd_mmc_spi_write_sector_from_ram
 .text.sd_mmc_spi_check_hc
                0x800023d8       0x5c src/asf/avr32/components/memory/sd_mmc/sd_mmc_spi/sd_mmc_spi.o
                                 0x7c (size before relaxing)
                0x800023d8                sd_mmc_spi_check_hc
 .text.sd_mmc_spi_get_if
                0x80002434       0x78 src/asf/avr32/components/memory/sd_mmc/sd_mmc_spi/sd_mmc_spi.o
                                 0x98 (size before relaxing)
                0x80002434                sd_mmc_spi_get_if
 .text.sd_mmc_spi_read_sector_to_ram
                0x800024ac      0x104 src/asf/avr32/components/memory/sd_mmc/sd_mmc_spi/sd_mmc_spi.o
                                0x128 (size before relaxing)
                0x800024ac                sd_mmc_spi_read_sector_to_ram
 .text.sd_mmc_spi_get_csd
                0x800025b0       0xc8 src/asf/avr32/components/memory/sd_mmc/sd_mmc_spi/sd_mmc_spi.o
                                 0xe8 (size before relaxing)
                0x800025b0                sd_mmc_spi_get_csd
 .text.sd_mmc_spi_write_multiple_sector
                0x80002678       0x20 src/asf/avr32/components/memory/sd_mmc/sd_mmc_spi/sd_mmc_spi.o
                                 0x28 (size before relaxing)
                0x80002678                sd_mmc_spi_write_multiple_sector
 .text.sd_mmc_spi_read_multiple_sector
                0x80002698       0x20 src/asf/avr32/components/memory/sd_mmc/sd_mmc_spi/sd_mmc_spi.o
                                 0x28 (size before relaxing)
                0x80002698                sd_mmc_spi_read_multiple_sector
 .text.sd_mmc_spi_internal_init
                0x800026b8      0x20c src/asf/avr32/components/memory/sd_mmc/sd_mmc_spi/sd_mmc_spi.o
                                0x24c (size before relaxing)
                0x800026b8                sd_mmc_spi_internal_init
 .text.sd_mmc_spi_mem_check
                0x800028c4       0x1c src/asf/avr32/components/memory/sd_mmc/sd_mmc_spi/sd_mmc_spi.o
                                 0x28 (size before relaxing)
                0x800028c4                sd_mmc_spi_mem_check
 .text.sd_mmc_spi_init
                0x800028e0       0x24 src/asf/avr32/components/memory/sd_mmc/sd_mmc_spi/sd_mmc_spi.o
                                 0x30 (size before relaxing)
                0x800028e0                sd_mmc_spi_init
 .text.fat_check_is_file
                0x80002904       0x1c src/asf/avr32/services/fs/fat/fat.o
                                 0x20 (size before relaxing)
                0x80002904                fat_check_is_file
 .text.fat_checkcluster
                0x80002920       0x5c src/asf/avr32/services/fs/fat/fat.o
                                 0x60 (size before relaxing)
                0x80002920                fat_checkcluster
 .text.fat_cache_clusterlist_reset
                0x8000297c       0x24 src/asf/avr32/services/fs/fat/fat.o
                                 0x28 (size before relaxing)
                0x8000297c                fat_cache_clusterlist_reset
 .text.fat_cache_clusterlist_update_finish
                0x800029a0       0x90 src/asf/avr32/services/fs/fat/fat.o
                                 0x94 (size before relaxing)
                0x800029a0                fat_cache_clusterlist_update_finish
 .text.fat_cache_clusterlist_update_read
                0x80002a30      0x158 src/asf/avr32/services/fs/fat/fat.o
                                0x150 (size before relaxing)
                0x80002a30                fat_cache_clusterlist_update_read
 .text.fat_entry_check
                0x80002b88       0x54 src/asf/avr32/services/fs/fat/fat.o
                                 0x58 (size before relaxing)
                0x80002b88                fat_entry_check
 .text.fat_get_entry_info
                0x80002bdc       0x54 src/asf/avr32/services/fs/fat/fat.o
                                 0x5c (size before relaxing)
                0x80002bdc                fat_get_entry_info
 .text.fat_entry_is_dir
                0x80002c30       0x14 src/asf/avr32/services/fs/fat/fat.o
                                 0x18 (size before relaxing)
                0x80002c30                fat_entry_is_dir
 .text.fat_clear_entry_info_and_ptr
                0x80002c44       0x2c src/asf/avr32/services/fs/fat/fat.o
                                 0x34 (size before relaxing)
                0x80002c44                fat_clear_entry_info_and_ptr
 .text.fat_entry_shortname
                0x80002c70       0xfc src/asf/avr32/services/fs/fat/fat.o
                                0x100 (size before relaxing)
                0x80002c70                fat_entry_shortname
 .text.fat_entry_longname
                0x80002d6c      0x1a8 src/asf/avr32/services/fs/fat/fat.o
                0x80002d6c                fat_entry_longname
 .text.fat_cache_reset
                0x80002f14       0x14 src/asf/avr32/services/fs/fat/fat.o
                                 0x18 (size before relaxing)
                0x80002f14                fat_cache_reset
 .text.fat_check_nav_access_file
                0x80002f28       0x68 src/asf/avr32/services/fs/fat/fat.o
                                 0x74 (size before relaxing)
                0x80002f28                fat_check_nav_access_file
 .text.fat_invert_nav
                0x80002f90       0xc8 src/asf/avr32/services/fs/fat/fat.o
                                 0xd4 (size before relaxing)
                0x80002f90                fat_invert_nav
 .text.fat_cache_flush
                0x80003058       0x48 src/asf/avr32/services/fs/fat/fat.o
                                 0x54 (size before relaxing)
                0x80003058                fat_cache_flush
 .text.fat_cache_read_sector
                0x800030a0       0x74 src/asf/avr32/services/fs/fat/fat.o
                                 0x7c (size before relaxing)
                0x800030a0                fat_cache_read_sector
 .text.fat_cluster_readnext
                0x80003114       0x80 src/asf/avr32/services/fs/fat/fat.o
                                 0x88 (size before relaxing)
                0x80003114                fat_cluster_readnext
 .text.fat_cluster_val
                0x80003194      0x134 src/asf/avr32/services/fs/fat/fat.o
                                0x13c (size before relaxing)
                0x80003194                fat_cluster_val
 .text.fat_cluster_list
                0x800032c8      0x214 src/asf/avr32/services/fs/fat/fat.o
                                0x240 (size before relaxing)
                0x800032c8                fat_cluster_list
 .text.fat_read_dir
                0x800034dc       0x60 src/asf/avr32/services/fs/fat/fat.o
                                 0x70 (size before relaxing)
                0x800034dc                fat_read_dir
 .text.fat_read_file
                0x8000353c       0xb0 src/asf/avr32/services/fs/fat/fat.o
                                 0xc4 (size before relaxing)
                0x8000353c                fat_read_file
 .text.fat_check_device
                0x800035ec       0xb8 src/asf/avr32/services/fs/fat/fat.o
                                 0xd0 (size before relaxing)
                0x800035ec                fat_check_device
 .text.fat_check_noopen
                0x800036a4       0x30 src/asf/avr32/services/fs/fat/fat.o
                                 0x3c (size before relaxing)
                0x800036a4                fat_check_noopen
 .text.fat_check_mount
                0x800036d4       0x28 src/asf/avr32/services/fs/fat/fat.o
                                 0x38 (size before relaxing)
                0x800036d4                fat_check_mount
 .text.fat_check_mount_select
                0x800036fc       0x24 src/asf/avr32/services/fs/fat/fat.o
                                 0x2c (size before relaxing)
                0x800036fc                fat_check_mount_select
 .text.fat_check_mount_select_open
                0x80003720       0x3c src/asf/avr32/services/fs/fat/fat.o
                                 0x48 (size before relaxing)
                0x80003720                fat_check_mount_select_open
 .text.fat_check_mount_select_noopen
                0x8000375c       0x24 src/asf/avr32/services/fs/fat/fat.o
                                 0x34 (size before relaxing)
                0x8000375c                fat_check_mount_select_noopen
 .text.fat_check_mount_noopen
                0x80003780        0xc src/asf/avr32/services/fs/fat/fat.o
                                 0x18 (size before relaxing)
                0x80003780                fat_check_mount_noopen
 .text.fat_mount
                0x8000378c      0x2b8 src/asf/avr32/services/fs/fat/fat_unusual.o
                                0x2cc (size before relaxing)
                0x8000378c                fat_mount
 .text.file_close
                0x80003a44       0x10 src/asf/avr32/services/fs/fat/file.o
                                 0x18 (size before relaxing)
                0x80003a44                file_close
 .text.file_eof
                0x80003a54       0x1c src/asf/avr32/services/fs/fat/file.o
                                 0x24 (size before relaxing)
                0x80003a54                file_eof
 .text.file_bof
                0x80003a70       0x18 src/asf/avr32/services/fs/fat/file.o
                                 0x20 (size before relaxing)
                0x80003a70                file_bof
 .text.file_seek
                0x80003a88       0x6c src/asf/avr32/services/fs/fat/file.o
                                 0x70 (size before relaxing)
                0x80003a88                file_seek
 .text.file_getpos
                0x80003af4       0x10 src/asf/avr32/services/fs/fat/file.o
                                 0x18 (size before relaxing)
                0x80003af4                file_getpos
 .text.file_getc
                0x80003b04       0x58 src/asf/avr32/services/fs/fat/file.o
                                 0x60 (size before relaxing)
                0x80003b04                file_getc
 .text.file_read_buf
                0x80003b5c      0x140 src/asf/avr32/services/fs/fat/file.o
                                0x160 (size before relaxing)
                0x80003b5c                file_read_buf
 .text.file_open
                0x80003c9c       0x60 src/asf/avr32/services/fs/fat/file.o
                                 0x6c (size before relaxing)
                0x80003c9c                file_open
 .text.nav_file_name
                0x80003cfc       0xc0 src/asf/avr32/services/fs/fat/navigation.o
                                 0xd0 (size before relaxing)
                0x80003cfc                nav_file_name
 .text.nav_filelist_set
                0x80003dbc      0x134 src/asf/avr32/services/fs/fat/navigation.o
                                0x144 (size before relaxing)
                0x80003dbc                nav_filelist_set
 .text.nav_filelist_findname
                0x80003ef0       0x20 src/asf/avr32/services/fs/fat/navigation.o
                                 0x2c (size before relaxing)
                0x80003ef0                nav_filelist_findname
 .text.nav_filelist_reset
                0x80003f10       0x10 src/asf/avr32/services/fs/fat/navigation.o
                                 0x18 (size before relaxing)
                0x80003f10                nav_filelist_reset
 .text.nav_dir_gotoparent
                0x80003f20       0x70 src/asf/avr32/services/fs/fat/navigation.o
                                 0x90 (size before relaxing)
                0x80003f20                nav_dir_gotoparent
 .text.nav_dir_cd
                0x80003f90       0x2c src/asf/avr32/services/fs/fat/navigation.o
                                 0x40 (size before relaxing)
                0x80003f90                nav_dir_cd
 .text.nav_partition_mount
                0x80003fbc       0x2c src/asf/avr32/services/fs/fat/navigation.o
                                 0x3c (size before relaxing)
                0x80003fbc                nav_partition_mount
 .text.nav_dir_root
                0x80003fe8        0x8 src/asf/avr32/services/fs/fat/navigation.o
                                  0xc (size before relaxing)
                0x80003fe8                nav_dir_root
 .text.nav_drive_set
                0x80003ff0       0x3c src/asf/avr32/services/fs/fat/navigation.o
                                 0x4c (size before relaxing)
                0x80003ff0                nav_drive_set
 .text.nav_gotoindex
                0x8000402c       0x40 src/asf/avr32/services/fs/fat/navigation.o
                                 0x5c (size before relaxing)
                0x8000402c                nav_gotoindex
 .text.nav_setcwd
                0x8000406c      0x184 src/asf/avr32/services/fs/fat/navigation.o
                                0x1c4 (size before relaxing)
                0x8000406c                nav_setcwd
 .text.nav_select
                0x800041f0       0x38 src/asf/avr32/services/fs/fat/navigation.o
                                 0x40 (size before relaxing)
                0x800041f0                nav_select
 .text.nav_reset
                0x80004228       0x4c src/asf/avr32/services/fs/fat/navigation.o
                                 0x68 (size before relaxing)
                0x80004228                nav_reset
 .text.sd_mmc_spi_wr_protect
                0x80004274        0x2 src/asf/avr32/components/memory/sd_mmc/sd_mmc_spi/sd_mmc_spi_mem.o
                0x80004274                sd_mmc_spi_wr_protect
 .text.sd_mmc_spi_removal
                0x80004276        0x2 src/asf/avr32/components/memory/sd_mmc/sd_mmc_spi/sd_mmc_spi_mem.o
                0x80004276                sd_mmc_spi_removal
 .text.sd_mmc_spi_write_multiple_sector_callback
                0x80004278       0x14 src/asf/avr32/components/memory/sd_mmc/sd_mmc_spi/sd_mmc_spi_mem.o
                                 0x18 (size before relaxing)
                0x80004278                sd_mmc_spi_write_multiple_sector_callback
 .text.sd_mmc_spi_read_multiple_sector_callback
                0x8000428c       0x14 src/asf/avr32/components/memory/sd_mmc/sd_mmc_spi/sd_mmc_spi_mem.o
                                 0x18 (size before relaxing)
                0x8000428c                sd_mmc_spi_read_multiple_sector_callback
 .text.sd_mmc_spi_test_unit_ready
                0x800042a0       0x54 src/asf/avr32/components/memory/sd_mmc/sd_mmc_spi/sd_mmc_spi_mem.o
                                 0x5c (size before relaxing)
                0x800042a0                sd_mmc_spi_test_unit_ready
 .text.sd_mmc_spi_mem_init
                0x800042f4        0x8 src/asf/avr32/components/memory/sd_mmc/sd_mmc_spi/sd_mmc_spi_mem.o
                                  0xc (size before relaxing)
                0x800042f4                sd_mmc_spi_mem_init
 .text.sd_mmc_spi_ram_2_mem
                0x800042fc       0x44 src/asf/avr32/components/memory/sd_mmc/sd_mmc_spi/sd_mmc_spi_mem.o
                                 0x5c (size before relaxing)
                0x800042fc                sd_mmc_spi_ram_2_mem
 .text.sd_mmc_spi_mem_2_ram
                0x80004340       0x4c src/asf/avr32/components/memory/sd_mmc/sd_mmc_spi/sd_mmc_spi_mem.o
                                 0x60 (size before relaxing)
                0x80004340                sd_mmc_spi_mem_2_ram
 .text.sd_mmc_spi_usb_write_10
                0x8000438c       0x48 src/asf/avr32/components/memory/sd_mmc/sd_mmc_spi/sd_mmc_spi_mem.o
                                 0x5c (size before relaxing)
                0x8000438c                sd_mmc_spi_usb_write_10
 .text.sd_mmc_spi_usb_read_10
                0x800043d4       0x50 src/asf/avr32/components/memory/sd_mmc/sd_mmc_spi/sd_mmc_spi_mem.o
                                 0x60 (size before relaxing)
                0x800043d4                sd_mmc_spi_usb_read_10
 .text.sd_mmc_spi_read_capacity
                0x80004424       0x34 src/asf/avr32/components/memory/sd_mmc/sd_mmc_spi/sd_mmc_spi_mem.o
                                 0x3c (size before relaxing)
                0x80004424                sd_mmc_spi_read_capacity
 .text.board_init
                0x80004458       0x54 src/asf/avr32/boards/evk1101/init.o
                                 0x78 (size before relaxing)
                0x80004458                board_init
 .text.LED_Set_Intensity
                0x800044ac       0x8c src/asf/avr32/boards/evk1101/led.o
                                 0x90 (size before relaxing)
                0x800044ac                LED_Set_Intensity
 .text.LED_On   0x80004538       0x44 src/asf/avr32/boards/evk1101/led.o
                                 0x4c (size before relaxing)
                0x80004538                LED_On
 .text.LED_Off  0x8000457c       0x48 src/asf/avr32/boards/evk1101/led.o
                                 0x50 (size before relaxing)
                0x8000457c                LED_Off
 .text.eic_clear_interrupt_line
                0x800045c4       0x16 src/asf/avr32/drivers/eic/eic.o
                0x800045c4                eic_clear_interrupt_line
 .text.flashc_set_bus_freq
                0x800045da       0x28 src/asf/avr32/drivers/flashc/flashc.o
                0x800045da                flashc_set_bus_freq
 .text.gpio_enable_module_pin
                0x80004602       0x4e src/asf/avr32/drivers/gpio/gpio.o
                0x80004602                gpio_enable_module_pin
 .text.gpio_enable_module
                0x80004650       0x20 src/asf/avr32/drivers/gpio/gpio.o
                                 0x28 (size before relaxing)
                0x80004650                gpio_enable_module
 .text.gpio_configure_pin
                0x80004670       0xbe src/asf/avr32/drivers/gpio/gpio.o
                0x80004670                gpio_configure_pin
 .text.gpio_get_pin_value
                0x8000472e       0x16 src/asf/avr32/drivers/gpio/gpio.o
                0x8000472e                gpio_get_pin_value
 .text.gpio_clear_pin_interrupt_flag
                0x80004744       0x14 src/asf/avr32/drivers/gpio/gpio.o
                0x80004744                gpio_clear_pin_interrupt_flag
 .text._unhandled_interrupt
                0x80004758        0x2 src/asf/avr32/drivers/intc/intc.o
 *fill*         0x8000475a        0x2 d703d703
 .text.INTC_register_interrupt
                0x8000475c       0x6c src/asf/avr32/drivers/intc/intc.o
                                 0x74 (size before relaxing)
                0x8000475c                INTC_register_interrupt
 .text.INTC_init_interrupts
                0x800047c8       0x44 src/asf/avr32/drivers/intc/intc.o
                                 0x4c (size before relaxing)
                0x800047c8                INTC_init_interrupts
 .text._get_interrupt_handler
                0x8000480c       0x34 src/asf/avr32/drivers/intc/intc.o
                                 0x38 (size before relaxing)
                0x8000480c                _get_interrupt_handler
 .text.getBaudDiv
                0x80004840       0x20 src/asf/avr32/drivers/spi/spi.o
                0x80004840                getBaudDiv
 .text.spi_initMaster
                0x80004860       0x3a src/asf/avr32/drivers/spi/spi.o
                0x80004860                spi_initMaster
 .text.spi_selectionMode
                0x8000489a       0x2a src/asf/avr32/drivers/spi/spi.o
                0x8000489a                spi_selectionMode
 .text.spi_selectChip
                0x800048c4       0x50 src/asf/avr32/drivers/spi/spi.o
                0x800048c4                spi_selectChip
 .text.spi_unselectChip
                0x80004914       0x28 src/asf/avr32/drivers/spi/spi.o
                0x80004914                spi_unselectChip
 .text.spi_setupChipReg
                0x8000493c       0xa0 src/asf/avr32/drivers/spi/spi.o
                                 0xa8 (size before relaxing)
                0x8000493c                spi_setupChipReg
 .text.spi_enable
                0x800049dc        0x6 src/asf/avr32/drivers/spi/spi.o
                0x800049dc                spi_enable
 .text.spi_is_enabled
                0x800049e2        0x8 src/asf/avr32/drivers/spi/spi.o
                0x800049e2                spi_is_enabled
 .text.spi_write
                0x800049ea       0x1c src/asf/avr32/drivers/spi/spi.o
                0x800049ea                spi_write
 .text.spi_read
                0x80004a06       0x22 src/asf/avr32/drivers/spi/spi.o
                0x80004a06                spi_read
 .text.udd_set_address
                0x80004a28       0x22 src/asf/avr32/drivers/usbb/usbb_device.o
                0x80004a28                udd_set_address
 .text.udd_getaddress
                0x80004a4a        0xc src/asf/avr32/drivers/usbb/usbb_device.o
                0x80004a4a                udd_getaddress
 .text.udd_get_frame_number
                0x80004a56        0xc src/asf/avr32/drivers/usbb/usbb_device.o
                0x80004a56                udd_get_frame_number
 *fill*         0x80004a62        0x2 d703d703
 .text.udd_set_setup_payload
                0x80004a64        0xc src/asf/avr32/drivers/usbb/usbb_device.o
                0x80004a64                udd_set_setup_payload
 .text.udd_ep_is_halted
                0x80004a70       0x12 src/asf/avr32/drivers/usbb/usbb_device.o
                0x80004a70                udd_ep_is_halted
 *fill*         0x80004a82        0x2 d703d703
 .text.udd_ep_set_halt
                0x80004a84       0xa8 src/asf/avr32/drivers/usbb/usbb_device.o
                0x80004a84                udd_ep_set_halt
 .text.udd_ep_clear_halt
                0x80004b2c       0xc0 src/asf/avr32/drivers/usbb/usbb_device.o
                0x80004b2c                udd_ep_clear_halt
 .text.udd_ep_wait_stall_clear
                0x80004bec       0x64 src/asf/avr32/drivers/usbb/usbb_device.o
                0x80004bec                udd_ep_wait_stall_clear
 .text.udd_ep_finish_job
                0x80004c50       0x3a src/asf/avr32/drivers/usbb/usbb_device.o
 *fill*         0x80004c8a        0x2 d703d703
 .text.udd_ep_abort
                0x80004c8c       0x78 src/asf/avr32/drivers/usbb/usbb_device.o
                                 0x80 (size before relaxing)
                0x80004c8c                udd_ep_abort
 .text.udd_ep_free
                0x80004d04       0x50 src/asf/avr32/drivers/usbb/usbb_device.o
                                 0x58 (size before relaxing)
                0x80004d04                udd_ep_free
 .text.cpu_irq_save
                0x80004d54        0x8 src/asf/avr32/drivers/usbb/usbb_device.o
 .text.udd_ep_trans_done
                0x80004d5c      0x13c src/asf/avr32/drivers/usbb/usbb_device.o
                                0x148 (size before relaxing)
 .text.udd_ep_run
                0x80004e98       0x8c src/asf/avr32/drivers/usbb/usbb_device.o
                                 0x98 (size before relaxing)
                0x80004e98                udd_ep_run
 .text.sleepmgr_unlock_mode
                0x80004f24       0x1c src/asf/avr32/drivers/usbb/usbb_device.o
                                 0x24 (size before relaxing)
 .text.sleepmgr_lock_mode
                0x80004f40       0x1c src/asf/avr32/drivers/usbb/usbb_device.o
                                 0x24 (size before relaxing)
 .text.udd_sleep_mode
                0x80004f5c       0x30 src/asf/avr32/drivers/usbb/usbb_device.o
                                 0x3c (size before relaxing)
 .text.udd_send_remotewakeup
                0x80004f8c       0x2c src/asf/avr32/drivers/usbb/usbb_device.o
                                 0x34 (size before relaxing)
                0x80004f8c                udd_send_remotewakeup
 .text.udd_detach
                0x80004fb8       0x24 src/asf/avr32/drivers/usbb/usbb_device.o
                                 0x28 (size before relaxing)
                0x80004fb8                udd_detach
 .text.udd_attach
                0x80004fdc       0x64 src/asf/avr32/drivers/usbb/usbb_device.o
                                 0x70 (size before relaxing)
                0x80004fdc                udd_attach
 .text.udd_ctrl_send_zlp_in
                0x80005040       0x28 src/asf/avr32/drivers/usbb/usbb_device.o
                                 0x30 (size before relaxing)
 .text.udd_ctrl_init
                0x80005068       0x2c src/asf/avr32/drivers/usbb/usbb_device.o
                                 0x38 (size before relaxing)
 .text.udd_ctrl_in_sent
                0x80005094      0x100 src/asf/avr32/drivers/usbb/usbb_device.o
                                0x10c (size before relaxing)
 .text.udd_ep_alloc
                0x80005194      0x170 src/asf/avr32/drivers/usbb/usbb_device.o
                                0x178 (size before relaxing)
                0x80005194                udd_ep_alloc
 .text.udd_enable
                0x80005304       0xc8 src/asf/avr32/drivers/usbb/usbb_device.o
                                 0xdc (size before relaxing)
                0x80005304                udd_enable
 .text.udd_interrupt
                0x800053cc      0x560 src/asf/avr32/drivers/usbb/usbb_device.o
                                0x59c (size before relaxing)
 .text._stext   0x8000592c       0x40 src/asf/avr32/utils/startup/startup_uc3.o
                                 0x50 (size before relaxing)
                0x8000592c                _stext
 .text.osc_enable
                0x8000596c       0x36 src/asf/common/services/clock/uc3b0_b1/sysclk.o
 *fill*         0x800059a2        0x2 d703d703
 .text.sysclk_init
                0x800059a4       0x38 src/asf/common/services/clock/uc3b0_b1/sysclk.o
                                 0x44 (size before relaxing)
                0x800059a4                sysclk_init
 .text.sysclk_priv_enable_module
                0x800059dc       0x2a src/asf/common/services/clock/uc3b0_b1/sysclk.o
                0x800059dc                sysclk_priv_enable_module
 *fill*         0x80005a06        0x2 d703d703
 .text.sysclk_enable_pbb_module
                0x80005a08       0x34 src/asf/common/services/clock/uc3b0_b1/sysclk.o
                                 0x3c (size before relaxing)
                0x80005a08                sysclk_enable_pbb_module
 .text.T.66     0x80005a3c       0x1c src/asf/common/services/clock/uc3b0_b1/sysclk.o
                                 0x20 (size before relaxing)
 .text.sysclk_enable_usb
                0x80005a58       0x3c src/asf/common/services/clock/uc3b0_b1/sysclk.o
                                 0x4c (size before relaxing)
                0x80005a58                sysclk_enable_usb
 .text.get_nb_lun
                0x80005a94        0x2 src/asf/common/services/storage/ctrl_access/ctrl_access.o
                0x80005a94                get_nb_lun
 *fill*         0x80005a96        0x2 d703d703
 .text.mem_test_unit_ready
                0x80005a98       0x14 src/asf/common/services/storage/ctrl_access/ctrl_access.o
                0x80005a98                mem_test_unit_ready
 .text.mem_read_capacity
                0x80005aac       0x14 src/asf/common/services/storage/ctrl_access/ctrl_access.o
                                 0x18 (size before relaxing)
                0x80005aac                mem_read_capacity
 .text.mem_sector_size
                0x80005ac0        0x6 src/asf/common/services/storage/ctrl_access/ctrl_access.o
                0x80005ac0                mem_sector_size
 *fill*         0x80005ac6        0x2 d703d703
 .text.mem_wr_protect
                0x80005ac8       0x14 src/asf/common/services/storage/ctrl_access/ctrl_access.o
                0x80005ac8                mem_wr_protect
 .text.mem_name
                0x80005adc       0x10 src/asf/common/services/storage/ctrl_access/ctrl_access.o
                0x80005adc                mem_name
 .text.ram_2_memory
                0x80005aec       0x2c src/asf/common/services/storage/ctrl_access/ctrl_access.o
                                 0x38 (size before relaxing)
                0x80005aec                ram_2_memory
 .text.usb_2_memory
                0x80005b18       0x2c src/asf/common/services/storage/ctrl_access/ctrl_access.o
                                 0x3c (size before relaxing)
                0x80005b18                usb_2_memory
 .text.memory_2_ram
                0x80005b44       0x2c src/asf/common/services/storage/ctrl_access/ctrl_access.o
                                 0x38 (size before relaxing)
                0x80005b44                memory_2_ram
 .text.memory_2_usb
                0x80005b70       0x2c src/asf/common/services/storage/ctrl_access/ctrl_access.o
                                 0x3c (size before relaxing)
                0x80005b70                memory_2_usb
 .text.ui_start_write
                0x80005b9c        0xc src/asf/common/services/usb/class/composite/device/example3/at32uc3b0256_evk1101/ui.o
                                 0x10 (size before relaxing)
                0x80005b9c                ui_start_write
 .text.ui_start_read
                0x80005ba8        0xc src/asf/common/services/usb/class/composite/device/example3/at32uc3b0256_evk1101/ui.o
                                 0x10 (size before relaxing)
                0x80005ba8                ui_start_read
 .text.ui_wakeup
                0x80005bb4        0xc src/asf/common/services/usb/class/composite/device/example3/at32uc3b0256_evk1101/ui.o
                                 0x10 (size before relaxing)
                0x80005bb4                ui_wakeup
 .text.ui_stop_write
                0x80005bc0        0xc src/asf/common/services/usb/class/composite/device/example3/at32uc3b0256_evk1101/ui.o
                                 0x10 (size before relaxing)
                0x80005bc0                ui_stop_write
 .text.ui_stop_read
                0x80005bcc        0xc src/asf/common/services/usb/class/composite/device/example3/at32uc3b0256_evk1101/ui.o
                                 0x10 (size before relaxing)
                0x80005bcc                ui_stop_read
 .text.ui_powerdown
                0x80005bd8       0x10 src/asf/common/services/usb/class/composite/device/example3/at32uc3b0256_evk1101/ui.o
                                 0x14 (size before relaxing)
                0x80005bd8                ui_powerdown
 .text.ui_init  0x80005be8       0x28 src/asf/common/services/usb/class/composite/device/example3/at32uc3b0256_evk1101/ui.o
                                 0x34 (size before relaxing)
                0x80005be8                ui_init
 .text.ui_wakeup_isr
                0x80005c10       0x1c src/asf/common/services/usb/class/composite/device/example3/at32uc3b0256_evk1101/ui.o
                                 0x28 (size before relaxing)
 .text.udi_hid_kbd_getsetting
                0x80005c2c        0x2 src/asf/common/services/usb/class/hid/device/kbd/udi_hid_kbd.o
                0x80005c2c                udi_hid_kbd_getsetting
 *fill*         0x80005c2e        0x2 d703d703
 .text.udi_hid_kbd_setreport
                0x80005c30       0x38 src/asf/common/services/usb/class/hid/device/kbd/udi_hid_kbd.o
                                 0x3c (size before relaxing)
 .text.udi_hid_kbd_send_report
                0x80005c68       0x3c src/asf/common/services/usb/class/hid/device/kbd/udi_hid_kbd.o
                                 0x48 (size before relaxing)
 .text.udi_hid_kbd_report_sent
                0x80005ca4       0x1c src/asf/common/services/usb/class/hid/device/kbd/udi_hid_kbd.o
                                 0x24 (size before relaxing)
 .text.udi_hid_kbd_down
                0x80005cc0       0x54 src/asf/common/services/usb/class/hid/device/kbd/udi_hid_kbd.o
                                 0x5c (size before relaxing)
                0x80005cc0                udi_hid_kbd_down
 .text.udi_hid_kbd_up
                0x80005d14       0x6c src/asf/common/services/usb/class/hid/device/kbd/udi_hid_kbd.o
                                 0x70 (size before relaxing)
                0x80005d14                udi_hid_kbd_up
 .text.udi_hid_kbd_modifier_down
                0x80005d80       0x24 src/asf/common/services/usb/class/hid/device/kbd/udi_hid_kbd.o
                                 0x2c (size before relaxing)
                0x80005d80                udi_hid_kbd_modifier_down
 .text.udi_hid_kbd_modifier_up
                0x80005da4       0x24 src/asf/common/services/usb/class/hid/device/kbd/udi_hid_kbd.o
                                 0x30 (size before relaxing)
                0x80005da4                udi_hid_kbd_modifier_up
 .text.udi_hid_kbd_setup
                0x80005dc8       0x14 src/asf/common/services/usb/class/hid/device/kbd/udi_hid_kbd.o
                                 0x24 (size before relaxing)
                0x80005dc8                udi_hid_kbd_setup
 .text.udi_hid_kbd_setreport_valid
                0x80005ddc       0x10 src/asf/common/services/usb/class/hid/device/kbd/udi_hid_kbd.o
                                 0x14 (size before relaxing)
 .text.udi_hid_kbd_disable
                0x80005dec        0x8 src/asf/common/services/usb/class/hid/device/kbd/udi_hid_kbd.o
                                  0xc (size before relaxing)
                0x80005dec                udi_hid_kbd_disable
 .text.udi_hid_kbd_enable
                0x80005df4       0x30 src/asf/common/services/usb/class/hid/device/kbd/udi_hid_kbd.o
                                 0x3c (size before relaxing)
                0x80005df4                udi_hid_kbd_enable
 .text.udi_hid_setup
                0x80005e24       0xd8 src/asf/common/services/usb/class/hid/device/udi_hid.o
                                 0xdc (size before relaxing)
                0x80005e24                udi_hid_setup
 .text.udi_msc_getsetting
                0x80005efc        0x2 src/asf/common/services/usb/class/msc/device/udi_msc.o
                0x80005efc                udi_msc_getsetting
 *fill*         0x80005efe        0x2 d703d703
 .text.udi_msc_trans_ack
                0x80005f00       0x14 src/asf/common/services/usb/class/msc/device/udi_msc.o
                                 0x18 (size before relaxing)
 .text.udi_msc_trans_block
                0x80005f14       0x70 src/asf/common/services/usb/class/msc/device/udi_msc.o
                                 0x78 (size before relaxing)
                0x80005f14                udi_msc_trans_block
 .text.udi_msc_sense_pass
                0x80005f84       0x24 src/asf/common/services/usb/class/msc/device/udi_msc.o
                                 0x2c (size before relaxing)
 .text.udi_msc_csw_send
                0x80005fa8       0x28 src/asf/common/services/usb/class/msc/device/udi_msc.o
                                 0x34 (size before relaxing)
                0x80005fa8                udi_msc_csw_send
 .text.udi_msc_csw_process
                0x80005fd0       0x40 src/asf/common/services/usb/class/msc/device/udi_msc.o
                                 0x48 (size before relaxing)
 .text.udi_msc_data_sent
                0x80006010       0x18 src/asf/common/services/usb/class/msc/device/udi_msc.o
                                 0x28 (size before relaxing)
 .text.udi_msc_cbw_wait
                0x80006028       0x24 src/asf/common/services/usb/class/msc/device/udi_msc.o
                                 0x30 (size before relaxing)
 .text.udi_msc_csw_sent
                0x8000604c        0x8 src/asf/common/services/usb/class/msc/device/udi_msc.o
                                  0xc (size before relaxing)
 .text.udi_msc_cbw_invalid
                0x80006054       0x24 src/asf/common/services/usb/class/msc/device/udi_msc.o
                                 0x30 (size before relaxing)
 .text.udi_msc_csw_invalid
                0x80006078       0x28 src/asf/common/services/usb/class/msc/device/udi_msc.o
                                 0x34 (size before relaxing)
 .text.udi_msc_setup
                0x800060a0       0x88 src/asf/common/services/usb/class/msc/device/udi_msc.o
                                 0x98 (size before relaxing)
                0x800060a0                udi_msc_setup
 .text.udi_msc_disable
                0x80006128       0x10 src/asf/common/services/usb/class/msc/device/udi_msc.o
                                 0x18 (size before relaxing)
                0x80006128                udi_msc_disable
 .text.udi_msc_enable
                0x80006138       0x30 src/asf/common/services/usb/class/msc/device/udi_msc.o
                                 0x44 (size before relaxing)
                0x80006138                udi_msc_enable
 .text.T.62     0x80006168       0x38 src/asf/common/services/usb/class/msc/device/udi_msc.o
                                 0x40 (size before relaxing)
 .text.udi_msc_data_send
                0x800061a0       0x20 src/asf/common/services/usb/class/msc/device/udi_msc.o
                                 0x34 (size before relaxing)
 .text.udi_msc_cbw_validate
                0x800061c0       0x30 src/asf/common/services/usb/class/msc/device/udi_msc.o
                                 0x40 (size before relaxing)
 .text.udi_msc_spc_mode_sense
                0x800061f0       0xa8 src/asf/common/services/usb/class/msc/device/udi_msc.o
                                 0xb8 (size before relaxing)
 .text.udi_msc_sbc_trans
                0x80006298       0x74 src/asf/common/services/usb/class/msc/device/udi_msc.o
                                 0x94 (size before relaxing)
 .text.udi_msc_cbw_received
                0x8000630c      0x234 src/asf/common/services/usb/class/msc/device/udi_msc.o
                                0x288 (size before relaxing)
 .text.udi_msc_process_trans
                0x80006540       0x74 src/asf/common/services/usb/class/msc/device/udi_msc.o
                                 0x94 (size before relaxing)
                0x80006540                udi_msc_process_trans
 .text.udc_get_interface_desc
                0x800065b4        0x8 src/asf/common/services/usb/udc/udc.o
                                  0xc (size before relaxing)
                0x800065b4                udc_get_interface_desc
 .text.udc_update_iface_desc
                0x800065bc       0x7c src/asf/common/services/usb/udc/udc.o
 .text.udc_sof_notify
                0x80006638       0x3c src/asf/common/services/usb/udc/udc.o
                                 0x40 (size before relaxing)
                0x80006638                udc_sof_notify
 .text.udc_valid_address
                0x80006674       0x14 src/asf/common/services/usb/udc/udc.o
                                 0x18 (size before relaxing)
 .text.udc_iface_enable
                0x80006688       0x84 src/asf/common/services/usb/udc/udc.o
                                 0x94 (size before relaxing)
 .text.udc_iface_disable
                0x8000670c       0x7c src/asf/common/services/usb/udc/udc.o
                                 0x8c (size before relaxing)
 .text.udc_reset
                0x80006788       0x40 src/asf/common/services/usb/udc/udc.o
                                 0x4c (size before relaxing)
                0x80006788                udc_reset
 .text.udc_process_setup
                0x800067c8      0x384 src/asf/common/services/usb/udc/udc.o
                                0x3d8 (size before relaxing)
                0x800067c8                udc_process_setup
 .text.udc_start
                0x80006b4c        0x8 src/asf/common/services/usb/udc/udc.o
                                  0xc (size before relaxing)
                0x80006b4c                udc_start
 .text.main_keyboard_enable
                0x80006b54        0xc src/main.o
                                 0x10 (size before relaxing)
                0x80006b54                main_keyboard_enable
 .text.main_keyboard_disable
                0x80006b60        0xc src/main.o
                0x80006b60                main_keyboard_disable
 .text.main_msc_enable
                0x80006b6c        0xc src/main.o
                                 0x10 (size before relaxing)
                0x80006b6c                main_msc_enable
 .text.main_msc_disable
                0x80006b78        0xc src/main.o
                0x80006b78                main_msc_disable
 .text.ui_kbd_led
                0x80006b84        0x2 src/main.o
                0x80006b84                ui_kbd_led
 *fill*         0x80006b86        0x2 d703d703
 .text.process_frame
                0x80006b88      0x17c src/main.o
                                0x198 (size before relaxing)
                0x80006b88                process_frame
 .text.main_sof_action
                0x80006d04       0x1c src/main.o
                                 0x28 (size before relaxing)
                0x80006d04                main_sof_action
 .text.main_resume_action
                0x80006d20        0x8 src/main.o
                                  0xc (size before relaxing)
                0x80006d20                main_resume_action
 .text.main_suspend_action
                0x80006d28        0x8 src/main.o
                                  0xc (size before relaxing)
                0x80006d28                main_suspend_action
 .text.main_vbus_action
                0x80006d30       0x14 src/main.o
                                 0x1c (size before relaxing)
                0x80006d30                main_vbus_action
 .text.memories_initialization
                0x80006d44       0x74 src/main.o
                                 0x8c (size before relaxing)
                0x80006d44                memories_initialization
 .text.main     0x80006db8      0x1f4 src/main.o
                                0x264 (size before relaxing)
                0x80006db8                main
 .text          0x80006fac      0x148 c:/program files (x86)/atmel/atmel studio 6.0/extensions/atmel/avrgcc/3.4.1.95/avrtoolchain/bin/../lib/gcc/avr32/4.4.3/../../../../avr32/lib/ucr1\libc.a(lib_a-memcpy.o)
                0x80006fac                memcpy
 .text.memset   0x800070f4        0xe c:/program files (x86)/atmel/atmel studio 6.0/extensions/atmel/avrgcc/3.4.1.95/avrtoolchain/bin/../lib/gcc/avr32/4.4.3/../../../../avr32/lib/ucr1\libc.a(lib_a-memset.o)
                0x800070f4                memset
 *(.text.*personality*)
 *(.gnu.warning)

.exception      0x80007200      0x200
 .exception     0x80007200      0x200 src/asf/avr32/drivers/intc/exception.o
                0x80007200                _evba
                0x80007304                _int0
                0x80007312                _int1
                0x80007320                _int2
                0x8000732e                _int3

.fini
 *(.fini)
                0x80007400                PROVIDE (__etext, .)
                0x80007400                PROVIDE (_etext, .)
                0x80007400                PROVIDE (etext, .)

.rodata         0x80007400      0x284
 *(.rodata .rodata.* .gnu.linkonce.r.*)
 .rodata.SD_MMC_SPI_GPIO_MAP.9672
                0x80007400       0x20 src/asf/avr32/boards/evk1101/init.o
 .rodata.LED_DESCRIPTOR
                0x80007420       0x40 src/asf/avr32/boards/evk1101/led.o
 .rodata._int_handler_table
                0x80007460       0x90 src/asf/avr32/drivers/intc/intc.o
 .rodata.lun_desc
                0x800074f0       0x24 src/asf/common/services/storage/ctrl_access/ctrl_access.o
 .rodata.str1.4
                0x80007514       0x10 src/asf/common/services/storage/ctrl_access/ctrl_access.o
 .rodata.process_frame
                0x80007524       0x28 src/main.o
 .rodata.injectFile
                0x8000754c        0x4 src/main.o
 .rodata.str1.4
                0x80007550       0x20 src/main.o
 .rodata.C.78.12070
                0x80007570       0x10 src/main.o
 .rodata._ctype_
                0x80007580      0x104 c:/program files (x86)/atmel/atmel studio 6.0/extensions/atmel/avrgcc/3.4.1.95/avrtoolchain/bin/../lib/gcc/avr32/4.4.3/../../../../avr32/lib/ucr1\libc.a(lib_a-ctype_.o)
                0x80007580                _ctype_

.rodata1
 *(.rodata1)

.eh_frame_hdr
 *(.eh_frame_hdr)

.eh_frame
 *(.eh_frame)

.gcc_except_table
 *(.gcc_except_table)
 *(.gcc_except_table.*)

.lalign         0x80007684        0x4
                0x80007688                . = ALIGN (0x8)
 *fill*         0x80007684        0x4 00
                0x80007688                PROVIDE (_data_lma, .)
                0x00000004                . = ORIGIN (INTRAM)

.dalign         0x00000004        0x4
                0x00000008                . = ALIGN (0x8)
 *fill*         0x00000004        0x4 00
                0x00000008                PROVIDE (_data, .)

.eh_frame
 *(.eh_frame)

.gcc_except_table
 *(.gcc_except_table)
 *(.gcc_except_table.*)

.tdata
 *(.tdata .tdata.* .gnu.linkonce.td.*)

.tbss
 *(.tbss .tbss.* .gnu.linkonce.tb.*)
 *(.tcommon)
                0x00000008                PROVIDE (__preinit_array_start, ALIGN (0x4))

.preinit_array
 *(.preinit_array)
                0x00000008                PROVIDE (__preinit_array_end, .)
                0x00000008                PROVIDE (__init_array_start, .)

.init_array
 *(.init_array)
                0x00000008                PROVIDE (__init_array_end, .)
                0x00000008                PROVIDE (__fini_array_start, .)

.fini_array
 *(.fini_array)
                0x00000008                PROVIDE (__fini_array_end, .)

.ctors
 *crtbegin*.o(.ctors)
 *(EXCLUDE_FILE(*crtend*.o) .ctors)
 *(SORT(.ctors.*))
 *(.ctors)

.dtors
 *crtbegin*.o(.dtors)
 *(EXCLUDE_FILE(*crtend*.o) .dtors)
 *(SORT(.dtors.*))
 *(.dtors)

.jcr
 *(.jcr)

.data.rel.ro
 *(.data.rel.ro.local)
 *(.data.rel.ro*)

.dynamic
 *(.dynamic)

.got
 *(.got.plt)
 *(.got)

.ramtext
 *(.ramtext .ramtext.*)

.ddalign        0x00000008        0x0 load address 0x80007688
                0x00000008                . = ALIGN (0x8)

.data           0x00000008      0x168 load address 0x80007688
 *(.data .data.* .gnu.linkonce.d.*)
 .data.sd_mmc_spi_presence_status
                0x00000008        0x1 src/asf/avr32/components/memory/sd_mmc/sd_mmc_spi/sd_mmc_spi_mem.o
                0x00000008                sd_mmc_spi_presence_status
 *fill*         0x00000009        0x3 00
 .data.LED_State
                0x0000000c        0x4 src/asf/avr32/boards/evk1101/led.o
 .data.udc_config_lsfs
                0x00000010        0x8 src/asf/common/services/usb/class/composite/device/udi_composite_desc.o
                0x00000010                udc_config_lsfs
 .data.udi_apis
                0x00000018        0x8 src/asf/common/services/usb/class/composite/device/udi_composite_desc.o
                0x00000018                udi_apis
 .data.udc_config
                0x00000020        0x8 src/asf/common/services/usb/class/composite/device/udi_composite_desc.o
                0x00000020                udc_config
 .data.udc_device_desc
                0x00000028       0x14 src/asf/common/services/usb/class/composite/device/udi_composite_desc.o
                0x00000028                udc_device_desc
 .data.udc_desc_fs
                0x0000003c       0x3c src/asf/common/services/usb/class/composite/device/udi_composite_desc.o
                0x0000003c                udc_desc_fs
 .data.udi_hid_kbd_report_desc
                0x00000078       0x3b src/asf/common/services/usb/class/hid/device/kbd/udi_hid_kbd.o
                0x00000078                udi_hid_kbd_report_desc
 *fill*         0x000000b3        0x1 00
 .data.udi_api_hid_kbd
                0x000000b4       0x14 src/asf/common/services/usb/class/hid/device/kbd/udi_hid_kbd.o
                0x000000b4                udi_api_hid_kbd
 .data.udi_msc_b_ack_trans
                0x000000c8        0x1 src/asf/common/services/usb/class/msc/device/udi_msc.o
                0x000000c8                udi_msc_b_ack_trans
 *fill*         0x000000c9        0x3 00
 .data.udi_api_msc
                0x000000cc       0x14 src/asf/common/services/usb/class/msc/device/udi_msc.o
                0x000000cc                udi_api_msc
 .data.udi_msc_inquiry_data.10556
                0x000000e0       0x24 src/asf/common/services/usb/class/msc/device/udi_msc.o
 .data.udi_msc_csw
                0x00000104       0x10 src/asf/common/services/usb/class/msc/device/udi_msc.o
 .data.udc_string_product_name
                0x00000114       0x18 src/asf/common/services/usb/udc/udc.o
 .data.udc_string_manufacturer_name
                0x0000012c        0x8 src/asf/common/services/usb/udc/udc.o
 .data.udc_string_desc
                0x00000134       0x2c src/asf/common/services/usb/udc/udc.o
 .data.udc_string_desc_languageid
                0x00000160        0x4 src/asf/common/services/usb/udc/udc.o
 .data.vidpidFile
                0x00000164        0x4 src/main.o
                0x00000164                vidpidFile
 .data.state.12083
                0x00000168        0x4 src/main.o
 .data.__ctype_ptr
                0x0000016c        0x4 c:/program files (x86)/atmel/atmel studio 6.0/extensions/atmel/avrgcc/3.4.1.95/avrtoolchain/bin/../lib/gcc/avr32/4.4.3/../../../../avr32/lib/ucr1\libc.a(lib_a-ctype_.o)
                0x0000016c                __ctype_ptr
 *(.gnu.linkonce.d.*personality*)

.data1
 *(.data1)

.balign         0x00000170        0x0 load address 0x800077f0
                0x00000170                . = ALIGN (0x8)
                0x00000170                PROVIDE (_edata, .)
                0x00000170                PROVIDE (edata, .)
                0x00000170                __bss_start = .

.bss            0x00000170     0x2900
 *(.dynbss)
 *(.bss .bss.* .gnu.linkonce.b.*)
 .bss.gl_ptr_mem
                0x00000170        0x4 src/asf/avr32/components/memory/sd_mmc/sd_mmc_spi/sd_mmc_spi.o
 .bss.sector_buf
                0x00000174      0x200 src/asf/avr32/components/memory/sd_mmc/sd_mmc_spi/sd_mmc_spi.o
 .bss.sd_mmc_opt
                0x00000374       0x10 src/asf/avr32/components/memory/sd_mmc/sd_mmc_spi/sd_mmc_spi.o
 .bss.sd_mmc_pba_hz
                0x00000384        0x4 src/asf/avr32/components/memory/sd_mmc/sd_mmc_spi/sd_mmc_spi.o
 .bss.sd_mmc_spi_init_done
                0x00000388        0x1 src/asf/avr32/components/memory/sd_mmc/sd_mmc_spi/sd_mmc_spi.o
                0x00000388                sd_mmc_spi_init_done
 *fill*         0x00000389        0x3 00
 .bss._int_line_handler_table_6
                0x0000038c        0x4 src/asf/avr32/drivers/intc/intc.o
 .bss._int_line_handler_table_7
                0x00000390        0x4 src/asf/avr32/drivers/intc/intc.o
 .bss._int_line_handler_table_8
                0x00000394        0x4 src/asf/avr32/drivers/intc/intc.o
 .bss._int_line_handler_table_9
                0x00000398        0x4 src/asf/avr32/drivers/intc/intc.o
 .bss._int_line_handler_table_10
                0x0000039c        0x4 src/asf/avr32/drivers/intc/intc.o
 .bss._int_line_handler_table_11
                0x000003a0        0x4 src/asf/avr32/drivers/intc/intc.o
 .bss._int_line_handler_table_12
                0x000003a4        0x4 src/asf/avr32/drivers/intc/intc.o
 .bss._int_line_handler_table_13
                0x000003a8        0x4 src/asf/avr32/drivers/intc/intc.o
 .bss._int_line_handler_table_14
                0x000003ac        0xc src/asf/avr32/drivers/intc/intc.o
 .bss._int_line_handler_table_15
                0x000003b8        0x4 src/asf/avr32/drivers/intc/intc.o
 .bss._int_line_handler_table_16
                0x000003bc        0x4 src/asf/avr32/drivers/intc/intc.o
 .bss._int_line_handler_table_17
                0x000003c0        0x4 src/asf/avr32/drivers/intc/intc.o
 .bss._int_line_handler_table_0
                0x000003c4        0x4 src/asf/avr32/drivers/intc/intc.o
 .bss._int_line_handler_table_1
                0x000003c8       0x2c src/asf/avr32/drivers/intc/intc.o
 .bss._int_line_handler_table_2
                0x000003f4       0x18 src/asf/avr32/drivers/intc/intc.o
 .bss._int_line_handler_table_3
                0x0000040c       0x1c src/asf/avr32/drivers/intc/intc.o
 .bss._int_line_handler_table_4
                0x00000428        0x4 src/asf/avr32/drivers/intc/intc.o
 .bss._int_line_handler_table_5
                0x0000042c        0x4 src/asf/avr32/drivers/intc/intc.o
 .bss.udd_ctrl_prev_payload_nb_trans
                0x00000430        0x2 src/asf/avr32/drivers/usbb/usbb_device.o
 *fill*         0x00000432        0x2 00
 .bss.udd_ep_job
                0x00000434       0x3c src/asf/avr32/drivers/usbb/usbb_device.o
 .bss.b_shortpacket.11443
                0x00000470        0x1 src/asf/avr32/drivers/usbb/usbb_device.o
 .bss.udd_b_idle
                0x00000471        0x1 src/asf/avr32/drivers/usbb/usbb_device.o
 .bss.udd_ctrl_payload_nb_trans
                0x00000472        0x2 src/asf/avr32/drivers/usbb/usbb_device.o
 .bss.udd_ep_control_state
                0x00000474        0x4 src/asf/avr32/drivers/usbb/usbb_device.o
 .bss.sysclk_pbb_refcount
                0x00000478        0x1 src/asf/common/services/clock/uc3b0_b1/sysclk.o
 .bss.udi_hid_kbd_b_report_valid
                0x00000479        0x1 src/asf/common/services/usb/class/hid/device/kbd/udi_hid_kbd.o
 .bss.udi_hid_kbd_b_report_trans_ongoing
                0x0000047a        0x1 src/asf/common/services/usb/class/hid/device/kbd/udi_hid_kbd.o
 *fill*         0x0000047b        0x1 00
 .bss.udi_hid_kbd_report_trans
                0x0000047c        0x8 src/asf/common/services/usb/class/hid/device/kbd/udi_hid_kbd.o
 .bss.udi_hid_kbd_protocol
                0x00000484        0x1 src/asf/common/services/usb/class/hid/device/kbd/udi_hid_kbd.o
 .bss.udi_hid_kbd_report_set
                0x00000485        0x1 src/asf/common/services/usb/class/hid/device/kbd/udi_hid_kbd.o
 *fill*         0x00000486        0x2 00
 .bss.udi_hid_kbd_report
                0x00000488        0x8 src/asf/common/services/usb/class/hid/device/kbd/udi_hid_kbd.o
 .bss.udi_hid_kbd_rate
                0x00000490        0x1 src/asf/common/services/usb/class/hid/device/kbd/udi_hid_kbd.o
 *fill*         0x00000491        0x3 00
 .bss.udi_msc_nb_lun
                0x00000494        0x4 src/asf/common/services/usb/class/msc/device/udi_msc.o
 .bss.udi_msc_b_trans_req
                0x00000498        0x1 src/asf/common/services/usb/class/msc/device/udi_msc.o
 *fill*         0x00000499        0x3 00
 .bss.udi_msc_cbw
                0x0000049c       0x20 src/asf/common/services/usb/class/msc/device/udi_msc.o
 .bss.sense.10624
                0x000004bc       0x14 src/asf/common/services/usb/class/msc/device/udi_msc.o
 .bss.udi_msc_b_cbw_invalid
                0x000004d0        0x1 src/asf/common/services/usb/class/msc/device/udi_msc.o
 *fill*         0x000004d1        0x3 00
 .bss.udi_msc_capacity.10658
                0x000004d4        0x8 src/asf/common/services/usb/class/msc/device/udi_msc.o
 .bss.udi_msc_nb_block
                0x000004dc        0x2 src/asf/common/services/usb/class/msc/device/udi_msc.o
 *fill*         0x000004de        0x2 00
 .bss.udi_msc_addr
                0x000004e0        0x4 src/asf/common/services/usb/class/msc/device/udi_msc.o
 .bss.udi_msc_sense
                0x000004e4       0x14 src/asf/common/services/usb/class/msc/device/udi_msc.o
 .bss.udi_msc_b_read
                0x000004f8        0x1 src/asf/common/services/usb/class/msc/device/udi_msc.o
 .bss.udc_iface_setting.10281
                0x000004f9        0x1 src/asf/common/services/usb/udc/udc.o
 *fill*         0x000004fa        0x2 00
 .bss.udc_ptr_conf
                0x000004fc        0x4 src/asf/common/services/usb/udc/udc.o
 .bss.udc_ep_status.10069
                0x00000500        0x2 src/asf/common/services/usb/udc/udc.o
 .bss.udc_device_status
                0x00000502        0x2 src/asf/common/services/usb/udc/udc.o
 .bss.udc_num_configuration
                0x00000504        0x1 src/asf/common/services/usb/udc/udc.o
 *fill*         0x00000505        0x3 00
 .bss.udc_ptr_iface
                0x00000508        0x4 src/asf/common/services/usb/udc/udc.o
 .bss.cpt_sof.12082
                0x0000050c        0x1 src/main.o
 .bss.serial_len
                0x0000050d        0x1 src/main.o
 .bss.main_b_keyboard_enable
                0x0000050e        0x1 src/main.o
 *fill*         0x0000050f        0x1 00
 .bss.debounce.12085
                0x00000510        0x2 src/main.o
 .bss.main_b_msc_enable
                0x00000512        0x1 src/main.o
 *fill*         0x00000513        0x1 00
 .bss.inject_array
                0x00000514     0x2000 src/main.o
 .bss.wait.12084
                0x00002514        0x1 src/main.o
 *fill*         0x00002515        0x1 00
 .bss.injectToken.12086
                0x00002516        0x2 src/main.o
 .bss.a.12087   0x00002518        0x4 src/main.o
 .bss.serial    0x0000251c        0xc src/main.o
 .bss.serial_p  0x00002528        0x4 src/main.o
 *(COMMON)
 COMMON         0x0000252c      0x229 src/asf/avr32/components/memory/sd_mmc/sd_mmc_spi/sd_mmc_spi.o
                0x0000252c                data_mem
                0x00002730                capacity
                0x00002738                capacity_mult
                0x0000273a                erase_group_size
                0x0000273c                sd_mmc_spi_last_block_address
                0x00002740                r2
                0x00002742                card_type
                0x00002744                csd
                0x00002754                r1
 *fill*         0x00002755        0x3 00
 COMMON         0x00002758      0x2ec src/asf/avr32/services/fs/fat/fat.o
                0x00002758                fs_gu32_addrsector
                0x0000275c                fs_g_nav_entry
                0x0000276c                fs_g_u16_pos_fat
                0x0000276e                g_b_no_check_disk
                0x00002770                fs_g_cache_clusterlist
                0x00002798                fs_g_sector
                0x00002998                fs_g_nav
                0x000029cc                fs_g_navext_entry
                0x000029dc                fs_g_navext_fast
                0x000029e0                fs_g_nav_fast
                0x000029e4                fs_g_status
                0x000029e5                g_b_string_length
                0x000029e6                fs_g_u8_current_cache
                0x000029e8                fs_g_navext
                0x00002a1c                fs_g_sectorcache
                0x00002a30                g_b_unicode
                0x00002a34                fs_g_cluster
                0x00002a3c                fs_g_seg
 COMMON         0x00002a44        0x1 src/asf/avr32/services/fs/fat/navigation.o
                0x00002a44                fs_g_u8_nav_selected
 *fill*         0x00002a45        0x3 00
 COMMON         0x00002a48       0x18 src/asf/avr32/drivers/usbb/usbb_device.o
                0x00002a48                udd_g_ctrlreq
 COMMON         0x00002a60        0x7 src/asf/common/services/sleepmgr/uc3/sleepmgr.o
                0x00002a60                sleepmgr_locks
 COMMON         0x00002a67        0x1 src/asf/common/services/usb/class/msc/device/udi_msc.o
                0x00002a67                udi_msc_b_abort_trans
 COMMON         0x00002a68        0x4 src/main.o
                0x00002a68                pid
                0x00002a6a                vid
                0x00002a70                . = ALIGN (0x8)
 *fill*         0x00002a6c        0x4 00
                0x00002a70                . = ALIGN (0x8)
                0x00002a70                _end = .
                0x00002a70                PROVIDE (end, .)
                0x00002a70                __heap_start__ = ALIGN (0x8)

.heap           0x00002a70     0x4590
 *(.heap)
                0x00004590                . = (__heap_size__ == __max_heap_size__)?(((ORIGIN (INTRAM) + 0x7ffc) - __stack_size__) - ABSOLUTE (.)):__heap_size__
 *fill*         0x00002a70     0x4590 00
                0x00007000                __heap_end__ = .

.stab
 *(.stab)

.stabstr
 *(.stabstr)

.stab.excl
 *(.stab.excl)

.stab.exclstr
 *(.stab.exclstr)

.stab.index
 *(.stab.index)

.stab.indexstr
 *(.stab.indexstr)

.comment        0x00000000       0x30
 *(.comment)
 .comment       0x00000000       0x30 src/asf/avr32/components/memory/sd_mmc/sd_mmc_spi/sd_mmc_spi.o
                                 0x31 (size before relaxing)
 .comment       0x00000000       0x31 src/asf/avr32/services/fs/fat/fat.o
 .comment       0x00000000       0x31 src/asf/avr32/services/fs/fat/fat_unusual.o
 .comment       0x00000000       0x31 src/asf/avr32/services/fs/fat/file.o
 .comment       0x00000000       0x31 src/asf/avr32/services/fs/fat/navigation.o
 .comment       0x00000000       0x31 src/asf/avr32/components/memory/sd_mmc/sd_mmc_spi/sd_mmc_spi_mem.o
 .comment       0x00000000       0x31 src/asf/avr32/boards/evk1101/init.o
 .comment       0x00000000       0x31 src/asf/avr32/boards/evk1101/led.o
 .comment       0x00000000       0x31 src/asf/avr32/drivers/eic/eic.o
 .comment       0x00000000       0x31 src/asf/avr32/drivers/flashc/flashc.o
 .comment       0x00000000       0x31 src/asf/avr32/drivers/gpio/gpio.o
 .comment       0x00000000       0x31 src/asf/avr32/drivers/intc/intc.o
 .comment       0x00000000       0x31 src/asf/avr32/drivers/spi/spi.o
 .comment       0x00000000       0x31 src/asf/avr32/drivers/usbb/usbb_device.o
 .comment       0x00000000       0x31 src/asf/common/services/clock/uc3b0_b1/sysclk.o
 .comment       0x00000000       0x31 src/asf/common/services/sleepmgr/uc3/sleepmgr.o
 .comment       0x00000000       0x31 src/asf/common/services/storage/ctrl_access/ctrl_access.o
 .comment       0x00000000       0x31 src/asf/common/services/usb/class/composite/device/example3/at32uc3b0256_evk1101/ui.o
 .comment       0x00000000       0x31 src/asf/common/services/usb/class/composite/device/udi_composite_desc.o
 .comment       0x00000000       0x31 src/asf/common/services/usb/class/hid/device/kbd/udi_hid_kbd.o
 .comment       0x00000000       0x31 src/asf/common/services/usb/class/hid/device/udi_hid.o
 .comment       0x00000000       0x31 src/asf/common/services/usb/class/msc/device/udi_msc.o
 .comment       0x00000000       0x31 src/asf/common/services/usb/udc/udc.o
 .comment       0x00000000       0x31 src/main.o
 .comment       0x00000000       0x31 c:/program files (x86)/atmel/atmel studio 6.0/extensions/atmel/avrgcc/3.4.1.95/avrtoolchain/bin/../lib/gcc/avr32/4.4.3/../../../../avr32/lib/ucr1\libc.a(lib_a-ctype_.o)
 .comment       0x00000000       0x31 c:/program files (x86)/atmel/atmel studio 6.0/extensions/atmel/avrgcc/3.4.1.95/avrtoolchain/bin/../lib/gcc/avr32/4.4.3/../../../../avr32/lib/ucr1\libc.a(lib_a-memset.o)

.debug
 *(.debug)

.line
 *(.line)

.debug_srcinfo
 *(.debug_srcinfo)

.debug_sfnames
 *(.debug_sfnames)

.debug_aranges  0x00000000       0x20
 *(.debug_aranges)
 .debug_aranges
                0x00000000       0x20 c:/program files (x86)/atmel/atmel studio 6.0/extensions/atmel/avrgcc/3.4.1.95/avrtoolchain/bin/../lib/gcc/avr32/4.4.3/../../../../avr32/lib/ucr1\libc.a(lib_a-memset.o)

.debug_pubnames
                0x00000000       0x4b
 *(.debug_pubnames)
 .debug_pubnames
                0x00000000       0x2e c:/program files (x86)/atmel/atmel studio 6.0/extensions/atmel/avrgcc/3.4.1.95/avrtoolchain/bin/../lib/gcc/avr32/4.4.3/../../../../avr32/lib/ucr1\libc.a(lib_a-ctype_.o)
 .debug_pubnames
                0x0000002e       0x1d c:/program files (x86)/atmel/atmel studio 6.0/extensions/atmel/avrgcc/3.4.1.95/avrtoolchain/bin/../lib/gcc/avr32/4.4.3/../../../../avr32/lib/ucr1\libc.a(lib_a-memset.o)

.debug_info     0x00000000      0x13e
 *(.debug_info .gnu.linkonce.wi.*)
 .debug_info    0x00000000       0x71 c:/program files (x86)/atmel/atmel studio 6.0/extensions/atmel/avrgcc/3.4.1.95/avrtoolchain/bin/../lib/gcc/avr32/4.4.3/../../../../avr32/lib/ucr1\libc.a(lib_a-ctype_.o)
 .debug_info    0x00000071       0xcd c:/program files (x86)/atmel/atmel studio 6.0/extensions/atmel/avrgcc/3.4.1.95/avrtoolchain/bin/../lib/gcc/avr32/4.4.3/../../../../avr32/lib/ucr1\libc.a(lib_a-memset.o)

.debug_abbrev   0x00000000       0xde
 *(.debug_abbrev)
 .debug_abbrev  0x00000000       0x59 c:/program files (x86)/atmel/atmel studio 6.0/extensions/atmel/avrgcc/3.4.1.95/avrtoolchain/bin/../lib/gcc/avr32/4.4.3/../../../../avr32/lib/ucr1\libc.a(lib_a-ctype_.o)
 .debug_abbrev  0x00000059       0x85 c:/program files (x86)/atmel/atmel studio 6.0/extensions/atmel/avrgcc/3.4.1.95/avrtoolchain/bin/../lib/gcc/avr32/4.4.3/../../../../avr32/lib/ucr1\libc.a(lib_a-memset.o)

.debug_line     0x00000000      0x1f4
 *(.debug_line)
 .debug_line    0x00000000       0x78 c:/program files (x86)/atmel/atmel studio 6.0/extensions/atmel/avrgcc/3.4.1.95/avrtoolchain/bin/../lib/gcc/avr32/4.4.3/../../../../avr32/lib/ucr1\libc.a(lib_a-ctype_.o)
 .debug_line    0x00000078      0x17c c:/program files (x86)/atmel/atmel studio 6.0/extensions/atmel/avrgcc/3.4.1.95/avrtoolchain/bin/../lib/gcc/avr32/4.4.3/../../../../avr32/lib/ucr1\libc.a(lib_a-memset.o)

.debug_frame    0x00000000     0x2cd4
 *(.debug_frame)
 .debug_frame   0x00000000      0x3b4 src/asf/avr32/components/memory/sd_mmc/sd_mmc_spi/sd_mmc_spi.o
 .debug_frame   0x000003b4      0x438 src/asf/avr32/services/fs/fat/fat.o
 .debug_frame   0x000007ec      0x104 src/asf/avr32/services/fs/fat/fat_unusual.o
 .debug_frame   0x000008f0      0x170 src/asf/avr32/services/fs/fat/file.o
 .debug_frame   0x00000a60      0x634 src/asf/avr32/services/fs/fat/navigation.o
 .debug_frame   0x00001094      0x158 src/asf/avr32/components/memory/sd_mmc/sd_mmc_spi/sd_mmc_spi_mem.o
 .debug_frame   0x000011ec       0x28 src/asf/avr32/boards/evk1101/init.o
 .debug_frame   0x00001214      0x114 src/asf/avr32/boards/evk1101/led.o
 .debug_frame   0x00001328      0x134 src/asf/avr32/drivers/eic/eic.o
 .debug_frame   0x0000145c      0x72c src/asf/avr32/drivers/flashc/flashc.o
 .debug_frame   0x00001b88      0x1fc src/asf/avr32/drivers/gpio/gpio.o
 .debug_frame   0x00001d84       0x64 src/asf/avr32/drivers/intc/intc.o
 .debug_frame   0x00001de8      0x168 src/asf/avr32/drivers/spi/spi.o
 .debug_frame   0x00001f50      0x360 src/asf/avr32/drivers/usbb/usbb_device.o
 .debug_frame   0x000022b0      0x10c src/asf/common/services/clock/uc3b0_b1/sysclk.o
 .debug_frame   0x000023bc      0x150 src/asf/common/services/storage/ctrl_access/ctrl_access.o
 .debug_frame   0x0000250c      0x124 src/asf/common/services/usb/class/composite/device/example3/at32uc3b0256_evk1101/ui.o
 .debug_frame   0x00002630      0x15c src/asf/common/services/usb/class/hid/device/kbd/udi_hid_kbd.o
 .debug_frame   0x0000278c       0x34 src/asf/common/services/usb/class/hid/device/udi_hid.o
 .debug_frame   0x000027c0      0x24c src/asf/common/services/usb/class/msc/device/udi_msc.o
 .debug_frame   0x00002a0c      0x14c src/asf/common/services/usb/udc/udc.o
 .debug_frame   0x00002b58      0x15c src/main.o
 .debug_frame   0x00002cb4       0x20 c:/program files (x86)/atmel/atmel studio 6.0/extensions/atmel/avrgcc/3.4.1.95/avrtoolchain/bin/../lib/gcc/avr32/4.4.3/../../../../avr32/lib/ucr1\libc.a(lib_a-memset.o)

.debug_str      0x00000000      0x12d
 *(.debug_str)
 .debug_str     0x00000000       0x77 c:/program files (x86)/atmel/atmel studio 6.0/extensions/atmel/avrgcc/3.4.1.95/avrtoolchain/bin/../lib/gcc/avr32/4.4.3/../../../../avr32/lib/ucr1\libc.a(lib_a-ctype_.o)
                                 0x7c (size before relaxing)
 .debug_str     0x00000077       0xb6 c:/program files (x86)/atmel/atmel studio 6.0/extensions/atmel/avrgcc/3.4.1.95/avrtoolchain/bin/../lib/gcc/avr32/4.4.3/../../../../avr32/lib/ucr1\libc.a(lib_a-memset.o)
                                 0xfb (size before relaxing)

.debug_loc
 *(.debug_loc)

.debug_macinfo
 *(.debug_macinfo)

.debug_weaknames
 *(.debug_weaknames)

.debug_funcnames
 *(.debug_funcnames)

.debug_typenames
 *(.debug_typenames)

.debug_varnames
 *(.debug_varnames)

.stack          0x00007000     0x1000
                0x00007000                _stack = .
 *(.stack)
                0x00001000                . = __stack_size__
 *fill*         0x00007000     0x1000 00
                0x00008000                _estack = .

.userpage
 *(.userpage .userpage.*)

/DISCARD/
 *(.note.GNU-stack)
OUTPUT(Composite_Duck.elf elf32-avr32)

.debug_ranges   0x00000000       0x18
 .debug_ranges  0x00000000       0x18 c:/program files (x86)/atmel/atmel studio 6.0/extensions/atmel/avrgcc/3.4.1.95/avrtoolchain/bin/../lib/gcc/avr32/4.4.3/../../../../avr32/lib/ucr1\libc.a(lib_a-memset.o)
